main.c:96:6:ADC_Task	16	static
main.c:109:6:DHT_Task	16	static
main.c:126:6:SDCARD_Task	32	static
main.c:153:5:main	16	static
main.c:225:6:SystemClock_Config	88	static
main.c:270:13:MX_ADC1_Init	24	static
main.c:315:13:MX_SPI1_Init	8	static
main.c:353:13:MX_TIM1_Init	32	static
main.c:399:13:MX_TIM3_Init	32	static
main.c:444:13:MX_USART1_UART_Init	8	static
main.c:477:13:MX_GPIO_Init	40	static
main.c:516:6:HAL_TIM_PeriodElapsedCallback	24	static,ignoring_inline_asm
main.c:552:6:Error_Handler	4	static
