Archive member included to satisfy reference by file (symbol)

/home/odemki/Programs/programs/STM32IDE/1/en.en-st-stm32cubeide_1-5-0_8698_20201117_1050_amd64_sh/makeself_dir_5QpOGP/y/plugins/com.st.stm32cube.ide.mcu.externaltools.gnu-tools-for-stm32.9-2020-q2-update.linux64_2.0.0.202105311346/tools/bin/../lib/gcc/arm-none-eabi/9.3.1/../../../../arm-none-eabi/lib/thumb/v7e-m+fp/hard/libc_nano.a(lib_a-errno.o)
                              ./Core/Src/syscalls.o (__errno)
/home/odemki/Programs/programs/STM32IDE/1/en.en-st-stm32cubeide_1-5-0_8698_20201117_1050_amd64_sh/makeself_dir_5QpOGP/y/plugins/com.st.stm32cube.ide.mcu.externaltools.gnu-tools-for-stm32.9-2020-q2-update.linux64_2.0.0.202105311346/tools/bin/../lib/gcc/arm-none-eabi/9.3.1/../../../../arm-none-eabi/lib/thumb/v7e-m+fp/hard/libc_nano.a(lib_a-exit.o)
                              /home/odemki/Programs/programs/STM32IDE/1/en.en-st-stm32cubeide_1-5-0_8698_20201117_1050_amd64_sh/makeself_dir_5QpOGP/y/plugins/com.st.stm32cube.ide.mcu.externaltools.gnu-tools-for-stm32.9-2020-q2-update.linux64_2.0.0.202105311346/tools/bin/../lib/gcc/arm-none-eabi/9.3.1/../../../../arm-none-eabi/lib/thumb/v7e-m+fp/hard/crt0.o (exit)
/home/odemki/Programs/programs/STM32IDE/1/en.en-st-stm32cubeide_1-5-0_8698_20201117_1050_amd64_sh/makeself_dir_5QpOGP/y/plugins/com.st.stm32cube.ide.mcu.externaltools.gnu-tools-for-stm32.9-2020-q2-update.linux64_2.0.0.202105311346/tools/bin/../lib/gcc/arm-none-eabi/9.3.1/../../../../arm-none-eabi/lib/thumb/v7e-m+fp/hard/libc_nano.a(lib_a-impure.o)
                              /home/odemki/Programs/programs/STM32IDE/1/en.en-st-stm32cubeide_1-5-0_8698_20201117_1050_amd64_sh/makeself_dir_5QpOGP/y/plugins/com.st.stm32cube.ide.mcu.externaltools.gnu-tools-for-stm32.9-2020-q2-update.linux64_2.0.0.202105311346/tools/bin/../lib/gcc/arm-none-eabi/9.3.1/../../../../arm-none-eabi/lib/thumb/v7e-m+fp/hard/libc_nano.a(lib_a-exit.o) (_global_impure_ptr)
/home/odemki/Programs/programs/STM32IDE/1/en.en-st-stm32cubeide_1-5-0_8698_20201117_1050_amd64_sh/makeself_dir_5QpOGP/y/plugins/com.st.stm32cube.ide.mcu.externaltools.gnu-tools-for-stm32.9-2020-q2-update.linux64_2.0.0.202105311346/tools/bin/../lib/gcc/arm-none-eabi/9.3.1/../../../../arm-none-eabi/lib/thumb/v7e-m+fp/hard/libc_nano.a(lib_a-init.o)
                              /home/odemki/Programs/programs/STM32IDE/1/en.en-st-stm32cubeide_1-5-0_8698_20201117_1050_amd64_sh/makeself_dir_5QpOGP/y/plugins/com.st.stm32cube.ide.mcu.externaltools.gnu-tools-for-stm32.9-2020-q2-update.linux64_2.0.0.202105311346/tools/bin/../lib/gcc/arm-none-eabi/9.3.1/../../../../arm-none-eabi/lib/thumb/v7e-m+fp/hard/crt0.o (__libc_init_array)
/home/odemki/Programs/programs/STM32IDE/1/en.en-st-stm32cubeide_1-5-0_8698_20201117_1050_amd64_sh/makeself_dir_5QpOGP/y/plugins/com.st.stm32cube.ide.mcu.externaltools.gnu-tools-for-stm32.9-2020-q2-update.linux64_2.0.0.202105311346/tools/bin/../lib/gcc/arm-none-eabi/9.3.1/../../../../arm-none-eabi/lib/thumb/v7e-m+fp/hard/libc_nano.a(lib_a-memcpy-stub.o)
                              ./Middlewares/Third_Party/FreeRTOS/Source/queue.o (memcpy)
/home/odemki/Programs/programs/STM32IDE/1/en.en-st-stm32cubeide_1-5-0_8698_20201117_1050_amd64_sh/makeself_dir_5QpOGP/y/plugins/com.st.stm32cube.ide.mcu.externaltools.gnu-tools-for-stm32.9-2020-q2-update.linux64_2.0.0.202105311346/tools/bin/../lib/gcc/arm-none-eabi/9.3.1/../../../../arm-none-eabi/lib/thumb/v7e-m+fp/hard/libc_nano.a(lib_a-memset.o)
                              /home/odemki/Programs/programs/STM32IDE/1/en.en-st-stm32cubeide_1-5-0_8698_20201117_1050_amd64_sh/makeself_dir_5QpOGP/y/plugins/com.st.stm32cube.ide.mcu.externaltools.gnu-tools-for-stm32.9-2020-q2-update.linux64_2.0.0.202105311346/tools/bin/../lib/gcc/arm-none-eabi/9.3.1/../../../../arm-none-eabi/lib/thumb/v7e-m+fp/hard/crt0.o (memset)
/home/odemki/Programs/programs/STM32IDE/1/en.en-st-stm32cubeide_1-5-0_8698_20201117_1050_amd64_sh/makeself_dir_5QpOGP/y/plugins/com.st.stm32cube.ide.mcu.externaltools.gnu-tools-for-stm32.9-2020-q2-update.linux64_2.0.0.202105311346/tools/bin/../lib/gcc/arm-none-eabi/9.3.1/../../../../arm-none-eabi/lib/thumb/v7e-m+fp/hard/libc_nano.a(lib_a-sprintf.o)
                              ./Core/File_Handling_RTOS.o (sprintf)
/home/odemki/Programs/programs/STM32IDE/1/en.en-st-stm32cubeide_1-5-0_8698_20201117_1050_amd64_sh/makeself_dir_5QpOGP/y/plugins/com.st.stm32cube.ide.mcu.externaltools.gnu-tools-for-stm32.9-2020-q2-update.linux64_2.0.0.202105311346/tools/bin/../lib/gcc/arm-none-eabi/9.3.1/../../../../arm-none-eabi/lib/thumb/v7e-m+fp/hard/libc_nano.a(lib_a-strcmp.o)
                              ./Core/File_Handling_RTOS.o (strcmp)
[...]
Memory Configuration

Name             Origin             Length             Attributes
RAM              0x0000000020000000 0x0000000000020000 xrw
FLASH            0x0000000008000000 0x0000000000080000 xr
*default*        0x0000000000000000 0xffffffffffffffff

Linker script and memory map

LOAD /home/odemki/Programs/programs/STM32IDE/1/en.en-st-stm32cubeide_1-5-0_8698_20201117_1050_amd64_sh/makeself_dir_5QpOGP/y/plugins/com.st.stm32cube.ide.mcu.externaltools.gnu-tools-for-stm32.9-2020-q2-update.linux64_2.0.0.202105311346/tools/bin/../lib/gcc/arm-none-eabi/9.3.1/thumb/v7e-m+fp/hard/crti.o
LOAD /home/odemki/Programs/programs/STM32IDE/1/en.en-st-stm32cubeide_1-5-0_8698_20201117_1050_amd64_sh/makeself_dir_5QpOGP/y/plugins/com.st.stm32cube.ide.mcu.externaltools.gnu-tools-for-stm32.9-2020-q2-update.linux64_2.0.0.202105311346/tools/bin/../lib/gcc/arm-none-eabi/9.3.1/thumb/v7e-m+fp/hard/crtbegin.o
LOAD /home/odemki/Programs/programs/STM32IDE/1/en.en-st-stm32cubeide_1-5-0_8698_20201117_1050_amd64_sh/makeself_dir_5QpOGP/y/plugins/com.st.stm32cube.ide.mcu.externaltools.gnu-tools-for-stm32.9-2020-q2-update.linux64_2.0.0.202105311346/tools/bin/../lib/gcc/arm-none-eabi/9.3.1/../../../../arm-none-eabi/lib/thumb/v7e-m+fp/hard/crt0.o
LOAD ./Core/DHT11.o
LOAD ./Core/File_Handling_RTOS.o
LOAD ./Core/fatfs_sd.o
LOAD ./Core/Src/DHT11.o
LOAD ./Core/Src/File_Handling_RTOS.o
LOAD ./Core/Src/fatfs_sd.o
LOAD ./Core/Src/freertos.o
LOAD ./Core/Src/main.o
LOAD ./Core/Src/stm32f4xx_hal_msp.o
LOAD ./Core/Src/stm32f4xx_hal_timebase_tim.o
LOAD ./Core/Src/stm32f4xx_it.o
LOAD ./Core/Src/syscalls.o
LOAD ./Core/Src/sysmem.o
LOAD ./Core/Src/system_stm32f4xx.o
LOAD ./Core/Startup/startup_stm32f446retx.o
LOAD ./Drivers/STM32F4xx_HAL_Driver/Src/stm32f4xx_hal.o
LOAD ./Drivers/STM32F4xx_HAL_Driver/Src/stm32f4xx_hal_adc.o
LOAD ./Drivers/STM32F4xx_HAL_Driver/Src/stm32f4xx_hal_adc_ex.o
LOAD ./Drivers/STM32F4xx_HAL_Driver/Src/stm32f4xx_hal_cortex.o
LOAD ./Drivers/STM32F4xx_HAL_Driver/Src/stm32f4xx_hal_dma.o
LOAD ./Drivers/STM32F4xx_HAL_Driver/Src/stm32f4xx_hal_dma_ex.o
LOAD ./Drivers/STM32F4xx_HAL_Driver/Src/stm32f4xx_hal_exti.o
LOAD ./Drivers/STM32F4xx_HAL_Driver/Src/stm32f4xx_hal_flash.o
LOAD ./Drivers/STM32F4xx_HAL_Driver/Src/stm32f4xx_hal_flash_ex.o
LOAD ./Drivers/STM32F4xx_HAL_Driver/Src/stm32f4xx_hal_flash_ramfunc.o
LOAD ./Drivers/STM32F4xx_HAL_Driver/Src/stm32f4xx_hal_gpio.o
LOAD ./Drivers/STM32F4xx_HAL_Driver/Src/stm32f4xx_hal_pwr.o
LOAD ./Drivers/STM32F4xx_HAL_Driver/Src/stm32f4xx_hal_pwr_ex.o
LOAD ./Drivers/STM32F4xx_HAL_Driver/Src/stm32f4xx_hal_rcc.o
LOAD ./Drivers/STM32F4xx_HAL_Driver/Src/stm32f4xx_hal_rcc_ex.o
LOAD ./Drivers/STM32F4xx_HAL_Driver/Src/stm32f4xx_hal_spi.o
LOAD ./Drivers/STM32F4xx_HAL_Driver/Src/stm32f4xx_hal_tim.o
LOAD ./Drivers/STM32F4xx_HAL_Driver/Src/stm32f4xx_hal_tim_ex.o
LOAD ./Drivers/STM32F4xx_HAL_Driver/Src/stm32f4xx_hal_uart.o
LOAD ./FATFS/App/fatfs.o
LOAD ./FATFS/Target/user_diskio.o
LOAD ./Middlewares/Third_Party/FatFs/src/diskio.o
LOAD ./Middlewares/Third_Party/FatFs/src/ff.o
LOAD ./Middlewares/Third_Party/FatFs/src/ff_gen_drv.o
LOAD ./Middlewares/Third_Party/FatFs/src/option/syscall.o
LOAD ./Middlewares/Third_Party/FreeRTOS/Source/CMSIS_RTOS/cmsis_os.o
LOAD ./Middlewares/Third_Party/FreeRTOS/Source/croutine.o
LOAD ./Middlewares/Third_Party/FreeRTOS/Source/event_groups.o
LOAD ./Middlewares/Third_Party/FreeRTOS/Source/list.o
LOAD ./Middlewares/Third_Party/FreeRTOS/Source/queue.o
LOAD ./Middlewares/Third_Party/FreeRTOS/Source/stream_buffer.o
LOAD ./Middlewares/Third_Party/FreeRTOS/Source/tasks.o
LOAD ./Middlewares/Third_Party/FreeRTOS/Source/timers.o
LOAD ./Middlewares/Third_Party/FreeRTOS/Source/portable/GCC/ARM_CM4F/port.o
LOAD ./Middlewares/Third_Party/FreeRTOS/Source/portable/MemMang/heap_4.o
START GROUP
LOAD /home/odemki/Programs/programs/STM32IDE/1/en.en-st-stm32cubeide_1-5-0_8698_20201117_1050_amd64_sh/makeself_dir_5QpOGP/y/plugins/com.st.stm32cube.ide.mcu.externaltools.gnu-tools-for-stm32.9-2020-q2-update.linux64_2.0.0.202105311346/tools/bin/../lib/gcc/arm-none-eabi/9.3.1/../../../../arm-none-eabi/lib/thumb/v7e-m+fp/hard/libc_nano.a
LOAD /home/odemki/Programs/programs/STM32IDE/1/en.en-st-stm32cubeide_1-5-0_8698_20201117_1050_amd64_sh/makeself_dir_5QpOGP/y/plugins/com.st.stm32cube.ide.mcu.externaltools.gnu-tools-for-stm32.9-2020-q2-update.linux64_2.0.0.202105311346/tools/bin/../lib/gcc/arm-none-eabi/9.3.1/../../../../arm-none-eabi/lib/thumb/v7e-m+fp/hard/libm.a
END GROUP
START GROUP
LOAD /home/odemki/Programs/programs/STM32IDE/1/en.en-st-stm32cubeide_1-5-0_8698_20201117_1050_amd64_sh/makeself_dir_5QpOGP/y/plugins/com.st.stm32cube.ide.mcu.externaltools.gnu-tools-for-stm32.9-2020-q2-update.linux64_2.0.0.202105311346/tools/bin/../lib/gcc/arm-none-eabi/9.3.1/thumb/v7e-m+fp/hard/libgcc.a
LOAD /home/odemki/Programs/programs/STM32IDE/1/en.en-st-stm32cubeide_1-5-0_8698_20201117_1050_amd64_sh/makeself_dir_5QpOGP/y/plugins/com.st.stm32cube.ide.mcu.externaltools.gnu-tools-for-stm32.9-2020-q2-update.linux64_2.0.0.202105311346/tools/bin/../lib/gcc/arm-none-eabi/9.3.1/../../../../arm-none-eabi/lib/thumb/v7e-m+fp/hard/libc_nano.a
END GROUP
START GROUP
LOAD /home/odemki/Programs/programs/STM32IDE/1/en.en-st-stm32cubeide_1-5-0_8698_20201117_1050_amd64_sh/makeself_dir_5QpOGP/y/plugins/com.st.stm32cube.ide.mcu.externaltools.gnu-tools-for-stm32.9-2020-q2-update.linux64_2.0.0.202105311346/tools/bin/../lib/gcc/arm-none-eabi/9.3.1/thumb/v7e-m+fp/hard/libgcc.a
LOAD /home/odemki/Programs/programs/STM32IDE/1/en.en-st-stm32cubeide_1-5-0_8698_20201117_1050_amd64_sh/makeself_dir_5QpOGP/y/plugins/com.st.stm32cube.ide.mcu.externaltools.gnu-tools-for-stm32.9-2020-q2-update.linux64_2.0.0.202105311346/tools/bin/../lib/gcc/arm-none-eabi/9.3.1/../../../../arm-none-eabi/lib/thumb/v7e-m+fp/hard/libc_nano.a
LOAD /home/odemki/Programs/programs/STM32IDE/1/en.en-st-stm32cubeide_1-5-0_8698_20201117_1050_amd64_sh/makeself_dir_5QpOGP/y/plugins/com.st.stm32cube.ide.mcu.externaltools.gnu-tools-for-stm32.9-2020-q2-update.linux64_2.0.0.202105311346/tools/bin/../lib/gcc/arm-none-eabi/9.3.1/../../../../arm-none-eabi/lib/thumb/v7e-m+fp/hard/libnosys.a
END GROUP
START GROUP
LOAD /home/odemki/Programs/programs/STM32IDE/1/en.en-st-stm32cubeide_1-5-0_8698_20201117_1050_amd64_sh/makeself_dir_5QpOGP/y/plugins/com.st.stm32cube.ide.mcu.externaltools.gnu-tools-for-stm32.9-2020-q2-update.linux64_2.0.0.202105311346/tools/bin/../lib/gcc/arm-none-eabi/9.3.1/thumb/v7e-m+fp/hard/libgcc.a
LOAD /home/odemki/Programs/programs/STM32IDE/1/en.en-st-stm32cubeide_1-5-0_8698_20201117_1050_amd64_sh/makeself_dir_5QpOGP/y/plugins/com.st.stm32cube.ide.mcu.externaltools.gnu-tools-for-stm32.9-2020-q2-update.linux64_2.0.0.202105311346/tools/bin/../lib/gcc/arm-none-eabi/9.3.1/../../../../arm-none-eabi/lib/thumb/v7e-m+fp/hard/libc_nano.a
LOAD /home/odemki/Programs/programs/STM32IDE/1/en.en-st-stm32cubeide_1-5-0_8698_20201117_1050_amd64_sh/makeself_dir_5QpOGP/y/plugins/com.st.stm32cube.ide.mcu.externaltools.gnu-tools-for-stm32.9-2020-q2-update.linux64_2.0.0.202105311346/tools/bin/../lib/gcc/arm-none-eabi/9.3.1/../../../../arm-none-eabi/lib/thumb/v7e-m+fp/hard/libnosys.a
END GROUP
LOAD /home/odemki/Programs/programs/STM32IDE/1/en.en-st-stm32cubeide_1-5-0_8698_20201117_1050_amd64_sh/makeself_dir_5QpOGP/y/plugins/com.st.stm32cube.ide.mcu.externaltools.gnu-tools-for-stm32.9-2020-q2-update.linux64_2.0.0.202105311346/tools/bin/../lib/gcc/arm-none-eabi/9.3.1/thumb/v7e-m+fp/hard/crtend.o
LOAD /home/odemki/Programs/programs/STM32IDE/1/en.en-st-stm32cubeide_1-5-0_8698_20201117_1050_amd64_sh/makeself_dir_5QpOGP/y/plugins/com.st.stm32cube.ide.mcu.externaltools.gnu-tools-for-stm32.9-2020-q2-update.linux64_2.0.0.202105311346/tools/bin/../lib/gcc/arm-none-eabi/9.3.1/thumb/v7e-m+fp/hard/crtn.o
                0x0000000020020000                _estack = (ORIGIN (RAM) + LENGTH (RAM))
                0x0000000000000200                _Min_Heap_Size = 0x200
                0x0000000000000400                _Min_Stack_Size = 0x400

.isr_vector     0x0000000008000000      0x1c4
                0x0000000008000000                . = ALIGN (0x4)
 *(.isr_vector)
 .isr_vector    0x0000000008000000      0x1c4 ./Core/Startup/startup_stm32f446retx.o
                0x0000000008000000                g_pfnVectors
                0x00000000080001c4                . = ALIGN (0x4)

.text           0x00000000080001d0     0xadf4
                0x00000000080001d0                . = ALIGN (0x4)
 *(.text)
 .text          0x00000000080001d0       0x40 /home/odemki/Programs/programs/STM32IDE/1/en.en-st-stm32cubeide_1-5-0_8698_20201117_1050_amd64_sh/makeself_dir_5QpOGP/y/plugins/com.st.stm32cube.ide.mcu.externaltools.gnu-tools-for-stm32.9-2020-q2-update.linux64_2.0.0.202105311346/tools/bin/../lib/gcc/arm-none-eabi/9.3.1/thumb/v7e-m+fp/hard/crtbegin.o
 .text          0x0000000008000210       0x14 /home/odemki/Programs/programs/STM32IDE/1/en.en-st-stm32cubeide_1-5-0_8698_20201117_1050_amd64_sh/makeself_dir_5QpOGP/y/plugins/com.st.stm32cube.ide.mcu.externaltools.gnu-tools-for-stm32.9-2020-q2-update.linux64_2.0.0.202105311346/tools/bin/../lib/gcc/arm-none-eabi/9.3.1/../../../../arm-none-eabi/lib/thumb/v7e-m+fp/hard/libc_nano.a(lib_a-strcmp.o)
                0x0000000008000210                strcmp
 .text          0x0000000008000224       0x10 /home/odemki/Programs/programs/STM32IDE/1/en.en-st-stm32cubeide_1-5-0_8698_20201117_1050_amd64_sh/makeself_dir_5QpOGP/y/plugins/com.st.stm32cube.ide.mcu.externaltools.gnu-tools-for-stm32.9-2020-q2-update.linux64_2.0.0.202105311346/tools/bin/../lib/gcc/arm-none-eabi/9.3.1/../../../../arm-none-eabi/lib/thumb/v7e-m+fp/hard/libc_nano.a(lib_a-strlen.o)
                0x0000000008000224                strlen
 *fill*         0x0000000008000234        0xc 
 .text          0x0000000008000240       0xa0 /home/odemki/Programs/programs/STM32IDE/1/en.en-st-stm32cubeide_1-5-0_8698_20201117_1050_amd64_sh/makeself_dir_5QpOGP/y/plugins/com.st.stm32cube.ide.mcu.externaltools.gnu-tools-for-stm32.9-2020-q2-update.linux64_2.0.0.202105311346/tools/bin/../lib/gcc/arm-none-eabi/9.3.1/../../../../arm-none-eabi/lib/thumb/v7e-m+fp/hard/libc_nano.a(lib_a-memchr.o)
                0x0000000008000240                memchr
 .text          0x00000000080002e0       0x30 /home/odemki/Programs/programs/STM32IDE/1/en.en-st-stm32cubeide_1-5-0_8698_20201117_1050_amd64_sh/makeself_dir_5QpOGP/y/plugins/com.st.stm32cube.ide.mcu.externaltools.gnu-tools-for-stm32.9-2020-q2-update.linux64_2.0.0.202105311346/tools/bin/../lib/gcc/arm-none-eabi/9.3.1/thumb/v7e-m+fp/hard/libgcc.a(_aeabi_uldivmod.o)
                0x00000000080002e0                __aeabi_uldivmod
 .text          0x0000000008000310      0x2c4 /home/odemki/Programs/programs/STM32IDE/1/en.en-st-stm32cubeide_1-5-0_8698_20201117_1050_amd64_sh/makeself_dir_5QpOGP/y/plugins/com.st.stm32cube.ide.mcu.externaltools.gnu-tools-for-stm32.9-2020-q2-update.linux64_2.0.0.202105311346/tools/bin/../lib/gcc/arm-none-eabi/9.3.1/thumb/v7e-m+fp/hard/libgcc.a(_udivmoddi4.o)
                0x0000000008000310                __udivmoddi4
 .text          0x00000000080005d4        0x4 /home/odemki/Programs/programs/STM32IDE/1/en.en-st-stm32cubeide_1-5-0_8698_20201117_1050_amd64_sh/makeself_dir_5QpOGP/y/plugins/com.st.stm32cube.ide.mcu.externaltools.gnu-tools-for-stm32.9-2020-q2-update.linux64_2.0.0.202105311346/tools/bin/../lib/gcc/arm-none-eabi/9.3.1/thumb/v7e-m+fp/hard/libgcc.a(_dvmd_tls.o)
                0x00000000080005d4                __aeabi_ldiv0
                0x00000000080005d4                __aeabi_idiv0
 *(.text*)
 .text.DHT_Delay
                0x00000000080005d8       0x34 ./Core/DHT11.o
                0x00000000080005d8                DHT_Delay
 .text.Set_Pin_Output
                0x000000000800060c       0x3c ./Core/DHT11.o
                0x000000000800060c                Set_Pin_Output
 .text.Set_Pin_Input
                0x0000000008000648       0x3c ./Core/DHT11.o
                0x0000000008000648                Set_Pin_Input
 .text.DHT11_Start
                0x0000000008000684       0x40 ./Core/DHT11.o
                0x0000000008000684                DHT11_Start
 .text.DHT11_Check_Response
                0x00000000080006c4       0x5c ./Core/DHT11.o
                0x00000000080006c4                DHT11_Check_Response
 .text.DHT11_Read
                0x0000000008000720       0x90 ./Core/DHT11.o
                0x0000000008000720                DHT11_Read
 .text.DHT11_Get_Data
                0x00000000080007b0       0xc8 ./Core/DHT11.o
                0x00000000080007b0                DHT11_Get_Data
 .text.Send_Uart
                0x0000000008000878       0x2c ./Core/File_Handling_RTOS.o
                0x0000000008000878                Send_Uart
 .text.Mount_SD
                0x00000000080008a4       0x48 ./Core/File_Handling_RTOS.o
                0x00000000080008a4                Mount_SD
 .text.Unmount_SD
                0x00000000080008ec       0x44 ./Core/File_Handling_RTOS.o
                0x00000000080008ec                Unmount_SD
 .text.Format_SD
                0x0000000008000930       0xcc ./Core/File_Handling_RTOS.o
                0x0000000008000930                Format_SD
 .text.Create_File
                0x00000000080009fc      0x12c ./Core/File_Handling_RTOS.o
                0x00000000080009fc                Create_File
 .text.Update_File
                0x0000000008000b28      0x180 ./Core/File_Handling_RTOS.o
                0x0000000008000b28                Update_File
 .text.SELECT   0x0000000008000ca8       0x18 ./Core/fatfs_sd.o
 .text.DESELECT
                0x0000000008000cc0       0x18 ./Core/fatfs_sd.o
 .text.SPI_TxByte
                0x0000000008000cd8       0x34 ./Core/fatfs_sd.o
 .text.SPI_RxByte
                0x0000000008000d0c       0x3c ./Core/fatfs_sd.o
 .text.SPI_RxBytePtr
                0x0000000008000d48       0x1c ./Core/fatfs_sd.o
 .text.SD_ReadyWait
                0x0000000008000d64       0x38 ./Core/fatfs_sd.o
 .text.SD_PowerOn
                0x0000000008000d9c       0x98 ./Core/fatfs_sd.o
 .text.SD_PowerOff
                0x0000000008000e34       0x18 ./Core/fatfs_sd.o
 .text.SD_CheckPower
                0x0000000008000e4c       0x18 ./Core/fatfs_sd.o
 .text.SD_RxDataBlock
                0x0000000008000e64       0x6c ./Core/fatfs_sd.o
 .text.SD_TxDataBlock
                0x0000000008000ed0       0xa8 ./Core/fatfs_sd.o
 .text.SD_SendCmd
                0x0000000008000f78       0xa4 ./Core/fatfs_sd.o
 .text.SD_disk_initialize
                0x000000000800101c      0x1d4 ./Core/fatfs_sd.o
                0x000000000800101c                SD_disk_initialize
 .text.SD_disk_status
                0x00000000080011f0       0x2c ./Core/fatfs_sd.o
                0x00000000080011f0                SD_disk_status
 .text.SD_disk_read
                0x000000000800121c       0xd4 ./Core/fatfs_sd.o
                0x000000000800121c                SD_disk_read
 .text.SD_disk_write
                0x00000000080012f0      0x108 ./Core/fatfs_sd.o
                0x00000000080012f0                SD_disk_write
 .text.SD_disk_ioctl
                0x00000000080013f8      0x264 ./Core/fatfs_sd.o
                0x00000000080013f8                SD_disk_ioctl
 .text.vApplicationGetIdleTaskMemory
                0x000000000800165c       0x34 ./Core/Src/freertos.o
                0x000000000800165c                vApplicationGetIdleTaskMemory
 .text.ADC_Task
                0x0000000008001690       0x3c ./Core/Src/main.o
                0x0000000008001690                ADC_Task
 .text.DHT_Task
                0x00000000080016cc       0x48 ./Core/Src/main.o
                0x00000000080016cc                DHT_Task
 .text.SDCARD_Task
                0x0000000008001714       0x8c ./Core/Src/main.o
                0x0000000008001714                SDCARD_Task
 .text.main     0x00000000080017a0       0xe0 ./Core/Src/main.o
                0x00000000080017a0                main
 .text.SystemClock_Config
                0x0000000008001880       0xd8 ./Core/Src/main.o
                0x0000000008001880                SystemClock_Config
 .text.MX_ADC1_Init
                0x0000000008001958       0xa4 ./Core/Src/main.o
 .text.MX_SPI1_Init
                0x00000000080019fc       0x6c ./Core/Src/main.o
 .text.MX_TIM1_Init
                0x0000000008001a68       0xa4 ./Core/Src/main.o
 .text.MX_TIM7_Init
                0x0000000008001b0c       0x6c ./Core/Src/main.o
 .text.MX_USART2_UART_Init
                0x0000000008001b78       0x54 ./Core/Src/main.o
 .text.MX_GPIO_Init
                0x0000000008001bcc       0xbc ./Core/Src/main.o
 .text.HAL_TIM_PeriodElapsedCallback
                0x0000000008001c88       0x64 ./Core/Src/main.o
                0x0000000008001c88                HAL_TIM_PeriodElapsedCallback
 .text.Error_Handler
                0x0000000008001cec        0xe ./Core/Src/main.o
                0x0000000008001cec                Error_Handler
 *fill*         0x0000000008001cfa        0x2 
 .text.HAL_MspInit
                0x0000000008001cfc       0x58 ./Core/Src/stm32f4xx_hal_msp.o
                0x0000000008001cfc                HAL_MspInit
 .text.HAL_ADC_MspInit
                0x0000000008001d54       0x88 ./Core/Src/stm32f4xx_hal_msp.o
                0x0000000008001d54                HAL_ADC_MspInit
 .text.HAL_SPI_MspInit
                0x0000000008001ddc       0x90 ./Core/Src/stm32f4xx_hal_msp.o
                0x0000000008001ddc                HAL_SPI_MspInit
 .text.HAL_TIM_Base_MspInit
                0x0000000008001e6c       0x7c ./Core/Src/stm32f4xx_hal_msp.o
                0x0000000008001e6c                HAL_TIM_Base_MspInit
 .text.HAL_UART_MspInit
                0x0000000008001ee8       0x90 ./Core/Src/stm32f4xx_hal_msp.o
                0x0000000008001ee8                HAL_UART_MspInit
 .text.HAL_InitTick
                0x0000000008001f78       0xb4 ./Core/Src/stm32f4xx_hal_timebase_tim.o
                0x0000000008001f78                HAL_InitTick
 .text.SDTimer_Handler
                0x000000000800202c       0x48 ./Core/Src/stm32f4xx_it.o
                0x000000000800202c                SDTimer_Handler
 .text.NMI_Handler
                0x0000000008002074        0xe ./Core/Src/stm32f4xx_it.o
                0x0000000008002074                NMI_Handler
 .text.HardFault_Handler
                0x0000000008002082        0x6 ./Core/Src/stm32f4xx_it.o
                0x0000000008002082                HardFault_Handler
 .text.MemManage_Handler
                0x0000000008002088        0x6 ./Core/Src/stm32f4xx_it.o
                0x0000000008002088                MemManage_Handler
 .text.BusFault_Handler
                0x000000000800208e        0x6 ./Core/Src/stm32f4xx_it.o
                0x000000000800208e                BusFault_Handler
 .text.UsageFault_Handler
                0x0000000008002094        0x6 ./Core/Src/stm32f4xx_it.o
                0x0000000008002094                UsageFault_Handler
 .text.DebugMon_Handler
                0x000000000800209a        0xe ./Core/Src/stm32f4xx_it.o
                0x000000000800209a                DebugMon_Handler
 .text.TIM1_UP_TIM10_IRQHandler
                0x00000000080020a8       0x14 ./Core/Src/stm32f4xx_it.o
                0x00000000080020a8                TIM1_UP_TIM10_IRQHandler
 .text.TIM6_DAC_IRQHandler
                0x00000000080020bc       0x38 ./Core/Src/stm32f4xx_it.o
                0x00000000080020bc                TIM6_DAC_IRQHandler
 .text._sbrk    0x00000000080020f4       0x58 ./Core/Src/sysmem.o
                0x00000000080020f4                _sbrk
 .text.SystemInit
                0x000000000800214c       0x2c ./Core/Src/system_stm32f4xx.o
                0x000000000800214c                SystemInit
 .text.Reset_Handler
                0x0000000008002178       0x50 ./Core/Startup/startup_stm32f446retx.o
                0x0000000008002178                Reset_Handler
 .text.Default_Handler
                0x00000000080021c8        0x2 ./Core/Startup/startup_stm32f446retx.o
                0x00000000080021c8                RTC_Alarm_IRQHandler
                0x00000000080021c8                EXTI2_IRQHandler
                0x00000000080021c8                TIM8_CC_IRQHandler
                0x00000000080021c8                FMPI2C1_EV_IRQHandler
                0x00000000080021c8                SPI4_IRQHandler
                0x00000000080021c8                TIM1_CC_IRQHandler
                0x00000000080021c8                DMA2_Stream5_IRQHandler
                0x00000000080021c8                DMA1_Stream5_IRQHandler
                0x00000000080021c8                PVD_IRQHandler
                0x00000000080021c8                SDIO_IRQHandler
                0x00000000080021c8                TAMP_STAMP_IRQHandler
                0x00000000080021c8                CAN2_RX1_IRQHandler
                0x00000000080021c8                EXTI3_IRQHandler
                0x00000000080021c8                TIM8_TRG_COM_TIM14_IRQHandler
                0x00000000080021c8                TIM8_UP_TIM13_IRQHandler
                0x00000000080021c8                I2C3_ER_IRQHandler
                0x00000000080021c8                EXTI0_IRQHandler
                0x00000000080021c8                I2C2_EV_IRQHandler
                0x00000000080021c8                DMA1_Stream2_IRQHandler
                0x00000000080021c8                CAN1_RX0_IRQHandler
                0x00000000080021c8                FPU_IRQHandler
                0x00000000080021c8                OTG_HS_WKUP_IRQHandler
                0x00000000080021c8                CAN2_SCE_IRQHandler
                0x00000000080021c8                DMA2_Stream2_IRQHandler
                0x00000000080021c8                SPI1_IRQHandler
                0x00000000080021c8                TIM1_BRK_TIM9_IRQHandler
                0x00000000080021c8                DCMI_IRQHandler
                0x00000000080021c8                CAN2_RX0_IRQHandler
                0x00000000080021c8                DMA2_Stream3_IRQHandler
                0x00000000080021c8                SAI2_IRQHandler
                0x00000000080021c8                USART6_IRQHandler
                0x00000000080021c8                USART3_IRQHandler
                0x00000000080021c8                CAN1_RX1_IRQHandler
                0x00000000080021c8                UART5_IRQHandler
                0x00000000080021c8                DMA2_Stream0_IRQHandler
                0x00000000080021c8                TIM4_IRQHandler
                0x00000000080021c8                QUADSPI_IRQHandler
                0x00000000080021c8                I2C1_EV_IRQHandler
                0x00000000080021c8                DMA1_Stream6_IRQHandler
                0x00000000080021c8                DMA1_Stream1_IRQHandler
                0x00000000080021c8                UART4_IRQHandler
                0x00000000080021c8                TIM3_IRQHandler
                0x00000000080021c8                RCC_IRQHandler
                0x00000000080021c8                TIM8_BRK_TIM12_IRQHandler
                0x00000000080021c8                Default_Handler
                0x00000000080021c8                CEC_IRQHandler
                0x00000000080021c8                EXTI15_10_IRQHandler
                0x00000000080021c8                ADC_IRQHandler
                0x00000000080021c8                DMA1_Stream7_IRQHandler
                0x00000000080021c8                TIM7_IRQHandler
                0x00000000080021c8                CAN2_TX_IRQHandler
                0x00000000080021c8                TIM5_IRQHandler
                0x00000000080021c8                DMA2_Stream7_IRQHandler
                0x00000000080021c8                I2C3_EV_IRQHandler
                0x00000000080021c8                EXTI9_5_IRQHandler
                0x00000000080021c8                RTC_WKUP_IRQHandler
                0x00000000080021c8                SPDIF_RX_IRQHandler
                0x00000000080021c8                SPI2_IRQHandler
                0x00000000080021c8                OTG_HS_EP1_IN_IRQHandler
                0x00000000080021c8                DMA1_Stream0_IRQHandler
                0x00000000080021c8                CAN1_TX_IRQHandler
                0x00000000080021c8                FMPI2C1_ER_IRQHandler
                0x00000000080021c8                EXTI4_IRQHandler
                0x00000000080021c8                OTG_HS_EP1_OUT_IRQHandler
                0x00000000080021c8                WWDG_IRQHandler
                0x00000000080021c8                TIM2_IRQHandler
                0x00000000080021c8                OTG_FS_WKUP_IRQHandler
                0x00000000080021c8                TIM1_TRG_COM_TIM11_IRQHandler
                0x00000000080021c8                OTG_HS_IRQHandler
                0x00000000080021c8                EXTI1_IRQHandler
                0x00000000080021c8                USART2_IRQHandler
                0x00000000080021c8                I2C2_ER_IRQHandler
                0x00000000080021c8                DMA2_Stream1_IRQHandler
                0x00000000080021c8                CAN1_SCE_IRQHandler
                0x00000000080021c8                FLASH_IRQHandler
                0x00000000080021c8                DMA2_Stream4_IRQHandler
                0x00000000080021c8                USART1_IRQHandler
                0x00000000080021c8                OTG_FS_IRQHandler
                0x00000000080021c8                SPI3_IRQHandler
                0x00000000080021c8                DMA1_Stream4_IRQHandler
                0x00000000080021c8                I2C1_ER_IRQHandler
                0x00000000080021c8                FMC_IRQHandler
                0x00000000080021c8                DMA2_Stream6_IRQHandler
                0x00000000080021c8                SAI1_IRQHandler
                0x00000000080021c8                DMA1_Stream3_IRQHandler
 *fill*         0x00000000080021ca        0x2 
 .text.HAL_Init
                0x00000000080021cc       0x44 ./Drivers/STM32F4xx_HAL_Driver/Src/stm32f4xx_hal.o
                0x00000000080021cc                HAL_Init
 .text.HAL_IncTick
                0x0000000008002210       0x28 ./Drivers/STM32F4xx_HAL_Driver/Src/stm32f4xx_hal.o
                0x0000000008002210                HAL_IncTick
 .text.HAL_GetTick
                0x0000000008002238       0x18 ./Drivers/STM32F4xx_HAL_Driver/Src/stm32f4xx_hal.o
                0x0000000008002238                HAL_GetTick
 .text.HAL_ADC_Init
                0x0000000008002250       0x86 ./Drivers/STM32F4xx_HAL_Driver/Src/stm32f4xx_hal_adc.o
                0x0000000008002250                HAL_ADC_Init
 *fill*         0x00000000080022d6        0x2 
 .text.HAL_ADC_Start
                0x00000000080022d8      0x18c ./Drivers/STM32F4xx_HAL_Driver/Src/stm32f4xx_hal_adc.o
                0x00000000080022d8                HAL_ADC_Start
 .text.HAL_ADC_Stop
                0x0000000008002464       0x66 ./Drivers/STM32F4xx_HAL_Driver/Src/stm32f4xx_hal_adc.o
                0x0000000008002464                HAL_ADC_Stop
 .text.HAL_ADC_PollForConversion
                0x00000000080024ca      0x108 ./Drivers/STM32F4xx_HAL_Driver/Src/stm32f4xx_hal_adc.o
                0x00000000080024ca                HAL_ADC_PollForConversion
 .text.HAL_ADC_GetValue
                0x00000000080025d2       0x1a ./Drivers/STM32F4xx_HAL_Driver/Src/stm32f4xx_hal_adc.o
                0x00000000080025d2                HAL_ADC_GetValue
 .text.HAL_ADC_ConfigChannel
                0x00000000080025ec      0x264 ./Drivers/STM32F4xx_HAL_Driver/Src/stm32f4xx_hal_adc.o
                0x00000000080025ec                HAL_ADC_ConfigChannel
 .text.ADC_Init
                0x0000000008002850      0x1f8 ./Drivers/STM32F4xx_HAL_Driver/Src/stm32f4xx_hal_adc.o
 .text.__NVIC_SetPriorityGrouping
                0x0000000008002a48       0x48 ./Drivers/STM32F4xx_HAL_Driver/Src/stm32f4xx_hal_cortex.o
 .text.__NVIC_GetPriorityGrouping
                0x0000000008002a90       0x1c ./Drivers/STM32F4xx_HAL_Driver/Src/stm32f4xx_hal_cortex.o
 .text.__NVIC_EnableIRQ
                0x0000000008002aac       0x3c ./Drivers/STM32F4xx_HAL_Driver/Src/stm32f4xx_hal_cortex.o
 .text.__NVIC_SetPriority
                0x0000000008002ae8       0x54 ./Drivers/STM32F4xx_HAL_Driver/Src/stm32f4xx_hal_cortex.o
 .text.NVIC_EncodePriority
                0x0000000008002b3c       0x66 ./Drivers/STM32F4xx_HAL_Driver/Src/stm32f4xx_hal_cortex.o
 .text.HAL_NVIC_SetPriorityGrouping
                0x0000000008002ba2       0x16 ./Drivers/STM32F4xx_HAL_Driver/Src/stm32f4xx_hal_cortex.o
                0x0000000008002ba2                HAL_NVIC_SetPriorityGrouping
 .text.HAL_NVIC_SetPriority
                0x0000000008002bb8       0x38 ./Drivers/STM32F4xx_HAL_Driver/Src/stm32f4xx_hal_cortex.o
                0x0000000008002bb8                HAL_NVIC_SetPriority
 .text.HAL_NVIC_EnableIRQ
                0x0000000008002bf0       0x1c ./Drivers/STM32F4xx_HAL_Driver/Src/stm32f4xx_hal_cortex.o
                0x0000000008002bf0                HAL_NVIC_EnableIRQ
 .text.HAL_GPIO_Init
                0x0000000008002c0c      0x328 ./Drivers/STM32F4xx_HAL_Driver/Src/stm32f4xx_hal_gpio.o
                0x0000000008002c0c                HAL_GPIO_Init
 .text.HAL_GPIO_ReadPin
                0x0000000008002f34       0x30 ./Drivers/STM32F4xx_HAL_Driver/Src/stm32f4xx_hal_gpio.o
                0x0000000008002f34                HAL_GPIO_ReadPin
 .text.HAL_GPIO_WritePin
                0x0000000008002f64       0x32 ./Drivers/STM32F4xx_HAL_Driver/Src/stm32f4xx_hal_gpio.o
                0x0000000008002f64                HAL_GPIO_WritePin
 *fill*         0x0000000008002f96        0x2 
 .text.HAL_RCC_ClockConfig
                0x0000000008002f98      0x1cc ./Drivers/STM32F4xx_HAL_Driver/Src/stm32f4xx_hal_rcc.o
                0x0000000008002f98                HAL_RCC_ClockConfig
 .text.HAL_RCC_GetHCLKFreq
                0x0000000008003164       0x18 ./Drivers/STM32F4xx_HAL_Driver/Src/stm32f4xx_hal_rcc.o
                0x0000000008003164                HAL_RCC_GetHCLKFreq
 .text.HAL_RCC_GetPCLK1Freq
                0x000000000800317c       0x28 ./Drivers/STM32F4xx_HAL_Driver/Src/stm32f4xx_hal_rcc.o
                0x000000000800317c                HAL_RCC_GetPCLK1Freq
 .text.HAL_RCC_GetPCLK2Freq
                0x00000000080031a4       0x28 ./Drivers/STM32F4xx_HAL_Driver/Src/stm32f4xx_hal_rcc.o
                0x00000000080031a4                HAL_RCC_GetPCLK2Freq
 .text.HAL_RCC_GetClockConfig
                0x00000000080031cc       0x64 ./Drivers/STM32F4xx_HAL_Driver/Src/stm32f4xx_hal_rcc.o
                0x00000000080031cc                HAL_RCC_GetClockConfig
 .text.HAL_RCC_GetSysClockFreq
                0x0000000008003230      0x364 ./Drivers/STM32F4xx_HAL_Driver/Src/stm32f4xx_hal_rcc_ex.o
                0x0000000008003230                HAL_RCC_GetSysClockFreq
 .text.HAL_RCC_OscConfig
                0x0000000008003594      0x4b4 ./Drivers/STM32F4xx_HAL_Driver/Src/stm32f4xx_hal_rcc_ex.o
                0x0000000008003594                HAL_RCC_OscConfig
 .text.HAL_SPI_Init
                0x0000000008003a48       0xc8 ./Drivers/STM32F4xx_HAL_Driver/Src/stm32f4xx_hal_spi.o
                0x0000000008003a48                HAL_SPI_Init
 .text.HAL_SPI_Transmit
                0x0000000008003b10      0x268 ./Drivers/STM32F4xx_HAL_Driver/Src/stm32f4xx_hal_spi.o
                0x0000000008003b10                HAL_SPI_Transmit
 .text.HAL_SPI_TransmitReceive
                0x0000000008003d78      0x344 ./Drivers/STM32F4xx_HAL_Driver/Src/stm32f4xx_hal_spi.o
                0x0000000008003d78                HAL_SPI_TransmitReceive
 .text.HAL_SPI_GetState
                0x00000000080040bc       0x1c ./Drivers/STM32F4xx_HAL_Driver/Src/stm32f4xx_hal_spi.o
                0x00000000080040bc                HAL_SPI_GetState
 .text.SPI_WaitFlagStateUntilTimeout
                0x00000000080040d8       0xd4 ./Drivers/STM32F4xx_HAL_Driver/Src/stm32f4xx_hal_spi.o
 .text.SPI_EndRxTxTransaction
                0x00000000080041ac       0x84 ./Drivers/STM32F4xx_HAL_Driver/Src/stm32f4xx_hal_spi.o
 .text.HAL_TIM_Base_Init
                0x0000000008004230       0x56 ./Drivers/STM32F4xx_HAL_Driver/Src/stm32f4xx_hal_tim.o
                0x0000000008004230                HAL_TIM_Base_Init
 .text.HAL_TIM_Base_Start
                0x0000000008004286       0x48 ./Drivers/STM32F4xx_HAL_Driver/Src/stm32f4xx_hal_tim.o
                0x0000000008004286                HAL_TIM_Base_Start
 .text.HAL_TIM_Base_Start_IT
                0x00000000080042ce       0x48 ./Drivers/STM32F4xx_HAL_Driver/Src/stm32f4xx_hal_tim.o
                0x00000000080042ce                HAL_TIM_Base_Start_IT
 .text.HAL_TIM_IRQHandler
                0x0000000008004316      0x210 ./Drivers/STM32F4xx_HAL_Driver/Src/stm32f4xx_hal_tim.o
                0x0000000008004316                HAL_TIM_IRQHandler
 .text.HAL_TIM_ConfigClockSource
                0x0000000008004526      0x188 ./Drivers/STM32F4xx_HAL_Driver/Src/stm32f4xx_hal_tim.o
                0x0000000008004526                HAL_TIM_ConfigClockSource
 .text.HAL_TIM_OC_DelayElapsedCallback
                0x00000000080046ae       0x14 ./Drivers/STM32F4xx_HAL_Driver/Src/stm32f4xx_hal_tim.o
                0x00000000080046ae                HAL_TIM_OC_DelayElapsedCallback
 .text.HAL_TIM_IC_CaptureCallback
                0x00000000080046c2       0x14 ./Drivers/STM32F4xx_HAL_Driver/Src/stm32f4xx_hal_tim.o
                0x00000000080046c2                HAL_TIM_IC_CaptureCallback
 .text.HAL_TIM_PWM_PulseFinishedCallback
                0x00000000080046d6       0x14 ./Drivers/STM32F4xx_HAL_Driver/Src/stm32f4xx_hal_tim.o
                0x00000000080046d6                HAL_TIM_PWM_PulseFinishedCallback
 .text.HAL_TIM_TriggerCallback
                0x00000000080046ea       0x14 ./Drivers/STM32F4xx_HAL_Driver/Src/stm32f4xx_hal_tim.o
                0x00000000080046ea                HAL_TIM_TriggerCallback
 *fill*         0x00000000080046fe        0x2 
 .text.TIM_Base_SetConfig
                0x0000000008004700      0x140 ./Drivers/STM32F4xx_HAL_Driver/Src/stm32f4xx_hal_tim.o
                0x0000000008004700                TIM_Base_SetConfig
 .text.TIM_TI1_ConfigInputStage
                0x0000000008004840       0x5e ./Drivers/STM32F4xx_HAL_Driver/Src/stm32f4xx_hal_tim.o
 .text.TIM_TI2_ConfigInputStage
                0x000000000800489e       0x60 ./Drivers/STM32F4xx_HAL_Driver/Src/stm32f4xx_hal_tim.o
 .text.TIM_ITRx_SetConfig
                0x00000000080048fe       0x36 ./Drivers/STM32F4xx_HAL_Driver/Src/stm32f4xx_hal_tim.o
 .text.TIM_ETR_SetConfig
                0x0000000008004934       0x40 ./Drivers/STM32F4xx_HAL_Driver/Src/stm32f4xx_hal_tim.o
                0x0000000008004934                TIM_ETR_SetConfig
 .text.HAL_TIMEx_MasterConfigSynchronization
                0x0000000008004974       0xf8 ./Drivers/STM32F4xx_HAL_Driver/Src/stm32f4xx_hal_tim_ex.o
                0x0000000008004974                HAL_TIMEx_MasterConfigSynchronization
 .text.HAL_TIMEx_CommutCallback
                0x0000000008004a6c       0x14 ./Drivers/STM32F4xx_HAL_Driver/Src/stm32f4xx_hal_tim_ex.o
                0x0000000008004a6c                HAL_TIMEx_CommutCallback
 .text.HAL_TIMEx_BreakCallback
                0x0000000008004a80       0x14 ./Drivers/STM32F4xx_HAL_Driver/Src/stm32f4xx_hal_tim_ex.o
                0x0000000008004a80                HAL_TIMEx_BreakCallback
 .text.HAL_UART_Init
                0x0000000008004a94       0x9a ./Drivers/STM32F4xx_HAL_Driver/Src/stm32f4xx_hal_uart.o
                0x0000000008004a94                HAL_UART_Init
 .text.HAL_UART_Transmit
                0x0000000008004b2e      0x132 ./Drivers/STM32F4xx_HAL_Driver/Src/stm32f4xx_hal_uart.o
                0x0000000008004b2e                HAL_UART_Transmit
 .text.UART_WaitOnFlagUntilTimeout
                0x0000000008004c60       0x94 ./Drivers/STM32F4xx_HAL_Driver/Src/stm32f4xx_hal_uart.o
 .text.UART_SetConfig
                0x0000000008004cf4      0x738 ./Drivers/STM32F4xx_HAL_Driver/Src/stm32f4xx_hal_uart.o
 .text.MX_FATFS_Init
                0x000000000800542c       0x24 ./FATFS/App/fatfs.o
                0x000000000800542c                MX_FATFS_Init
 .text.get_fattime
                0x0000000008005450       0x10 ./FATFS/App/fatfs.o
                0x0000000008005450                get_fattime
 .text.USER_initialize
                0x0000000008005460       0x1c ./FATFS/Target/user_diskio.o
                0x0000000008005460                USER_initialize
 .text.USER_status
                0x000000000800547c       0x1c ./FATFS/Target/user_diskio.o
                0x000000000800547c                USER_status
 .text.USER_read
                0x0000000008005498       0x26 ./FATFS/Target/user_diskio.o
                0x0000000008005498                USER_read
 .text.USER_write
                0x00000000080054be       0x26 ./FATFS/Target/user_diskio.o
                0x00000000080054be                USER_write
 .text.USER_ioctl
                0x00000000080054e4       0x26 ./FATFS/Target/user_diskio.o
                0x00000000080054e4                USER_ioctl
 *fill*         0x000000000800550a        0x2 
 .text.disk_status
                0x000000000800550c       0x34 ./Middlewares/Third_Party/FatFs/src/diskio.o
                0x000000000800550c                disk_status
 .text.disk_initialize
                0x0000000008005540       0x4c ./Middlewares/Third_Party/FatFs/src/diskio.o
                0x0000000008005540                disk_initialize
 .text.disk_read
                0x000000000800558c       0x40 ./Middlewares/Third_Party/FatFs/src/diskio.o
                0x000000000800558c                disk_read
 .text.disk_write
                0x00000000080055cc       0x40 ./Middlewares/Third_Party/FatFs/src/diskio.o
                0x00000000080055cc                disk_write
 .text.disk_ioctl
                0x000000000800560c       0x3c ./Middlewares/Third_Party/FatFs/src/diskio.o
                0x000000000800560c                disk_ioctl
 .text.ld_word  0x0000000008005648       0x30 ./Middlewares/Third_Party/FatFs/src/ff.o
 .text.ld_dword
                0x0000000008005678       0x46 ./Middlewares/Third_Party/FatFs/src/ff.o
 .text.st_word  0x00000000080056be       0x36 ./Middlewares/Third_Party/FatFs/src/ff.o
 .text.st_dword
                0x00000000080056f4       0x58 ./Middlewares/Third_Party/FatFs/src/ff.o
 .text.mem_cpy  0x000000000800574c       0x42 ./Middlewares/Third_Party/FatFs/src/ff.o
 .text.mem_set  0x000000000800578e       0x36 ./Middlewares/Third_Party/FatFs/src/ff.o
 .text.mem_cmp  0x00000000080057c4       0x4e ./Middlewares/Third_Party/FatFs/src/ff.o
 .text.chk_chr  0x0000000008005812       0x36 ./Middlewares/Third_Party/FatFs/src/ff.o
 .text.lock_fs  0x0000000008005848       0x2c ./Middlewares/Third_Party/FatFs/src/ff.o
 .text.unlock_fs
                0x0000000008005874       0x36 ./Middlewares/Third_Party/FatFs/src/ff.o
 *fill*         0x00000000080058aa        0x2 
 .text.chk_lock
                0x00000000080058ac       0xb8 ./Middlewares/Third_Party/FatFs/src/ff.o
 .text.enq_lock
                0x0000000008005964       0x44 ./Middlewares/Third_Party/FatFs/src/ff.o
 .text.inc_lock
                0x00000000080059a8      0x11c ./Middlewares/Third_Party/FatFs/src/ff.o
 .text.dec_lock
                0x0000000008005ac4       0x78 ./Middlewares/Third_Party/FatFs/src/ff.o
 .text.clear_lock
                0x0000000008005b3c       0x48 ./Middlewares/Third_Party/FatFs/src/ff.o
 .text.sync_window
                0x0000000008005b84       0x88 ./Middlewares/Third_Party/FatFs/src/ff.o
 .text.move_window
                0x0000000008005c0c       0x5a ./Middlewares/Third_Party/FatFs/src/ff.o
 *fill*         0x0000000008005c66        0x2 
 .text.sync_fs  0x0000000008005c68       0xdc ./Middlewares/Third_Party/FatFs/src/ff.o
 .text.clust2sect
                0x0000000008005d44       0x3e ./Middlewares/Third_Party/FatFs/src/ff.o
 .text.get_fat  0x0000000008005d82      0x150 ./Middlewares/Third_Party/FatFs/src/ff.o
 .text.put_fat  0x0000000008005ed2      0x1d8 ./Middlewares/Third_Party/FatFs/src/ff.o
 .text.remove_chain
                0x00000000080060aa       0xca ./Middlewares/Third_Party/FatFs/src/ff.o
 .text.create_chain
                0x0000000008006174      0x130 ./Middlewares/Third_Party/FatFs/src/ff.o
 .text.clmt_clust
                0x00000000080062a4       0x68 ./Middlewares/Third_Party/FatFs/src/ff.o
 .text.dir_sdi  0x000000000800630c       0xf6 ./Middlewares/Third_Party/FatFs/src/ff.o
 .text.dir_next
                0x0000000008006402      0x18a ./Middlewares/Third_Party/FatFs/src/ff.o
 .text.dir_alloc
                0x000000000800658c       0x8e ./Middlewares/Third_Party/FatFs/src/ff.o
 .text.ld_clust
                0x000000000800661a       0x3e ./Middlewares/Third_Party/FatFs/src/ff.o
 .text.st_clust
                0x0000000008006658       0x40 ./Middlewares/Third_Party/FatFs/src/ff.o
 .text.dir_read
                0x0000000008006698       0xba ./Middlewares/Third_Party/FatFs/src/ff.o
 .text.dir_find
                0x0000000008006752       0xaa ./Middlewares/Third_Party/FatFs/src/ff.o
 .text.dir_register
                0x00000000080067fc       0x64 ./Middlewares/Third_Party/FatFs/src/ff.o
 .text.dir_remove
                0x0000000008006860       0x3c ./Middlewares/Third_Party/FatFs/src/ff.o
 .text.get_fileinfo
                0x000000000800689c       0xbe ./Middlewares/Third_Party/FatFs/src/ff.o
 *fill*         0x000000000800695a        0x2 
 .text.create_name
                0x000000000800695c      0x128 ./Middlewares/Third_Party/FatFs/src/ff.o
 .text.follow_path
                0x0000000008006a84       0xe2 ./Middlewares/Third_Party/FatFs/src/ff.o
 .text.get_ldnumber
                0x0000000008006b66       0x88 ./Middlewares/Third_Party/FatFs/src/ff.o
 *fill*         0x0000000008006bee        0x2 
 .text.check_fs
                0x0000000008006bf0       0xac ./Middlewares/Third_Party/FatFs/src/ff.o
 .text.find_volume
                0x0000000008006c9c      0x4a8 ./Middlewares/Third_Party/FatFs/src/ff.o
 .text.validate
                0x0000000008007144       0x8e ./Middlewares/Third_Party/FatFs/src/ff.o
 *fill*         0x00000000080071d2        0x2 
 .text.f_mount  0x00000000080071d4       0xc8 ./Middlewares/Third_Party/FatFs/src/ff.o
                0x00000000080071d4                f_mount
 .text.f_open   0x000000000800729c      0x38a ./Middlewares/Third_Party/FatFs/src/ff.o
                0x000000000800729c                f_open
 .text.f_write  0x0000000008007626      0x348 ./Middlewares/Third_Party/FatFs/src/ff.o
                0x0000000008007626                f_write
 .text.f_sync   0x000000000800796e      0x112 ./Middlewares/Third_Party/FatFs/src/ff.o
                0x000000000800796e                f_sync
 .text.f_close  0x0000000008007a80       0x5e ./Middlewares/Third_Party/FatFs/src/ff.o
                0x0000000008007a80                f_close
 .text.f_opendir
                0x0000000008007ade       0xf2 ./Middlewares/Third_Party/FatFs/src/ff.o
                0x0000000008007ade                f_opendir
 .text.f_closedir
                0x0000000008007bd0       0x56 ./Middlewares/Third_Party/FatFs/src/ff.o
                0x0000000008007bd0                f_closedir
 .text.f_readdir
                0x0000000008007c26       0x86 ./Middlewares/Third_Party/FatFs/src/ff.o
                0x0000000008007c26                f_readdir
 .text.f_stat   0x0000000008007cac       0x80 ./Middlewares/Third_Party/FatFs/src/ff.o
                0x0000000008007cac                f_stat
 .text.f_unlink
                0x0000000008007d2c      0x164 ./Middlewares/Third_Party/FatFs/src/ff.o
                0x0000000008007d2c                f_unlink
 .text.FATFS_LinkDriverEx
                0x0000000008007e90       0x98 ./Middlewares/Third_Party/FatFs/src/ff_gen_drv.o
                0x0000000008007e90                FATFS_LinkDriverEx
 .text.FATFS_LinkDriver
                0x0000000008007f28       0x1e ./Middlewares/Third_Party/FatFs/src/ff_gen_drv.o
                0x0000000008007f28                FATFS_LinkDriver
 .text.ff_cre_syncobj
                0x0000000008007f46       0x40 ./Middlewares/Third_Party/FatFs/src/option/syscall.o
                0x0000000008007f46                ff_cre_syncobj
 .text.ff_del_syncobj
                0x0000000008007f86       0x18 ./Middlewares/Third_Party/FatFs/src/option/syscall.o
                0x0000000008007f86                ff_del_syncobj
 .text.ff_req_grant
                0x0000000008007f9e       0x2a ./Middlewares/Third_Party/FatFs/src/option/syscall.o
                0x0000000008007f9e                ff_req_grant
 .text.ff_rel_grant
                0x0000000008007fc8       0x16 ./Middlewares/Third_Party/FatFs/src/option/syscall.o
                0x0000000008007fc8                ff_rel_grant
 .text.inHandlerMode
                0x0000000008007fde       0x24 ./Middlewares/Third_Party/FreeRTOS/Source/CMSIS_RTOS/cmsis_os.o
 .text.osSemaphoreCreate
                0x0000000008008002       0x64 ./Middlewares/Third_Party/FreeRTOS/Source/CMSIS_RTOS/cmsis_os.o
                0x0000000008008002                osSemaphoreCreate
 *fill*         0x0000000008008066        0x2 
 .text.osSemaphoreWait
                0x0000000008008068       0x9c ./Middlewares/Third_Party/FreeRTOS/Source/CMSIS_RTOS/cmsis_os.o
                0x0000000008008068                osSemaphoreWait
 .text.osSemaphoreRelease
                0x0000000008008104       0x6c ./Middlewares/Third_Party/FreeRTOS/Source/CMSIS_RTOS/cmsis_os.o
                0x0000000008008104                osSemaphoreRelease
 .text.osSemaphoreDelete
                0x0000000008008170       0x26 ./Middlewares/Third_Party/FreeRTOS/Source/CMSIS_RTOS/cmsis_os.o
                0x0000000008008170                osSemaphoreDelete
 .text.vListInitialise
                0x0000000008008196       0x40 ./Middlewares/Third_Party/FreeRTOS/Source/list.o
                0x0000000008008196                vListInitialise
 .text.vListInitialiseItem
                0x00000000080081d6       0x1a ./Middlewares/Third_Party/FreeRTOS/Source/list.o
                0x00000000080081d6                vListInitialiseItem
 .text.vListInsertEnd
                0x00000000080081f0       0x48 ./Middlewares/Third_Party/FreeRTOS/Source/list.o
                0x00000000080081f0                vListInsertEnd
 .text.vListInsert
                0x0000000008008238       0x72 ./Middlewares/Third_Party/FreeRTOS/Source/list.o
                0x0000000008008238                vListInsert
 .text.uxListRemove
                0x00000000080082aa       0x54 ./Middlewares/Third_Party/FreeRTOS/Source/list.o
                0x00000000080082aa                uxListRemove
 *fill*         0x00000000080082fe        0x2 
 .text.xQueueGenericReset
                0x0000000008008300       0xd0 ./Middlewares/Third_Party/FreeRTOS/Source/queue.o
                0x0000000008008300                xQueueGenericReset
 .text.xQueueGenericCreateStatic
                0x00000000080083d0       0xf0 ./Middlewares/Third_Party/FreeRTOS/Source/queue.o
                0x00000000080083d0                xQueueGenericCreateStatic
 .text.xQueueGenericCreate
                0x00000000080084c0       0x80 ./Middlewares/Third_Party/FreeRTOS/Source/queue.o
                0x00000000080084c0                xQueueGenericCreate
 .text.prvInitialiseNewQueue
                0x0000000008008540       0x3e ./Middlewares/Third_Party/FreeRTOS/Source/queue.o
 *fill*         0x000000000800857e        0x2 
 .text.xQueueGenericSend
                0x0000000008008580      0x1fc ./Middlewares/Third_Party/FreeRTOS/Source/queue.o
                0x0000000008008580                xQueueGenericSend
 .text.xQueueGiveFromISR
                0x000000000800877c      0x11a ./Middlewares/Third_Party/FreeRTOS/Source/queue.o
                0x000000000800877c                xQueueGiveFromISR
 *fill*         0x0000000008008896        0x2 
 .text.xQueueSemaphoreTake
                0x0000000008008898      0x218 ./Middlewares/Third_Party/FreeRTOS/Source/queue.o
                0x0000000008008898                xQueueSemaphoreTake
 .text.xQueueReceiveFromISR
                0x0000000008008ab0      0x100 ./Middlewares/Third_Party/FreeRTOS/Source/queue.o
                0x0000000008008ab0                xQueueReceiveFromISR
 .text.vQueueDelete
                0x0000000008008bb0       0x46 ./Middlewares/Third_Party/FreeRTOS/Source/queue.o
                0x0000000008008bb0                vQueueDelete
 .text.prvGetDisinheritPriorityAfterTimeout
                0x0000000008008bf6       0x30 ./Middlewares/Third_Party/FreeRTOS/Source/queue.o
 .text.prvCopyDataToQueue
                0x0000000008008c26       0xd4 ./Middlewares/Third_Party/FreeRTOS/Source/queue.o
 .text.prvCopyDataFromQueue
                0x0000000008008cfa       0x4c ./Middlewares/Third_Party/FreeRTOS/Source/queue.o
 .text.prvUnlockQueue
                0x0000000008008d46       0xa4 ./Middlewares/Third_Party/FreeRTOS/Source/queue.o
 .text.prvIsQueueEmpty
                0x0000000008008dea       0x2c ./Middlewares/Third_Party/FreeRTOS/Source/queue.o
 .text.prvIsQueueFull
                0x0000000008008e16       0x30 ./Middlewares/Third_Party/FreeRTOS/Source/queue.o
 *fill*         0x0000000008008e46        0x2 
 .text.vQueueUnregisterQueue
                0x0000000008008e48       0x54 ./Middlewares/Third_Party/FreeRTOS/Source/queue.o
                0x0000000008008e48                vQueueUnregisterQueue
 .text.xTaskCreateStatic
                0x0000000008008e9c       0xba ./Middlewares/Third_Party/FreeRTOS/Source/tasks.o
                0x0000000008008e9c                xTaskCreateStatic
 .text.xTaskCreate
                0x0000000008008f56       0x8a ./Middlewares/Third_Party/FreeRTOS/Source/tasks.o
                0x0000000008008f56                xTaskCreate
 .text.prvInitialiseNewTask
                0x0000000008008fe0      0x10e ./Middlewares/Third_Party/FreeRTOS/Source/tasks.o
 *fill*         0x00000000080090ee        0x2 
 .text.prvAddNewTaskToReadyList
                0x00000000080090f0       0xd4 ./Middlewares/Third_Party/FreeRTOS/Source/tasks.o
 .text.vTaskDelay
                0x00000000080091c4       0x68 ./Middlewares/Third_Party/FreeRTOS/Source/tasks.o
                0x00000000080091c4                vTaskDelay
 .text.vTaskStartScheduler
                0x000000000800922c       0xc0 ./Middlewares/Third_Party/FreeRTOS/Source/tasks.o
                0x000000000800922c                vTaskStartScheduler
 .text.vTaskSuspendAll
                0x00000000080092ec       0x1c ./Middlewares/Third_Party/FreeRTOS/Source/tasks.o
                0x00000000080092ec                vTaskSuspendAll
 .text.xTaskResumeAll
                0x0000000008009308      0x138 ./Middlewares/Third_Party/FreeRTOS/Source/tasks.o
                0x0000000008009308                xTaskResumeAll
 .text.xTaskIncrementTick
                0x0000000008009440      0x170 ./Middlewares/Third_Party/FreeRTOS/Source/tasks.o
                0x0000000008009440                xTaskIncrementTick
 .text.vTaskSwitchContext
                0x00000000080095b0       0xb8 ./Middlewares/Third_Party/FreeRTOS/Source/tasks.o
                0x00000000080095b0                vTaskSwitchContext
 .text.vTaskPlaceOnEventList
                0x0000000008009668       0x48 ./Middlewares/Third_Party/FreeRTOS/Source/tasks.o
                0x0000000008009668                vTaskPlaceOnEventList
 .text.xTaskRemoveFromEventList
                0x00000000080096b0       0xc4 ./Middlewares/Third_Party/FreeRTOS/Source/tasks.o
                0x00000000080096b0                xTaskRemoveFromEventList
 .text.vTaskInternalSetTimeOutState
                0x0000000008009774       0x2c ./Middlewares/Third_Party/FreeRTOS/Source/tasks.o
                0x0000000008009774                vTaskInternalSetTimeOutState
 .text.xTaskCheckForTimeOut
                0x00000000080097a0       0xc4 ./Middlewares/Third_Party/FreeRTOS/Source/tasks.o
                0x00000000080097a0                xTaskCheckForTimeOut
 .text.vTaskMissedYield
                0x0000000008009864       0x18 ./Middlewares/Third_Party/FreeRTOS/Source/tasks.o
                0x0000000008009864                vTaskMissedYield
 .text.prvIdleTask
                0x000000000800987c       0x30 ./Middlewares/Third_Party/FreeRTOS/Source/tasks.o
 .text.prvInitialiseTaskLists
                0x00000000080098ac       0x80 ./Middlewares/Third_Party/FreeRTOS/Source/tasks.o
 .text.prvCheckTasksWaitingTermination
                0x000000000800992c       0x5c ./Middlewares/Third_Party/FreeRTOS/Source/tasks.o
 .text.prvDeleteTCB
                0x0000000008009988       0x5e ./Middlewares/Third_Party/FreeRTOS/Source/tasks.o
 *fill*         0x00000000080099e6        0x2 
 .text.prvResetNextTaskUnblockTime
                0x00000000080099e8       0x40 ./Middlewares/Third_Party/FreeRTOS/Source/tasks.o
 .text.xTaskGetSchedulerState
                0x0000000008009a28       0x3c ./Middlewares/Third_Party/FreeRTOS/Source/tasks.o
                0x0000000008009a28                xTaskGetSchedulerState
 .text.xTaskPriorityInherit
                0x0000000008009a64      0x100 ./Middlewares/Third_Party/FreeRTOS/Source/tasks.o
                0x0000000008009a64                xTaskPriorityInherit
 .text.xTaskPriorityDisinherit
                0x0000000008009b64      0x10c ./Middlewares/Third_Party/FreeRTOS/Source/tasks.o
                0x0000000008009b64                xTaskPriorityDisinherit
 .text.vTaskPriorityDisinheritAfterTimeout
                0x0000000008009c70      0x134 ./Middlewares/Third_Party/FreeRTOS/Source/tasks.o
                0x0000000008009c70                vTaskPriorityDisinheritAfterTimeout
 .text.pvTaskIncrementMutexHeldCount
                0x0000000008009da4       0x28 ./Middlewares/Third_Party/FreeRTOS/Source/tasks.o
                0x0000000008009da4                pvTaskIncrementMutexHeldCount
 .text.prvAddCurrentTaskToDelayedList
                0x0000000008009dcc       0xcc ./Middlewares/Third_Party/FreeRTOS/Source/tasks.o
 .text.pxPortInitialiseStack
                0x0000000008009e98       0x68 ./Middlewares/Third_Party/FreeRTOS/Source/portable/GCC/ARM_CM4F/port.o
                0x0000000008009e98                pxPortInitialiseStack
 .text.prvTaskExitError
                0x0000000008009f00       0x58 ./Middlewares/Third_Party/FreeRTOS/Source/portable/GCC/ARM_CM4F/port.o
 *fill*         0x0000000008009f58        0x8 
 .text.SVC_Handler
                0x0000000008009f60       0x28 ./Middlewares/Third_Party/FreeRTOS/Source/portable/GCC/ARM_CM4F/port.o
                0x0000000008009f60                SVC_Handler
 .text.prvPortStartFirstTask
                0x0000000008009f88       0x28 ./Middlewares/Third_Party/FreeRTOS/Source/portable/GCC/ARM_CM4F/port.o
 .text.xPortStartScheduler
                0x0000000008009fb0      0x144 ./Middlewares/Third_Party/FreeRTOS/Source/portable/GCC/ARM_CM4F/port.o
                0x0000000008009fb0                xPortStartScheduler
 .text.vPortEnterCritical
                0x000000000800a0f4       0x60 ./Middlewares/Third_Party/FreeRTOS/Source/portable/GCC/ARM_CM4F/port.o
                0x000000000800a0f4                vPortEnterCritical
 .text.vPortExitCritical
                0x000000000800a154       0x54 ./Middlewares/Third_Party/FreeRTOS/Source/portable/GCC/ARM_CM4F/port.o
                0x000000000800a154                vPortExitCritical
 *fill*         0x000000000800a1a8        0x8 
 .text.PendSV_Handler
                0x000000000800a1b0       0x68 ./Middlewares/Third_Party/FreeRTOS/Source/portable/GCC/ARM_CM4F/port.o
                0x000000000800a1b0                PendSV_Handler
 .text.SysTick_Handler
                0x000000000800a218       0x44 ./Middlewares/Third_Party/FreeRTOS/Source/portable/GCC/ARM_CM4F/port.o
                0x000000000800a218                SysTick_Handler
 .text.vPortSetupTimerInterrupt
                0x000000000800a25c       0x48 ./Middlewares/Third_Party/FreeRTOS/Source/portable/GCC/ARM_CM4F/port.o
                0x000000000800a25c                vPortSetupTimerInterrupt
 .text.vPortEnableVFP
                0x000000000800a2a4       0x14 ./Middlewares/Third_Party/FreeRTOS/Source/portable/GCC/ARM_CM4F/port.o
 .text.vPortValidateInterruptPriority
                0x000000000800a2b8       0x80 ./Middlewares/Third_Party/FreeRTOS/Source/portable/GCC/ARM_CM4F/port.o
                0x000000000800a2b8                vPortValidateInterruptPriority
 .text.pvPortMalloc
                0x000000000800a338      0x188 ./Middlewares/Third_Party/FreeRTOS/Source/portable/MemMang/heap_4.o
                0x000000000800a338                pvPortMalloc
 .text.vPortFree
                0x000000000800a4c0       0xb4 ./Middlewares/Third_Party/FreeRTOS/Source/portable/MemMang/heap_4.o
                0x000000000800a4c0                vPortFree
 .text.prvHeapInit
                0x000000000800a574       0xc4 ./Middlewares/Third_Party/FreeRTOS/Source/portable/MemMang/heap_4.o
 .text.prvInsertBlockIntoFreeList
                0x000000000800a638       0xb4 ./Middlewares/Third_Party/FreeRTOS/Source/portable/MemMang/heap_4.o
 .text.__errno  0x000000000800a6ec        0xc /home/odemki/Programs/programs/STM32IDE/1/en.en-st-stm32cubeide_1-5-0_8698_20201117_1050_amd64_sh/makeself_dir_5QpOGP/y/plugins/com.st.stm32cube.ide.mcu.externaltools.gnu-tools-for-stm32.9-2020-q2-update.linux64_2.0.0.202105311346/tools/bin/../lib/gcc/arm-none-eabi/9.3.1/../../../../arm-none-eabi/lib/thumb/v7e-m+fp/hard/libc_nano.a(lib_a-errno.o)
                0x000000000800a6ec                __errno
 .text.__libc_init_array
                0x000000000800a6f8       0x48 /home/odemki/Programs/programs/STM32IDE/1/en.en-st-stm32cubeide_1-5-0_8698_20201117_1050_amd64_sh/makeself_dir_5QpOGP/y/plugins/com.st.stm32cube.ide.mcu.externaltools.gnu-tools-for-stm32.9-2020-q2-update.linux64_2.0.0.202105311346/tools/bin/../lib/gcc/arm-none-eabi/9.3.1/../../../../arm-none-eabi/lib/thumb/v7e-m+fp/hard/libc_nano.a(lib_a-init.o)
                0x000000000800a6f8                __libc_init_array
 .text.memcpy   0x000000000800a740       0x1c /home/odemki/Programs/programs/STM32IDE/1/en.en-st-stm32cubeide_1-5-0_8698_20201117_1050_amd64_sh/makeself_dir_5QpOGP/y/plugins/com.st.stm32cube.ide.mcu.externaltools.gnu-tools-for-stm32.9-2020-q2-update.linux64_2.0.0.202105311346/tools/bin/../lib/gcc/arm-none-eabi/9.3.1/../../../../arm-none-eabi/lib/thumb/v7e-m+fp/hard/libc_nano.a(lib_a-memcpy-stub.o)
                0x000000000800a740                memcpy
 .text.memset   0x000000000800a75c       0x10 /home/odemki/Programs/programs/STM32IDE/1/en.en-st-stm32cubeide_1-5-0_8698_20201117_1050_amd64_sh/makeself_dir_5QpOGP/y/plugins/com.st.stm32cube.ide.mcu.externaltools.gnu-tools-for-stm32.9-2020-q2-update.linux64_2.0.0.202105311346/tools/bin/../lib/gcc/arm-none-eabi/9.3.1/../../../../arm-none-eabi/lib/thumb/v7e-m+fp/hard/libc_nano.a(lib_a-memset.o)
                0x000000000800a75c                memset
 .text.sprintf  0x000000000800a76c       0x40 /home/odemki/Programs/programs/STM32IDE/1/en.en-st-stm32cubeide_1-5-0_8698_20201117_1050_amd64_sh/makeself_dir_5QpOGP/y/plugins/com.st.stm32cube.ide.mcu.externaltools.gnu-tools-for-stm32.9-2020-q2-update.linux64_2.0.0.202105311346/tools/bin/../lib/gcc/arm-none-eabi/9.3.1/../../../../arm-none-eabi/lib/thumb/v7e-m+fp/hard/libc_nano.a(lib_a-sprintf.o)
                0x000000000800a76c                sprintf
                0x000000000800a76c                siprintf
 .text.__ssputs_r
                0x000000000800a7ac       0xb6 /home/odemki/Programs/programs/STM32IDE/1/en.en-st-stm32cubeide_1-5-0_8698_20201117_1050_amd64_sh/makeself_dir_5QpOGP/y/plugins/com.st.stm32cube.ide.mcu.externaltools.gnu-tools-for-stm32.9-2020-q2-update.linux64_2.0.0.202105311346/tools/bin/../lib/gcc/arm-none-eabi/9.3.1/../../../../arm-none-eabi/lib/thumb/v7e-m+fp/hard/libc_nano.a(lib_a-nano-svfprintf.o)
                0x000000000800a7ac                __ssputs_r
 *fill*         0x000000000800a862        0x2 
 .text._svfprintf_r
                0x000000000800a864      0x200 /home/odemki/Programs/programs/STM32IDE/1/en.en-st-stm32cubeide_1-5-0_8698_20201117_1050_amd64_sh/makeself_dir_5QpOGP/y/plugins/com.st.stm32cube.ide.mcu.externaltools.gnu-tools-for-stm32.9-2020-q2-update.linux64_2.0.0.202105311346/tools/bin/../lib/gcc/arm-none-eabi/9.3.1/../../../../arm-none-eabi/lib/thumb/v7e-m+fp/hard/libc_nano.a(lib_a-nano-svfprintf.o)
                0x000000000800a864                _svfprintf_r
                0x000000000800a864                _svfiprintf_r
 .text._printf_common
                0x000000000800aa64       0xda /home/odemki/Programs/programs/STM32IDE/1/en.en-st-stm32cubeide_1-5-0_8698_20201117_1050_amd64_sh/makeself_dir_5QpOGP/y/plugins/com.st.stm32cube.ide.mcu.externaltools.gnu-tools-for-stm32.9-2020-q2-update.linux64_2.0.0.202105311346/tools/bin/../lib/gcc/arm-none-eabi/9.3.1/../../../../arm-none-eabi/lib/thumb/v7e-m+fp/hard/libc_nano.a(lib_a-nano-vfprintf_i.o)
                0x000000000800aa64                _printf_common
 *fill*         0x000000000800ab3e        0x2 
 .text._printf_i
                0x000000000800ab40      0x24c /home/odemki/Programs/programs/STM32IDE/1/en.en-st-stm32cubeide_1-5-0_8698_20201117_1050_amd64_sh/makeself_dir_5QpOGP/y/plugins/com.st.stm32cube.ide.mcu.externaltools.gnu-tools-for-stm32.9-2020-q2-update.linux64_2.0.0.202105311346/tools/bin/../lib/gcc/arm-none-eabi/9.3.1/../../../../arm-none-eabi/lib/thumb/v7e-m+fp/hard/libc_nano.a(lib_a-nano-vfprintf_i.o)
                0x000000000800ab40                _printf_i
 .text.memmove  0x000000000800ad8c       0x34 /home/odemki/Programs/programs/STM32IDE/1/en.en-st-stm32cubeide_1-5-0_8698_20201117_1050_amd64_sh/makeself_dir_5QpOGP/y/plugins/com.st.stm32cube.ide.mcu.externaltools.gnu-tools-for-stm32.9-2020-q2-update.linux64_2.0.0.202105311346/tools/bin/../lib/gcc/arm-none-eabi/9.3.1/../../../../arm-none-eabi/lib/thumb/v7e-m+fp/hard/libc_nano.a(lib_a-memmove.o)
                0x000000000800ad8c                memmove
 .text._free_r  0x000000000800adc0       0xa0 /home/odemki/Programs/programs/STM32IDE/1/en.en-st-stm32cubeide_1-5-0_8698_20201117_1050_amd64_sh/makeself_dir_5QpOGP/y/plugins/com.st.stm32cube.ide.mcu.externaltools.gnu-tools-for-stm32.9-2020-q2-update.linux64_2.0.0.202105311346/tools/bin/../lib/gcc/arm-none-eabi/9.3.1/../../../../arm-none-eabi/lib/thumb/v7e-m+fp/hard/libc_nano.a(lib_a-nano-freer.o)
                0x000000000800adc0                _free_r
 .text._malloc_r
                0x000000000800ae60       0xb4 /home/odemki/Programs/programs/STM32IDE/1/en.en-st-stm32cubeide_1-5-0_8698_20201117_1050_amd64_sh/makeself_dir_5QpOGP/y/plugins/com.st.stm32cube.ide.mcu.externaltools.gnu-tools-for-stm32.9-2020-q2-update.linux64_2.0.0.202105311346/tools/bin/../lib/gcc/arm-none-eabi/9.3.1/../../../../arm-none-eabi/lib/thumb/v7e-m+fp/hard/libc_nano.a(lib_a-nano-mallocr.o)
                0x000000000800ae60                _malloc_r
 .text._realloc_r
                0x000000000800af14       0x4c /home/odemki/Programs/programs/STM32IDE/1/en.en-st-stm32cubeide_1-5-0_8698_20201117_1050_amd64_sh/makeself_dir_5QpOGP/y/plugins/com.st.stm32cube.ide.mcu.externaltools.gnu-tools-for-stm32.9-2020-q2-update.linux64_2.0.0.202105311346/tools/bin/../lib/gcc/arm-none-eabi/9.3.1/../../../../arm-none-eabi/lib/thumb/v7e-m+fp/hard/libc_nano.a(lib_a-nano-reallocr.o)
                0x000000000800af14                _realloc_r
 .text._sbrk_r  0x000000000800af60       0x20 /home/odemki/Programs/programs/STM32IDE/1/en.en-st-stm32cubeide_1-5-0_8698_20201117_1050_amd64_sh/makeself_dir_5QpOGP/y/plugins/com.st.stm32cube.ide.mcu.externaltools.gnu-tools-for-stm32.9-2020-q2-update.linux64_2.0.0.202105311346/tools/bin/../lib/gcc/arm-none-eabi/9.3.1/../../../../arm-none-eabi/lib/thumb/v7e-m+fp/hard/libc_nano.a(lib_a-sbrkr.o)
                0x000000000800af60                _sbrk_r
 .text.__malloc_lock
                0x000000000800af80        0xc /home/odemki/Programs/programs/STM32IDE/1/en.en-st-stm32cubeide_1-5-0_8698_20201117_1050_amd64_sh/makeself_dir_5QpOGP/y/plugins/com.st.stm32cube.ide.mcu.externaltools.gnu-tools-for-stm32.9-2020-q2-update.linux64_2.0.0.202105311346/tools/bin/../lib/gcc/arm-none-eabi/9.3.1/../../../../arm-none-eabi/lib/thumb/v7e-m+fp/hard/libc_nano.a(lib_a-mlock.o)
                0x000000000800af80                __malloc_lock
 .text.__malloc_unlock
                0x000000000800af8c        0xc /home/odemki/Programs/programs/STM32IDE/1/en.en-st-stm32cubeide_1-5-0_8698_20201117_1050_amd64_sh/makeself_dir_5QpOGP/y/plugins/com.st.stm32cube.ide.mcu.externaltools.gnu-tools-for-stm32.9-2020-q2-update.linux64_2.0.0.202105311346/tools/bin/../lib/gcc/arm-none-eabi/9.3.1/../../../../arm-none-eabi/lib/thumb/v7e-m+fp/hard/libc_nano.a(lib_a-mlock.o)
                0x000000000800af8c                __malloc_unlock
 .text._malloc_usable_size_r
                0x000000000800af98       0x10 /home/odemki/Programs/programs/STM32IDE/1/en.en-st-stm32cubeide_1-5-0_8698_20201117_1050_amd64_sh/makeself_dir_5QpOGP/y/plugins/com.st.stm32cube.ide.mcu.externaltools.gnu-tools-for-stm32.9-2020-q2-update.linux64_2.0.0.202105311346/tools/bin/../lib/gcc/arm-none-eabi/9.3.1/../../../../arm-none-eabi/lib/thumb/v7e-m+fp/hard/libc_nano.a(lib_a-nano-msizer.o)
                0x000000000800af98                _malloc_usable_size_r
 .text.__retarget_lock_acquire_recursive
                0x000000000800afa8        0x2 /home/odemki/Programs/programs/STM32IDE/1/en.en-st-stm32cubeide_1-5-0_8698_20201117_1050_amd64_sh/makeself_dir_5QpOGP/y/plugins/com.st.stm32cube.ide.mcu.externaltools.gnu-tools-for-stm32.9-2020-q2-update.linux64_2.0.0.202105311346/tools/bin/../lib/gcc/arm-none-eabi/9.3.1/../../../../arm-none-eabi/lib/thumb/v7e-m+fp/hard/libc_nano.a(lib_a-lock.o)
                0x000000000800afa8                __retarget_lock_acquire_recursive
 .text.__retarget_lock_release_recursive
                0x000000000800afaa        0x2 /home/odemki/Programs/programs/STM32IDE/1/en.en-st-stm32cubeide_1-5-0_8698_20201117_1050_amd64_sh/makeself_dir_5QpOGP/y/plugins/com.st.stm32cube.ide.mcu.externaltools.gnu-tools-for-stm32.9-2020-q2-update.linux64_2.0.0.202105311346/tools/bin/../lib/gcc/arm-none-eabi/9.3.1/../../../../arm-none-eabi/lib/thumb/v7e-m+fp/hard/libc_nano.a(lib_a-lock.o)
                0x000000000800afaa                __retarget_lock_release_recursive
 *(.glue_7)
 .glue_7        0x000000000800afac        0x0 linker stubs
 *(.glue_7t)
 .glue_7t       0x000000000800afac        0x0 linker stubs
 *(.eh_frame)
 .eh_frame      0x000000000800afac        0x0 /home/odemki/Programs/programs/STM32IDE/1/en.en-st-stm32cubeide_1-5-0_8698_20201117_1050_amd64_sh/makeself_dir_5QpOGP/y/plugins/com.st.stm32cube.ide.mcu.externaltools.gnu-tools-for-stm32.9-2020-q2-update.linux64_2.0.0.202105311346/tools/bin/../lib/gcc/arm-none-eabi/9.3.1/thumb/v7e-m+fp/hard/crtbegin.o
 *(.init)
 .init          0x000000000800afac        0x4 /home/odemki/Programs/programs/STM32IDE/1/en.en-st-stm32cubeide_1-5-0_8698_20201117_1050_amd64_sh/makeself_dir_5QpOGP/y/plugins/com.st.stm32cube.ide.mcu.externaltools.gnu-tools-for-stm32.9-2020-q2-update.linux64_2.0.0.202105311346/tools/bin/../lib/gcc/arm-none-eabi/9.3.1/thumb/v7e-m+fp/hard/crti.o
                0x000000000800afac                _init
 .init          0x000000000800afb0        0x8 /home/odemki/Programs/programs/STM32IDE/1/en.en-st-stm32cubeide_1-5-0_8698_20201117_1050_amd64_sh/makeself_dir_5QpOGP/y/plugins/com.st.stm32cube.ide.mcu.externaltools.gnu-tools-for-stm32.9-2020-q2-update.linux64_2.0.0.202105311346/tools/bin/../lib/gcc/arm-none-eabi/9.3.1/thumb/v7e-m+fp/hard/crtn.o
 *(.fini)
 .fini          0x000000000800afb8        0x4 /home/odemki/Programs/programs/STM32IDE/1/en.en-st-stm32cubeide_1-5-0_8698_20201117_1050_amd64_sh/makeself_dir_5QpOGP/y/plugins/com.st.stm32cube.ide.mcu.externaltools.gnu-tools-for-stm32.9-2020-q2-update.linux64_2.0.0.202105311346/tools/bin/../lib/gcc/arm-none-eabi/9.3.1/thumb/v7e-m+fp/hard/crti.o
                0x000000000800afb8                _fini
 .fini          0x000000000800afbc        0x8 /home/odemki/Programs/programs/STM32IDE/1/en.en-st-stm32cubeide_1-5-0_8698_20201117_1050_amd64_sh/makeself_dir_5QpOGP/y/plugins/com.st.stm32cube.ide.mcu.externaltools.gnu-tools-for-stm32.9-2020-q2-update.linux64_2.0.0.202105311346/tools/bin/../lib/gcc/arm-none-eabi/9.3.1/thumb/v7e-m+fp/hard/crtn.o
                0x000000000800afc4                . = ALIGN (0x4)
                0x000000000800afc4                _etext = .

.vfp11_veneer   0x000000000800afc4        0x0
 .vfp11_veneer  0x000000000800afc4        0x0 linker stubs

.v4_bx          0x000000000800afc4        0x0
 .v4_bx         0x000000000800afc4        0x0 linker stubs

.iplt           0x000000000800afc4        0x0
 .iplt          0x000000000800afc4        0x0 /home/odemki/Programs/programs/STM32IDE/1/en.en-st-stm32cubeide_1-5-0_8698_20201117_1050_amd64_sh/makeself_dir_5QpOGP/y/plugins/com.st.stm32cube.ide.mcu.externaltools.gnu-tools-for-stm32.9-2020-q2-update.linux64_2.0.0.202105311346/tools/bin/../lib/gcc/arm-none-eabi/9.3.1/thumb/v7e-m+fp/hard/crtbegin.o

.rodata         0x000000000800afc4      0x5a0
                0x000000000800afc4                . = ALIGN (0x4)
 *(.rodata)
 .rodata        0x000000000800afc4      0x416 ./Core/File_Handling_RTOS.o
 *fill*         0x000000000800b3da        0x2 
 .rodata        0x000000000800b3dc       0x6f ./Core/Src/main.o
 *fill*         0x000000000800b44b        0x1 
 .rodata        0x000000000800b44c       0x44 ./Middlewares/Third_Party/FatFs/src/ff.o
 .rodata        0x000000000800b490        0x5 ./Middlewares/Third_Party/FreeRTOS/Source/tasks.o
 *(.rodata*)
 *fill*         0x000000000800b495        0x3 
 .rodata.AHBPrescTable
                0x000000000800b498       0x10 ./Core/Src/system_stm32f4xx.o
                0x000000000800b498                AHBPrescTable
 .rodata.APBPrescTable
                0x000000000800b4a8        0x8 ./Core/Src/system_stm32f4xx.o
                0x000000000800b4a8                APBPrescTable
 .rodata.ExCvt  0x000000000800b4b0       0x80 ./Middlewares/Third_Party/FatFs/src/ff.o
 .rodata._svfprintf_r.str1.1
                0x000000000800b530       0x11 /home/odemki/Programs/programs/STM32IDE/1/en.en-st-stm32cubeide_1-5-0_8698_20201117_1050_amd64_sh/makeself_dir_5QpOGP/y/plugins/com.st.stm32cube.ide.mcu.externaltools.gnu-tools-for-stm32.9-2020-q2-update.linux64_2.0.0.202105311346/tools/bin/../lib/gcc/arm-none-eabi/9.3.1/../../../../arm-none-eabi/lib/thumb/v7e-m+fp/hard/libc_nano.a(lib_a-nano-svfprintf.o)
 .rodata._printf_i.str1.1
                0x000000000800b541       0x22 /home/odemki/Programs/programs/STM32IDE/1/en.en-st-stm32cubeide_1-5-0_8698_20201117_1050_amd64_sh/makeself_dir_5QpOGP/y/plugins/com.st.stm32cube.ide.mcu.externaltools.gnu-tools-for-stm32.9-2020-q2-update.linux64_2.0.0.202105311346/tools/bin/../lib/gcc/arm-none-eabi/9.3.1/../../../../arm-none-eabi/lib/thumb/v7e-m+fp/hard/libc_nano.a(lib_a-nano-vfprintf_i.o)
                0x000000000800b564                . = ALIGN (0x4)
 *fill*         0x000000000800b563        0x1 

.ARM.extab      0x000000000800b564        0x0
                0x000000000800b564                . = ALIGN (0x4)
 *(.ARM.extab* .gnu.linkonce.armextab.*)
                0x000000000800b564                . = ALIGN (0x4)

.ARM            0x000000000800b564        0x8
                0x000000000800b564                . = ALIGN (0x4)
                0x000000000800b564                __exidx_start = .
 *(.ARM.exidx*)
 .ARM.exidx     0x000000000800b564        0x8 /home/odemki/Programs/programs/STM32IDE/1/en.en-st-stm32cubeide_1-5-0_8698_20201117_1050_amd64_sh/makeself_dir_5QpOGP/y/plugins/com.st.stm32cube.ide.mcu.externaltools.gnu-tools-for-stm32.9-2020-q2-update.linux64_2.0.0.202105311346/tools/bin/../lib/gcc/arm-none-eabi/9.3.1/thumb/v7e-m+fp/hard/libgcc.a(_udivmoddi4.o)
                0x000000000800b56c                __exidx_end = .
                0x000000000800b56c                . = ALIGN (0x4)

.rel.dyn        0x000000000800b56c        0x0
 .rel.iplt      0x000000000800b56c        0x0 /home/odemki/Programs/programs/STM32IDE/1/en.en-st-stm32cubeide_1-5-0_8698_20201117_1050_amd64_sh/makeself_dir_5QpOGP/y/plugins/com.st.stm32cube.ide.mcu.externaltools.gnu-tools-for-stm32.9-2020-q2-update.linux64_2.0.0.202105311346/tools/bin/../lib/gcc/arm-none-eabi/9.3.1/thumb/v7e-m+fp/hard/crtbegin.o

.preinit_array  0x000000000800b56c        0x0
                0x000000000800b56c                . = ALIGN (0x4)
                0x000000000800b56c                PROVIDE (__preinit_array_start = .)
 *(.preinit_array*)
                0x000000000800b56c                PROVIDE (__preinit_array_end = .)
                0x000000000800b56c                . = ALIGN (0x4)

.init_array     0x000000000800b56c        0x4
                0x000000000800b56c                . = ALIGN (0x4)
                0x000000000800b56c                PROVIDE (__init_array_start = .)
 *(SORT_BY_NAME(.init_array.*))
 *(.init_array*)
 .init_array    0x000000000800b56c        0x4 /home/odemki/Programs/programs/STM32IDE/1/en.en-st-stm32cubeide_1-5-0_8698_20201117_1050_amd64_sh/makeself_dir_5QpOGP/y/plugins/com.st.stm32cube.ide.mcu.externaltools.gnu-tools-for-stm32.9-2020-q2-update.linux64_2.0.0.202105311346/tools/bin/../lib/gcc/arm-none-eabi/9.3.1/thumb/v7e-m+fp/hard/crtbegin.o
                0x000000000800b570                PROVIDE (__init_array_end = .)
                0x000000000800b570                . = ALIGN (0x4)

.fini_array     0x000000000800b570        0x4
                0x000000000800b570                . = ALIGN (0x4)
                [!provide]                        PROVIDE (__fini_array_start = .)
 *(SORT_BY_NAME(.fini_array.*))
 *(.fini_array*)
 .fini_array    0x000000000800b570        0x4 /home/odemki/Programs/programs/STM32IDE/1/en.en-st-stm32cubeide_1-5-0_8698_20201117_1050_amd64_sh/makeself_dir_5QpOGP/y/plugins/com.st.stm32cube.ide.mcu.externaltools.gnu-tools-for-stm32.9-2020-q2-update.linux64_2.0.0.202105311346/tools/bin/../lib/gcc/arm-none-eabi/9.3.1/thumb/v7e-m+fp/hard/crtbegin.o
                [!provide]                        PROVIDE (__fini_array_end = .)
                0x000000000800b574                . = ALIGN (0x4)
                0x000000000800b574                _sidata = LOADADDR (.data)

.data           0x0000000020000000       0x8c load address 0x000000000800b574
                0x0000000020000000                . = ALIGN (0x4)
                0x0000000020000000                _sdata = .
 *(.data)
 *(.data*)
 .data.Stat     0x0000000020000000        0x1 ./Core/fatfs_sd.o
 *fill*         0x0000000020000001        0x3 
 .data.SystemCoreClock
                0x0000000020000004        0x4 ./Core/Src/system_stm32f4xx.o
                0x0000000020000004                SystemCoreClock
 .data.uwTickPrio
                0x0000000020000008        0x4 ./Drivers/STM32F4xx_HAL_Driver/Src/stm32f4xx_hal.o
                0x0000000020000008                uwTickPrio
 .data.uwTickFreq
                0x000000002000000c        0x1 ./Drivers/STM32F4xx_HAL_Driver/Src/stm32f4xx_hal.o
                0x000000002000000c                uwTickFreq
 *fill*         0x000000002000000d        0x3 
 .data.USER_Driver
                0x0000000020000010       0x14 ./FATFS/Target/user_diskio.o
                0x0000000020000010                USER_Driver
 .data.uxCriticalNesting
                0x0000000020000024        0x4 ./Middlewares/Third_Party/FreeRTOS/Source/portable/GCC/ARM_CM4F/port.o
 .data._impure_ptr
                0x0000000020000028        0x4 /home/odemki/Programs/programs/STM32IDE/1/en.en-st-stm32cubeide_1-5-0_8698_20201117_1050_amd64_sh/makeself_dir_5QpOGP/y/plugins/com.st.stm32cube.ide.mcu.externaltools.gnu-tools-for-stm32.9-2020-q2-update.linux64_2.0.0.202105311346/tools/bin/../lib/gcc/arm-none-eabi/9.3.1/../../../../arm-none-eabi/lib/thumb/v7e-m+fp/hard/libc_nano.a(lib_a-impure.o)
                0x0000000020000028                _impure_ptr
 .data.impure_data
                0x000000002000002c       0x60 /home/odemki/Programs/programs/STM32IDE/1/en.en-st-stm32cubeide_1-5-0_8698_20201117_1050_amd64_sh/makeself_dir_5QpOGP/y/plugins/com.st.stm32cube.ide.mcu.externaltools.gnu-tools-for-stm32.9-2020-q2-update.linux64_2.0.0.202105311346/tools/bin/../lib/gcc/arm-none-eabi/9.3.1/../../../../arm-none-eabi/lib/thumb/v7e-m+fp/hard/libc_nano.a(lib_a-impure.o)
                0x000000002000008c                . = ALIGN (0x4)
                0x000000002000008c                _edata = .

.igot.plt       0x000000002000008c        0x0 load address 0x000000000800b600
 .igot.plt      0x000000002000008c        0x0 /home/odemki/Programs/programs/STM32IDE/1/en.en-st-stm32cubeide_1-5-0_8698_20201117_1050_amd64_sh/makeself_dir_5QpOGP/y/plugins/com.st.stm32cube.ide.mcu.externaltools.gnu-tools-for-stm32.9-2020-q2-update.linux64_2.0.0.202105311346/tools/bin/../lib/gcc/arm-none-eabi/9.3.1/thumb/v7e-m+fp/hard/crtbegin.o
                0x000000002000008c                . = ALIGN (0x4)

.bss            0x000000002000008c     0x4b30 load address 0x000000000800b600
                0x000000002000008c                _sbss = .
                0x000000002000008c                __bss_start__ = _sbss
 *(.bss)
 .bss           0x000000002000008c       0x1c /home/odemki/Programs/programs/STM32IDE/1/en.en-st-stm32cubeide_1-5-0_8698_20201117_1050_amd64_sh/makeself_dir_5QpOGP/y/plugins/com.st.stm32cube.ide.mcu.externaltools.gnu-tools-for-stm32.9-2020-q2-update.linux64_2.0.0.202105311346/tools/bin/../lib/gcc/arm-none-eabi/9.3.1/thumb/v7e-m+fp/hard/crtbegin.o
 *(.bss*)
 .bss.CardType  0x00000000200000a8        0x1 ./Core/fatfs_sd.o
 .bss.PowerFlag
                0x00000000200000a9        0x1 ./Core/fatfs_sd.o
 *fill*         0x00000000200000aa        0x2 
 .bss.xIdleTaskTCBBuffer
                0x00000000200000ac       0x54 ./Core/Src/freertos.o
 .bss.xIdleStack
                0x0000000020000100      0x200 ./Core/Src/freertos.o
 .bss.FatFsCnt  0x0000000020000300        0x1 ./Core/Src/stm32f4xx_it.o
                0x0000000020000300                FatFsCnt
 *fill*         0x0000000020000301        0x3 
 .bss.heap_end.6585
                0x0000000020000304        0x4 ./Core/Src/sysmem.o
 .bss.FatFs     0x0000000020000308        0x4 ./Middlewares/Third_Party/FatFs/src/ff.o
 .bss.Fsid      0x000000002000030c        0x2 ./Middlewares/Third_Party/FatFs/src/ff.o
 *fill*         0x000000002000030e        0x2 
 .bss.Files     0x0000000020000310       0x20 ./Middlewares/Third_Party/FatFs/src/ff.o
 .bss.disk      0x0000000020000330        0xc ./Middlewares/Third_Party/FatFs/src/ff_gen_drv.o
                0x0000000020000330                disk
 .bss.pxCurrentTCB
                0x000000002000033c        0x4 ./Middlewares/Third_Party/FreeRTOS/Source/tasks.o
                0x000000002000033c                pxCurrentTCB
 .bss.pxReadyTasksLists
                0x0000000020000340       0x8c ./Middlewares/Third_Party/FreeRTOS/Source/tasks.o
 .bss.xDelayedTaskList1
                0x00000000200003cc       0x14 ./Middlewares/Third_Party/FreeRTOS/Source/tasks.o
 .bss.xDelayedTaskList2
                0x00000000200003e0       0x14 ./Middlewares/Third_Party/FreeRTOS/Source/tasks.o
 .bss.pxDelayedTaskList
                0x00000000200003f4        0x4 ./Middlewares/Third_Party/FreeRTOS/Source/tasks.o
 .bss.pxOverflowDelayedTaskList
                0x00000000200003f8        0x4 ./Middlewares/Third_Party/FreeRTOS/Source/tasks.o
 .bss.xPendingReadyList
                0x00000000200003fc       0x14 ./Middlewares/Third_Party/FreeRTOS/Source/tasks.o
 .bss.xTasksWaitingTermination
                0x0000000020000410       0x14 ./Middlewares/Third_Party/FreeRTOS/Source/tasks.o
 .bss.uxDeletedTasksWaitingCleanUp
                0x0000000020000424        0x4 ./Middlewares/Third_Party/FreeRTOS/Source/tasks.o
 .bss.xSuspendedTaskList
                0x0000000020000428       0x14 ./Middlewares/Third_Party/FreeRTOS/Source/tasks.o
 .bss.uxCurrentNumberOfTasks
                0x000000002000043c        0x4 ./Middlewares/Third_Party/FreeRTOS/Source/tasks.o
 .bss.xTickCount
                0x0000000020000440        0x4 ./Middlewares/Third_Party/FreeRTOS/Source/tasks.o
 .bss.uxTopReadyPriority
                0x0000000020000444        0x4 ./Middlewares/Third_Party/FreeRTOS/Source/tasks.o
 .bss.xSchedulerRunning
                0x0000000020000448        0x4 ./Middlewares/Third_Party/FreeRTOS/Source/tasks.o
 .bss.uxPendedTicks
                0x000000002000044c        0x4 ./Middlewares/Third_Party/FreeRTOS/Source/tasks.o
 .bss.xYieldPending
                0x0000000020000450        0x4 ./Middlewares/Third_Party/FreeRTOS/Source/tasks.o
 .bss.xNumOfOverflows
                0x0000000020000454        0x4 ./Middlewares/Third_Party/FreeRTOS/Source/tasks.o
 .bss.uxTaskNumber
                0x0000000020000458        0x4 ./Middlewares/Third_Party/FreeRTOS/Source/tasks.o
 .bss.xNextTaskUnblockTime
                0x000000002000045c        0x4 ./Middlewares/Third_Party/FreeRTOS/Source/tasks.o
 .bss.xIdleTaskHandle
                0x0000000020000460        0x4 ./Middlewares/Third_Party/FreeRTOS/Source/tasks.o
 .bss.uxSchedulerSuspended
                0x0000000020000464        0x4 ./Middlewares/Third_Party/FreeRTOS/Source/tasks.o
 .bss.ucMaxSysCallPriority
                0x0000000020000468        0x1 ./Middlewares/Third_Party/FreeRTOS/Source/portable/GCC/ARM_CM4F/port.o
 *fill*         0x0000000020000469        0x3 
 .bss.ulMaxPRIGROUPValue
                0x000000002000046c        0x4 ./Middlewares/Third_Party/FreeRTOS/Source/portable/GCC/ARM_CM4F/port.o
 .bss.ucHeap    0x0000000020000470     0x3c00 ./Middlewares/Third_Party/FreeRTOS/Source/portable/MemMang/heap_4.o
 .bss.xStart    0x0000000020004070        0x8 ./Middlewares/Third_Party/FreeRTOS/Source/portable/MemMang/heap_4.o
 .bss.pxEnd     0x0000000020004078        0x4 ./Middlewares/Third_Party/FreeRTOS/Source/portable/MemMang/heap_4.o
 .bss.xFreeBytesRemaining
                0x000000002000407c        0x4 ./Middlewares/Third_Party/FreeRTOS/Source/portable/MemMang/heap_4.o
 .bss.xMinimumEverFreeBytesRemaining
                0x0000000020004080        0x4 ./Middlewares/Third_Party/FreeRTOS/Source/portable/MemMang/heap_4.o
 .bss.xBlockAllocatedBit
                0x0000000020004084        0x4 ./Middlewares/Third_Party/FreeRTOS/Source/portable/MemMang/heap_4.o
 .bss.__malloc_free_list
                0x0000000020004088        0x4 /home/odemki/Programs/programs/STM32IDE/1/en.en-st-stm32cubeide_1-5-0_8698_20201117_1050_amd64_sh/makeself_dir_5QpOGP/y/plugins/com.st.stm32cube.ide.mcu.externaltools.gnu-tools-for-stm32.9-2020-q2-update.linux64_2.0.0.202105311346/tools/bin/../lib/gcc/arm-none-eabi/9.3.1/../../../../arm-none-eabi/lib/thumb/v7e-m+fp/hard/libc_nano.a(lib_a-nano-mallocr.o)
                0x0000000020004088                __malloc_free_list
 .bss.__malloc_sbrk_start
                0x000000002000408c        0x4 /home/odemki/Programs/programs/STM32IDE/1/en.en-st-stm32cubeide_1-5-0_8698_20201117_1050_amd64_sh/makeself_dir_5QpOGP/y/plugins/com.st.stm32cube.ide.mcu.externaltools.gnu-tools-for-stm32.9-2020-q2-update.linux64_2.0.0.202105311346/tools/bin/../lib/gcc/arm-none-eabi/9.3.1/../../../../arm-none-eabi/lib/thumb/v7e-m+fp/hard/libc_nano.a(lib_a-nano-mallocr.o)
                0x000000002000408c                __malloc_sbrk_start
 *(COMMON)
 COMMON         0x0000000020004090       0x11 ./Core/DHT11.o
                0x0000000020004090                Rh_byte1
                0x0000000020004094                RH
                0x0000000020004098                TEMP
                0x000000002000409c                Temp_byte1
                0x000000002000409d                Rh_byte2
                0x000000002000409e                SUM
                0x00000000200040a0                Temp_byte2
 *fill*         0x00000000200040a1        0x3 
 COMMON         0x00000000200040a4      0x498 ./Core/File_Handling_RTOS.o
                0x00000000200040a4                fre_clust
                0x00000000200040a8                fno
                0x00000000200040c0                fs
                0x00000000200042f4                br
                0x00000000200042f8                free_space
                0x00000000200042fc                bw
                0x0000000020004300                pfs
                0x0000000020004304                fresult
                0x0000000020004308                total
                0x000000002000430c                fil
 COMMON         0x000000002000453c      0x17c ./Core/Src/main.o
                0x000000002000453c                SDCARD_Task_Hnadler
                0x0000000020004540                Temperature
                0x0000000020004544                hadc1
                0x000000002000458c                DHT_Task_Hnadler
                0x0000000020004590                ADC_VAL
                0x0000000020004594                htim1
                0x00000000200045d4                DHT_SEM
                0x00000000200045d8                hspi1
                0x0000000020004630                huart2
                0x0000000020004670                ADC_Task_Hnadler
                0x0000000020004674                htim7
                0x00000000200046b4                Humidity
 COMMON         0x00000000200046b8       0x40 ./Core/Src/stm32f4xx_hal_timebase_tim.o
                0x00000000200046b8                htim6
 COMMON         0x00000000200046f8        0x2 ./Core/Src/stm32f4xx_it.o
                0x00000000200046f8                Timer2
                0x00000000200046f9                Timer1
 *fill*         0x00000000200046fa        0x2 
 COMMON         0x00000000200046fc        0x4 ./Drivers/STM32F4xx_HAL_Driver/Src/stm32f4xx_hal.o
                0x00000000200046fc                uwTick
 COMMON         0x0000000020004700      0x46c ./FATFS/App/fatfs.o
                0x0000000020004700                USERPath
                0x0000000020004704                retUSER
                0x0000000020004708                USERFile
                0x0000000020004938                USERFatFS
 COMMON         0x0000000020004b6c       0x40 ./Middlewares/Third_Party/FreeRTOS/Source/queue.o
                0x0000000020004b6c                xQueueRegistry
 COMMON         0x0000000020004bac        0x4 /home/odemki/Programs/programs/STM32IDE/1/en.en-st-stm32cubeide_1-5-0_8698_20201117_1050_amd64_sh/makeself_dir_5QpOGP/y/plugins/com.st.stm32cube.ide.mcu.externaltools.gnu-tools-for-stm32.9-2020-q2-update.linux64_2.0.0.202105311346/tools/bin/../lib/gcc/arm-none-eabi/9.3.1/../../../../arm-none-eabi/lib/thumb/v7e-m+fp/hard/libc_nano.a(lib_a-reent.o)
                0x0000000020004bac                errno
 COMMON         0x0000000020004bb0        0x9 /home/odemki/Programs/programs/STM32IDE/1/en.en-st-stm32cubeide_1-5-0_8698_20201117_1050_amd64_sh/makeself_dir_5QpOGP/y/plugins/com.st.stm32cube.ide.mcu.externaltools.gnu-tools-for-stm32.9-2020-q2-update.linux64_2.0.0.202105311346/tools/bin/../lib/gcc/arm-none-eabi/9.3.1/../../../../arm-none-eabi/lib/thumb/v7e-m+fp/hard/libc_nano.a(lib_a-lock.o)
                0x0000000020004bb0                __lock___atexit_recursive_mutex
                0x0000000020004bb1                __lock___arc4random_mutex
                0x0000000020004bb2                __lock___env_recursive_mutex
                0x0000000020004bb3                __lock___sinit_recursive_mutex
                0x0000000020004bb4                __lock___malloc_recursive_mutex
                0x0000000020004bb5                __lock___at_quick_exit_mutex
                0x0000000020004bb6                __lock___dd_hash_mutex
                0x0000000020004bb7                __lock___tz_mutex
                0x0000000020004bb8                __lock___sfp_recursive_mutex
                0x0000000020004bbc                . = ALIGN (0x4)
 *fill*         0x0000000020004bb9        0x3 
                0x0000000020004bbc                _ebss = .
                0x0000000020004bbc                __bss_end__ = _ebss

._user_heap_stack
                0x0000000020004bbc      0x604 load address 0x000000000800b600
                0x0000000020004bc0                . = ALIGN (0x8)
 *fill*         0x0000000020004bbc        0x4 
                0x0000000020004bc0                PROVIDE (end = .)
                [!provide]                        PROVIDE (_end = .)
                0x0000000020004dc0                . = (. + _Min_Heap_Size)
 *fill*         0x0000000020004bc0      0x200 
                0x00000000200051c0                . = (. + _Min_Stack_Size)
 *fill*         0x0000000020004dc0      0x400 
                0x00000000200051c0                . = ALIGN (0x8)

/DISCARD/
 libc.a(*)
 libm.a(*)
 libgcc.a(*)

.ARM.attributes
                0x0000000000000000       0x30
 *(.ARM.attributes)
 .ARM.attributes
                0x0000000000000000       0x1e /home/odemki/Programs/programs/STM32IDE/1/en.en-st-stm32cubeide_1-5-0_8698_20201117_1050_amd64_sh/makeself_dir_5QpOGP/y/plugins/com.st.stm32cube.ide.mcu.externaltools.gnu-tools-for-stm32.9-2020-q2-update.linux64_2.0.0.202105311346/tools/bin/../lib/gcc/arm-none-eabi/9.3.1/thumb/v7e-m+fp/hard/crti.o
 .ARM.attributes
                0x000000000000001e       0x34 /home/odemki/Programs/programs/STM32IDE/1/en.en-st-stm32cubeide_1-5-0_8698_20201117_1050_amd64_sh/makeself_dir_5QpOGP/y/plugins/com.st.stm32cube.ide.mcu.externaltools.gnu-tools-for-stm32.9-2020-q2-update.linux64_2.0.0.202105311346/tools/bin/../lib/gcc/arm-none-eabi/9.3.1/thumb/v7e-m+fp/hard/crtbegin.o
 .ARM.attributes
                0x0000000000000052       0x34 ./Core/DHT11.o
 .ARM.attributes
                0x0000000000000086       0x34 ./Core/File_Handling_RTOS.o
 .ARM.attributes
                0x00000000000000ba       0x34 ./Core/fatfs_sd.o
 .ARM.attributes
                0x00000000000000ee       0x34 ./Core/Src/freertos.o
 .ARM.attributes
                0x0000000000000122       0x34 ./Core/Src/main.o
 .ARM.attributes
                0x0000000000000156       0x34 ./Core/Src/stm32f4xx_hal_msp.o
 .ARM.attributes
                0x000000000000018a       0x34 ./Core/Src/stm32f4xx_hal_timebase_tim.o
 .ARM.attributes
                0x00000000000001be       0x34 ./Core/Src/stm32f4xx_it.o
 .ARM.attributes
                0x00000000000001f2       0x34 ./Core/Src/sysmem.o
 .ARM.attributes
                0x0000000000000226       0x34 ./Core/Src/system_stm32f4xx.o
 .ARM.attributes
                0x000000000000025a       0x21 ./Core/Startup/startup_stm32f446retx.o
 .ARM.attributes
                0x000000000000027b       0x34 ./Drivers/STM32F4xx_HAL_Driver/Src/stm32f4xx_hal.o
 .ARM.attributes
                0x00000000000002af       0x34 ./Drivers/STM32F4xx_HAL_Driver/Src/stm32f4xx_hal_adc.o
 .ARM.attributes
                0x00000000000002e3       0x34 ./Drivers/STM32F4xx_HAL_Driver/Src/stm32f4xx_hal_cortex.o
 .ARM.attributes
                0x0000000000000317       0x34 ./Drivers/STM32F4xx_HAL_Driver/Src/stm32f4xx_hal_gpio.o
 .ARM.attributes
                0x000000000000034b       0x34 ./Drivers/STM32F4xx_HAL_Driver/Src/stm32f4xx_hal_rcc.o
 .ARM.attributes
                0x000000000000037f       0x34 ./Drivers/STM32F4xx_HAL_Driver/Src/stm32f4xx_hal_rcc_ex.o
 .ARM.attributes
                0x00000000000003b3       0x34 ./Drivers/STM32F4xx_HAL_Driver/Src/stm32f4xx_hal_spi.o
 .ARM.attributes
                0x00000000000003e7       0x34 ./Drivers/STM32F4xx_HAL_Driver/Src/stm32f4xx_hal_tim.o
 .ARM.attributes
                0x000000000000041b       0x34 ./Drivers/STM32F4xx_HAL_Driver/Src/stm32f4xx_hal_tim_ex.o
 .ARM.attributes
                0x000000000000044f       0x34 ./Drivers/STM32F4xx_HAL_Driver/Src/stm32f4xx_hal_uart.o
 .ARM.attributes
                0x0000000000000483       0x34 ./FATFS/App/fatfs.o
 .ARM.attributes
                0x00000000000004b7       0x34 ./FATFS/Target/user_diskio.o
 .ARM.attributes
                0x00000000000004eb       0x34 ./Middlewares/Third_Party/FatFs/src/diskio.o
 .ARM.attributes
                0x000000000000051f       0x34 ./Middlewares/Third_Party/FatFs/src/ff.o
 .ARM.attributes
                0x0000000000000553       0x34 ./Middlewares/Third_Party/FatFs/src/ff_gen_drv.o
 .ARM.attributes
                0x0000000000000587       0x34 ./Middlewares/Third_Party/FatFs/src/option/syscall.o
 .ARM.attributes
                0x00000000000005bb       0x34 ./Middlewares/Third_Party/FreeRTOS/Source/CMSIS_RTOS/cmsis_os.o
 .ARM.attributes
                0x00000000000005ef       0x34 ./Middlewares/Third_Party/FreeRTOS/Source/list.o
 .ARM.attributes
                0x0000000000000623       0x34 ./Middlewares/Third_Party/FreeRTOS/Source/queue.o
 .ARM.attributes
                0x0000000000000657       0x34 ./Middlewares/Third_Party/FreeRTOS/Source/tasks.o
 .ARM.attributes
                0x000000000000068b       0x34 ./Middlewares/Third_Party/FreeRTOS/Source/portable/GCC/ARM_CM4F/port.o
 .ARM.attributes
                0x00000000000006bf       0x34 ./Middlewares/Third_Party/FreeRTOS/Source/portable/MemMang/heap_4.o
 .ARM.attributes
                0x00000000000006f3       0x34 /home/odemki/Programs/programs/STM32IDE/1/en.en-st-stm32cubeide_1-5-0_8698_20201117_1050_amd64_sh/makeself_dir_5QpOGP/y/plugins/com.st.stm32cube.ide.mcu.externaltools.gnu-tools-for-stm32.9-2020-q2-update.linux64_2.0.0.202105311346/tools/bin/../lib/gcc/arm-none-eabi/9.3.1/../../../../arm-none-eabi/lib/thumb/v7e-m+fp/hard/libc_nano.a(lib_a-errno.o)
 .ARM.attributes
                0x0000000000000727       0x32 /home/odemki/Programs/programs/STM32IDE/1/en.en-st-stm32cubeide_1-5-0_8698_20201117_1050_amd64_sh/makeself_dir_5QpOGP/y/plugins/com.st.stm32cube.ide.mcu.externaltools.gnu-tools-for-stm32.9-2020-q2-update.linux64_2.0.0.202105311346/tools/bin/../lib/gcc/arm-none-eabi/9.3.1/../../../../arm-none-eabi/lib/thumb/v7e-m+fp/hard/libc_nano.a(lib_a-impure.o)
 .ARM.attributes
                0x0000000000000759       0x34 /home/odemki/Programs/programs/STM32IDE/1/en.en-st-stm32cubeide_1-5-0_8698_20201117_1050_amd64_sh/makeself_dir_5QpOGP/y/plugins/com.st.stm32cube.ide.mcu.externaltools.gnu-tools-for-stm32.9-2020-q2-update.linux64_2.0.0.202105311346/tools/bin/../lib/gcc/arm-none-eabi/9.3.1/../../../../arm-none-eabi/lib/thumb/v7e-m+fp/hard/libc_nano.a(lib_a-init.o)
 .ARM.attributes