Archive member included to satisfy reference by file (symbol)

/home/odemki/Programs/programs/STM32IDE/1/en.en-st-stm32cubeide_1-5-0_8698_20201117_1050_amd64_sh/makeself_dir_5QpOGP/y/plugins/com.st.stm32cube.ide.mcu.externaltools.gnu-tools-for-stm32.9-2020-q2-update.linux64_2.0.0.202105311346/tools/bin/../lib/gcc/arm-none-eabi/9.3.1/../../../../arm-none-eabi/lib/thumb/v7-m/nofp/libc_nano.a(lib_a-errno.o)
                              ./Core/Src/syscalls.o (__errno)
/home/odemki/Programs/programs/STM32IDE/1/en.en-st-stm32cubeide_1-5-0_8698_20201117_1050_amd64_sh/makeself_dir_5QpOGP/y/plugins/com.st.stm32cube.ide.mcu.externaltools.gnu-tools-for-stm32.9-2020-q2-update.linux64_2.0.0.202105311346/tools/bin/../lib/gcc/arm-none-eabi/9.3.1/../../../../arm-none-eabi/lib/thumb/v7-m/nofp/libc_nano.a(lib_a-exit.o)
                              /home/odemki/Programs/programs/STM32IDE/1/en.en-st-stm32cubeide_1-5-0_8698_20201117_1050_amd64_sh/makeself_dir_5QpOGP/y/plugins/com.st.stm32cube.ide.mcu.externaltools.gnu-tools-for-stm32.9-2020-q2-update.linux64_2.0.0.202105311346/tools/bin/../lib/gcc/arm-none-eabi/9.3.1/../../../../arm-none-eabi/lib/thumb/v7-m/nofp/crt0.o (exit)
/home/odemki/Programs/programs/STM32IDE/1/en.en-st-stm32cubeide_1-5-0_8698_20201117_1050_amd64_sh/makeself_dir_5QpOGP/y/plugins/com.st.stm32cube.ide.mcu.externaltools.gnu-tools-for-stm32.9-2020-q2-update.linux64_2.0.0.202105311346/tools/bin/../lib/gcc/arm-none-eabi/9.3.1/../../../../arm-none-eabi/lib/thumb/v7-m/nofp/libc_nano.a(lib_a-impure.o)
                              /home/odemki/Programs/programs/STM32IDE/1/en.en-st-stm32cubeide_1-5-0_8698_20201117_1050_amd64_sh/makeself_dir_5QpOGP/y/plugins/com.st.stm32cube.ide.mcu.externaltools.gnu-tools-for-stm32.9-2020-q2-update.linux64_2.0.0.202105311346/tools/bin/../lib/gcc/arm-none-eabi/9.3.1/../../../../arm-none-eabi/lib/thumb/v7-m/nofp/libc_nano.a(lib_a-exit.o) (_global_impure_ptr)
/home/odemki/Programs/programs/STM32IDE/1/en.en-st-stm32cubeide_1-5-0_8698_20201117_1050_amd64_sh/makeself_dir_5QpOGP/y/plugins/com.st.stm32cube.ide.mcu.externaltools.gnu-tools-for-stm32.9-2020-q2-update.linux64_2.0.0.202105311346/tools/bin/../lib/gcc/arm-none-eabi/9.3.1/../../../../arm-none-eabi/lib/thumb/v7-m/nofp/libc_nano.a(lib_a-init.o)
                              /home/odemki/Programs/programs/STM32IDE/1/en.en-st-stm32cubeide_1-5-0_8698_20201117_1050_amd64_sh/makeself_dir_5QpOGP/y/plugins/com.st.stm32cube.ide.mcu.externaltools.gnu-tools-for-stm32.9-2020-q2-update.linux64_2.0.0.202105311346/tools/bin/../lib/gcc/arm-none-eabi/9.3.1/../../../../arm-none-eabi/lib/thumb/v7-m/nofp/crt0.o (__libc_init_array)
/home/odemki/Programs/programs/STM32IDE/1/en.en-st-stm32cubeide_1-5-0_8698_20201117_1050_amd64_sh/makeself_dir_5QpOGP/y/plugins/com.st.stm32cube.ide.mcu.externaltools.gnu-tools-for-stm32.9-2020-q2-update.linux64_2.0.0.202105311346/tools/bin/../lib/gcc/arm-none-eabi/9.3.1/../../../../arm-none-eabi/lib/thumb/v7-m/nofp/libc_nano.a(lib_a-memcpy-stub.o)
                              ./Middlewares/Third_Party/FreeRTOS/Source/queue.o (memcpy)
/home/odemki/Programs/programs/STM32IDE/1/en.en-st-stm32cubeide_1-5-0_8698_20201117_1050_amd64_sh/makeself_dir_5QpOGP/y/plugins/com.st.stm32cube.ide.mcu.externaltools.gnu-tools-for-stm32.9-2020-q2-update.linux64_2.0.0.202105311346/tools/bin/../lib/gcc/arm-none-eabi/9.3.1/../../../../arm-none-eabi/lib/thumb/v7-m/nofp/libc_nano.a(lib_a-memset.o)
                              /home/odemki/Programs/programs/STM32IDE/1/en.en-st-stm32cubeide_1-5-0_8698_20201117_1050_amd64_sh/makeself_dir_5QpOGP/y/plugins/com.st.stm32cube.ide.mcu.externaltools.gnu-tools-for-stm32.9-2020-q2-update.linux64_2.0.0.202105311346/tools/bin/../lib/gcc/arm-none-eabi/9.3.1/../../../../arm-none-eabi/lib/thumb/v7-m/nofp/crt0.o (memset)
/home/odemki/Programs/programs/STM32IDE/1/en.en-st-stm32cubeide_1-5-0_8698_20201117_1050_amd64_sh/makeself_dir_5QpOGP/y/plugins/com.st.stm32cube.ide.mcu.externaltools.gnu-tools-for-stm32.9-2020-q2-update.linux64_2.0.0.202105311346/tools/bin/../lib/gcc/arm-none-eabi/9.3.1/../../../../arm-none-eabi/lib/thumb/v7-m/nofp/libc_nano.a(lib_a-sprintf.o)
                              ./Core/File_Handling_RTOS.o (sprintf)
/home/odemki/Programs/programs/STM32IDE/1/en.en-st-stm32cubeide_1-5-0_8698_20201117_1050_amd64_sh/makeself_dir_5QpOGP/y/plugins/com.st.stm32cube.ide.mcu.externaltools.gnu-tools-for-stm32.9-2020-q2-update.linux64_2.0.0.202105311346/tools/bin/../lib/gcc/arm-none-eabi/9.3.1/../../../../arm-none-eabi/lib/thumb/v7-m/nofp/libc_nano.a(lib_a-strcmp.o)
                              ./Core/File_Handling_RTOS.o (strcmp)
/home/odemki/Programs/programs/STM32IDE/1/en.en-st-stm32cubeide_1-5-0_8698_20201117_1050_amd64_sh/makeself_dir_5QpOGP/y/plugins/com.st.stm32cube.ide.mcu.externaltools.gnu-tools-for-stm32.9-2020-q2-update.linux64_2.0.0.202105311346/tools/bin/../lib/gcc/arm-none-eabi/9.3.1/../../../../arm-none-eabi/lib/thumb/v7-m/nofp/libc_nano.a(lib_a-strlen.o)
[...]
Memory Configuration

Name             Origin             Length             Attributes
RAM              0x0000000020000000 0x0000000000005000 xrw
FLASH            0x0000000008000000 0x0000000000010000 xr
*default*        0x0000000000000000 0xffffffffffffffff

Linker script and memory map

LOAD /home/odemki/Programs/programs/STM32IDE/1/en.en-st-stm32cubeide_1-5-0_8698_20201117_1050_amd64_sh/makeself_dir_5QpOGP/y/plugins/com.st.stm32cube.ide.mcu.externaltools.gnu-tools-for-stm32.9-2020-q2-update.linux64_2.0.0.202105311346/tools/bin/../lib/gcc/arm-none-eabi/9.3.1/thumb/v7-m/nofp/crti.o
LOAD /home/odemki/Programs/programs/STM32IDE/1/en.en-st-stm32cubeide_1-5-0_8698_20201117_1050_amd64_sh/makeself_dir_5QpOGP/y/plugins/com.st.stm32cube.ide.mcu.externaltools.gnu-tools-for-stm32.9-2020-q2-update.linux64_2.0.0.202105311346/tools/bin/../lib/gcc/arm-none-eabi/9.3.1/thumb/v7-m/nofp/crtbegin.o
LOAD /home/odemki/Programs/programs/STM32IDE/1/en.en-st-stm32cubeide_1-5-0_8698_20201117_1050_amd64_sh/makeself_dir_5QpOGP/y/plugins/com.st.stm32cube.ide.mcu.externaltools.gnu-tools-for-stm32.9-2020-q2-update.linux64_2.0.0.202105311346/tools/bin/../lib/gcc/arm-none-eabi/9.3.1/../../../../arm-none-eabi/lib/thumb/v7-m/nofp/crt0.o
LOAD ./Core/DHT11.o
LOAD ./Core/File_Handling_RTOS.o
LOAD ./Core/fatfs_sd.o
LOAD ./Core/Src/DHT11.o
LOAD ./Core/Src/File_Handling_RTOS.o
LOAD ./Core/Src/fatfs_sd.o
LOAD ./Core/Src/freertos.o
LOAD ./Core/Src/main.o
LOAD ./Core/Src/stm32f1xx_hal_msp.o
LOAD ./Core/Src/stm32f1xx_hal_timebase_tim.o
LOAD ./Core/Src/stm32f1xx_it.o
LOAD ./Core/Src/syscalls.o
LOAD ./Core/Src/sysmem.o
LOAD ./Core/Src/system_stm32f1xx.o
LOAD ./Core/Startup/startup_stm32f103c8tx.o
LOAD ./Drivers/STM32F1xx_HAL_Driver/Src/stm32f1xx_hal.o
LOAD ./Drivers/STM32F1xx_HAL_Driver/Src/stm32f1xx_hal_adc.o
LOAD ./Drivers/STM32F1xx_HAL_Driver/Src/stm32f1xx_hal_adc_ex.o
LOAD ./Drivers/STM32F1xx_HAL_Driver/Src/stm32f1xx_hal_cortex.o
LOAD ./Drivers/STM32F1xx_HAL_Driver/Src/stm32f1xx_hal_dma.o
LOAD ./Drivers/STM32F1xx_HAL_Driver/Src/stm32f1xx_hal_exti.o
LOAD ./Drivers/STM32F1xx_HAL_Driver/Src/stm32f1xx_hal_flash.o
LOAD ./Drivers/STM32F1xx_HAL_Driver/Src/stm32f1xx_hal_flash_ex.o
LOAD ./Drivers/STM32F1xx_HAL_Driver/Src/stm32f1xx_hal_gpio.o
LOAD ./Drivers/STM32F1xx_HAL_Driver/Src/stm32f1xx_hal_gpio_ex.o
LOAD ./Drivers/STM32F1xx_HAL_Driver/Src/stm32f1xx_hal_pwr.o
LOAD ./Drivers/STM32F1xx_HAL_Driver/Src/stm32f1xx_hal_rcc.o
LOAD ./Drivers/STM32F1xx_HAL_Driver/Src/stm32f1xx_hal_rcc_ex.o
LOAD ./Drivers/STM32F1xx_HAL_Driver/Src/stm32f1xx_hal_spi.o
LOAD ./Drivers/STM32F1xx_HAL_Driver/Src/stm32f1xx_hal_tim.o
LOAD ./Drivers/STM32F1xx_HAL_Driver/Src/stm32f1xx_hal_tim_ex.o
LOAD ./Drivers/STM32F1xx_HAL_Driver/Src/stm32f1xx_hal_uart.o
LOAD ./FATFS/App/fatfs.o
LOAD ./FATFS/Target/user_diskio.o
LOAD ./Middlewares/Third_Party/FatFs/src/diskio.o
LOAD ./Middlewares/Third_Party/FatFs/src/ff.o
LOAD ./Middlewares/Third_Party/FatFs/src/ff_gen_drv.o
LOAD ./Middlewares/Third_Party/FatFs/src/option/syscall.o
LOAD ./Middlewares/Third_Party/FreeRTOS/Source/CMSIS_RTOS/cmsis_os.o
LOAD ./Middlewares/Third_Party/FreeRTOS/Source/croutine.o
LOAD ./Middlewares/Third_Party/FreeRTOS/Source/event_groups.o
LOAD ./Middlewares/Third_Party/FreeRTOS/Source/list.o
LOAD ./Middlewares/Third_Party/FreeRTOS/Source/queue.o
LOAD ./Middlewares/Third_Party/FreeRTOS/Source/stream_buffer.o
LOAD ./Middlewares/Third_Party/FreeRTOS/Source/tasks.o
LOAD ./Middlewares/Third_Party/FreeRTOS/Source/timers.o
LOAD ./Middlewares/Third_Party/FreeRTOS/Source/portable/GCC/ARM_CM3/port.o
LOAD ./Middlewares/Third_Party/FreeRTOS/Source/portable/MemMang/heap_4.o
START GROUP
LOAD /home/odemki/Programs/programs/STM32IDE/1/en.en-st-stm32cubeide_1-5-0_8698_20201117_1050_amd64_sh/makeself_dir_5QpOGP/y/plugins/com.st.stm32cube.ide.mcu.externaltools.gnu-tools-for-stm32.9-2020-q2-update.linux64_2.0.0.202105311346/tools/bin/../lib/gcc/arm-none-eabi/9.3.1/../../../../arm-none-eabi/lib/thumb/v7-m/nofp/libc_nano.a
LOAD /home/odemki/Programs/programs/STM32IDE/1/en.en-st-stm32cubeide_1-5-0_8698_20201117_1050_amd64_sh/makeself_dir_5QpOGP/y/plugins/com.st.stm32cube.ide.mcu.externaltools.gnu-tools-for-stm32.9-2020-q2-update.linux64_2.0.0.202105311346/tools/bin/../lib/gcc/arm-none-eabi/9.3.1/../../../../arm-none-eabi/lib/thumb/v7-m/nofp/libm.a
END GROUP
START GROUP
LOAD /home/odemki/Programs/programs/STM32IDE/1/en.en-st-stm32cubeide_1-5-0_8698_20201117_1050_amd64_sh/makeself_dir_5QpOGP/y/plugins/com.st.stm32cube.ide.mcu.externaltools.gnu-tools-for-stm32.9-2020-q2-update.linux64_2.0.0.202105311346/tools/bin/../lib/gcc/arm-none-eabi/9.3.1/thumb/v7-m/nofp/libgcc.a
LOAD /home/odemki/Programs/programs/STM32IDE/1/en.en-st-stm32cubeide_1-5-0_8698_20201117_1050_amd64_sh/makeself_dir_5QpOGP/y/plugins/com.st.stm32cube.ide.mcu.externaltools.gnu-tools-for-stm32.9-2020-q2-update.linux64_2.0.0.202105311346/tools/bin/../lib/gcc/arm-none-eabi/9.3.1/../../../../arm-none-eabi/lib/thumb/v7-m/nofp/libc_nano.a
END GROUP
START GROUP
LOAD /home/odemki/Programs/programs/STM32IDE/1/en.en-st-stm32cubeide_1-5-0_8698_20201117_1050_amd64_sh/makeself_dir_5QpOGP/y/plugins/com.st.stm32cube.ide.mcu.externaltools.gnu-tools-for-stm32.9-2020-q2-update.linux64_2.0.0.202105311346/tools/bin/../lib/gcc/arm-none-eabi/9.3.1/thumb/v7-m/nofp/libgcc.a
LOAD /home/odemki/Programs/programs/STM32IDE/1/en.en-st-stm32cubeide_1-5-0_8698_20201117_1050_amd64_sh/makeself_dir_5QpOGP/y/plugins/com.st.stm32cube.ide.mcu.externaltools.gnu-tools-for-stm32.9-2020-q2-update.linux64_2.0.0.202105311346/tools/bin/../lib/gcc/arm-none-eabi/9.3.1/../../../../arm-none-eabi/lib/thumb/v7-m/nofp/libc_nano.a
LOAD /home/odemki/Programs/programs/STM32IDE/1/en.en-st-stm32cubeide_1-5-0_8698_20201117_1050_amd64_sh/makeself_dir_5QpOGP/y/plugins/com.st.stm32cube.ide.mcu.externaltools.gnu-tools-for-stm32.9-2020-q2-update.linux64_2.0.0.202105311346/tools/bin/../lib/gcc/arm-none-eabi/9.3.1/../../../../arm-none-eabi/lib/thumb/v7-m/nofp/libnosys.a
END GROUP
START GROUP
LOAD /home/odemki/Programs/programs/STM32IDE/1/en.en-st-stm32cubeide_1-5-0_8698_20201117_1050_amd64_sh/makeself_dir_5QpOGP/y/plugins/com.st.stm32cube.ide.mcu.externaltools.gnu-tools-for-stm32.9-2020-q2-update.linux64_2.0.0.202105311346/tools/bin/../lib/gcc/arm-none-eabi/9.3.1/thumb/v7-m/nofp/libgcc.a
LOAD /home/odemki/Programs/programs/STM32IDE/1/en.en-st-stm32cubeide_1-5-0_8698_20201117_1050_amd64_sh/makeself_dir_5QpOGP/y/plugins/com.st.stm32cube.ide.mcu.externaltools.gnu-tools-for-stm32.9-2020-q2-update.linux64_2.0.0.202105311346/tools/bin/../lib/gcc/arm-none-eabi/9.3.1/../../../../arm-none-eabi/lib/thumb/v7-m/nofp/libc_nano.a
LOAD /home/odemki/Programs/programs/STM32IDE/1/en.en-st-stm32cubeide_1-5-0_8698_20201117_1050_amd64_sh/makeself_dir_5QpOGP/y/plugins/com.st.stm32cube.ide.mcu.externaltools.gnu-tools-for-stm32.9-2020-q2-update.linux64_2.0.0.202105311346/tools/bin/../lib/gcc/arm-none-eabi/9.3.1/../../../../arm-none-eabi/lib/thumb/v7-m/nofp/libnosys.a
END GROUP
LOAD /home/odemki/Programs/programs/STM32IDE/1/en.en-st-stm32cubeide_1-5-0_8698_20201117_1050_amd64_sh/makeself_dir_5QpOGP/y/plugins/com.st.stm32cube.ide.mcu.externaltools.gnu-tools-for-stm32.9-2020-q2-update.linux64_2.0.0.202105311346/tools/bin/../lib/gcc/arm-none-eabi/9.3.1/thumb/v7-m/nofp/crtend.o
LOAD /home/odemki/Programs/programs/STM32IDE/1/en.en-st-stm32cubeide_1-5-0_8698_20201117_1050_amd64_sh/makeself_dir_5QpOGP/y/plugins/com.st.stm32cube.ide.mcu.externaltools.gnu-tools-for-stm32.9-2020-q2-update.linux64_2.0.0.202105311346/tools/bin/../lib/gcc/arm-none-eabi/9.3.1/thumb/v7-m/nofp/crtn.o
                0x0000000020005000                _estack = (ORIGIN (RAM) + LENGTH (RAM))
                0x0000000000000200                _Min_Heap_Size = 0x200
                0x0000000000000400                _Min_Stack_Size = 0x400

.isr_vector     0x0000000008000000      0x10c
                0x0000000008000000                . = ALIGN (0x4)
 *(.isr_vector)
 .isr_vector    0x0000000008000000      0x10c ./Core/Startup/startup_stm32f103c8tx.o
                0x0000000008000000                g_pfnVectors
                0x000000000800010c                . = ALIGN (0x4)

.text           0x0000000008000110     0xa3ac
                0x0000000008000110                . = ALIGN (0x4)
 *(.text)
 .text          0x0000000008000110       0x40 /home/odemki/Programs/programs/STM32IDE/1/en.en-st-stm32cubeide_1-5-0_8698_20201117_1050_amd64_sh/makeself_dir_5QpOGP/y/plugins/com.st.stm32cube.ide.mcu.externaltools.gnu-tools-for-stm32.9-2020-q2-update.linux64_2.0.0.202105311346/tools/bin/../lib/gcc/arm-none-eabi/9.3.1/thumb/v7-m/nofp/crtbegin.o
 .text          0x0000000008000150       0x14 /home/odemki/Programs/programs/STM32IDE/1/en.en-st-stm32cubeide_1-5-0_8698_20201117_1050_amd64_sh/makeself_dir_5QpOGP/y/plugins/com.st.stm32cube.ide.mcu.externaltools.gnu-tools-for-stm32.9-2020-q2-update.linux64_2.0.0.202105311346/tools/bin/../lib/gcc/arm-none-eabi/9.3.1/../../../../arm-none-eabi/lib/thumb/v7-m/nofp/libc_nano.a(lib_a-strcmp.o)
                0x0000000008000150                strcmp
 .text          0x0000000008000164       0x10 /home/odemki/Programs/programs/STM32IDE/1/en.en-st-stm32cubeide_1-5-0_8698_20201117_1050_amd64_sh/makeself_dir_5QpOGP/y/plugins/com.st.stm32cube.ide.mcu.externaltools.gnu-tools-for-stm32.9-2020-q2-update.linux64_2.0.0.202105311346/tools/bin/../lib/gcc/arm-none-eabi/9.3.1/../../../../arm-none-eabi/lib/thumb/v7-m/nofp/libc_nano.a(lib_a-strlen.o)
                0x0000000008000164                strlen
 *(.text*)
 .text.DHT_Delay
                0x0000000008000174       0x30 ./Core/DHT11.o
                0x0000000008000174                DHT_Delay
 .text.Set_Pin_Output
                0x00000000080001a4       0x3a ./Core/DHT11.o
                0x00000000080001a4                Set_Pin_Output
 .text.Set_Pin_Input
                0x00000000080001de       0x3a ./Core/DHT11.o
                0x00000000080001de                Set_Pin_Input
 .text.DHT11_Start
                0x0000000008000218       0x40 ./Core/DHT11.o
                0x0000000008000218                DHT11_Start
 .text.DHT11_Check_Response
                0x0000000008000258       0x5c ./Core/DHT11.o
                0x0000000008000258                DHT11_Check_Response
 .text.DHT11_Read
                0x00000000080002b4       0x90 ./Core/DHT11.o
                0x00000000080002b4                DHT11_Read
 .text.DHT11_Get_Data
                0x0000000008000344       0xc8 ./Core/DHT11.o
                0x0000000008000344                DHT11_Get_Data
 .text.Send_Uart
                0x000000000800040c       0x2c ./Core/File_Handling_RTOS.o
                0x000000000800040c                Send_Uart
 .text.Mount_SD
                0x0000000008000438       0x48 ./Core/File_Handling_RTOS.o
                0x0000000008000438                Mount_SD
 .text.Unmount_SD
                0x0000000008000480       0x44 ./Core/File_Handling_RTOS.o
                0x0000000008000480                Unmount_SD
 .text.Format_SD
                0x00000000080004c4       0xcc ./Core/File_Handling_RTOS.o
                0x00000000080004c4                Format_SD
 .text.Create_File
                0x0000000008000590      0x12c ./Core/File_Handling_RTOS.o
                0x0000000008000590                Create_File
 .text.Update_File
                0x00000000080006bc      0x180 ./Core/File_Handling_RTOS.o
                0x00000000080006bc                Update_File
 .text.SELECT   0x000000000800083c       0x18 ./Core/fatfs_sd.o
 .text.DESELECT
                0x0000000008000854       0x18 ./Core/fatfs_sd.o
 .text.SPI_TxByte
                0x000000000800086c       0x34 ./Core/fatfs_sd.o
 .text.SPI_RxByte
                0x00000000080008a0       0x3c ./Core/fatfs_sd.o
 .text.SPI_RxBytePtr
                0x00000000080008dc       0x1c ./Core/fatfs_sd.o
 .text.SD_ReadyWait
                0x00000000080008f8       0x38 ./Core/fatfs_sd.o
 .text.SD_PowerOn
                0x0000000008000930       0x98 ./Core/fatfs_sd.o
 .text.SD_PowerOff
                0x00000000080009c8       0x18 ./Core/fatfs_sd.o
 .text.SD_CheckPower
                0x00000000080009e0       0x14 ./Core/fatfs_sd.o
 .text.SD_RxDataBlock
                0x00000000080009f4       0x6c ./Core/fatfs_sd.o
 .text.SD_TxDataBlock
                0x0000000008000a60       0xa8 ./Core/fatfs_sd.o
 .text.SD_SendCmd
                0x0000000008000b08       0xa4 ./Core/fatfs_sd.o
 .text.SD_disk_initialize
                0x0000000008000bac      0x1d4 ./Core/fatfs_sd.o
                0x0000000008000bac                SD_disk_initialize
 .text.SD_disk_status
                0x0000000008000d80       0x28 ./Core/fatfs_sd.o
                0x0000000008000d80                SD_disk_status
 .text.SD_disk_read
                0x0000000008000da8       0xd4 ./Core/fatfs_sd.o
                0x0000000008000da8                SD_disk_read
 .text.SD_disk_write
                0x0000000008000e7c      0x108 ./Core/fatfs_sd.o
                0x0000000008000e7c                SD_disk_write
 .text.SD_disk_ioctl
                0x0000000008000f84      0x264 ./Core/fatfs_sd.o
                0x0000000008000f84                SD_disk_ioctl
 .text.vApplicationGetIdleTaskMemory
                0x00000000080011e8       0x30 ./Core/Src/freertos.o
                0x00000000080011e8                vApplicationGetIdleTaskMemory
 .text.ADC_Task
                0x0000000008001218       0x3c ./Core/Src/main.o
                0x0000000008001218                ADC_Task
 .text.DHT_Task
                0x0000000008001254       0x48 ./Core/Src/main.o
                0x0000000008001254                DHT_Task
 .text.SDCARD_Task
                0x000000000800129c       0x8c ./Core/Src/main.o
                0x000000000800129c                SDCARD_Task
 .text.main     0x0000000008001328       0xf0 ./Core/Src/main.o
                0x0000000008001328                main
 .text.SystemClock_Config
                0x0000000008001418       0xb8 ./Core/Src/main.o
                0x0000000008001418                SystemClock_Config
 .text.MX_ADC1_Init
                0x00000000080014d0       0x7c ./Core/Src/main.o
 .text.MX_SPI1_Init
                0x000000000800154c       0x6c ./Core/Src/main.o
 .text.MX_TIM1_Init
                0x00000000080015b8       0xa4 ./Core/Src/main.o
 .text.MX_TIM3_Init
                0x000000000800165c       0x9c ./Core/Src/main.o
 .text.MX_USART1_UART_Init
                0x00000000080016f8       0x54 ./Core/Src/main.o
 .text.MX_GPIO_Init
                0x000000000800174c       0xb0 ./Core/Src/main.o
 .text.HAL_TIM_PeriodElapsedCallback
                0x00000000080017fc       0x60 ./Core/Src/main.o
                0x00000000080017fc                HAL_TIM_PeriodElapsedCallback
 .text.Error_Handler
                0x000000000800185c        0xc ./Core/Src/main.o
                0x000000000800185c                Error_Handler
 .text.HAL_MspInit
                0x0000000008001868       0x70 ./Core/Src/stm32f1xx_hal_msp.o
                0x0000000008001868                HAL_MspInit
 .text.HAL_ADC_MspInit
                0x00000000080018d8       0x78 ./Core/Src/stm32f1xx_hal_msp.o
                0x00000000080018d8                HAL_ADC_MspInit
 .text.HAL_SPI_MspInit
                0x0000000008001950       0x94 ./Core/Src/stm32f1xx_hal_msp.o
                0x0000000008001950                HAL_SPI_MspInit
 .text.HAL_TIM_Base_MspInit
                0x00000000080019e4       0x74 ./Core/Src/stm32f1xx_hal_msp.o
                0x00000000080019e4                HAL_TIM_Base_MspInit
 .text.HAL_UART_MspInit
                0x0000000008001a58       0x98 ./Core/Src/stm32f1xx_hal_msp.o
                0x0000000008001a58                HAL_UART_MspInit
 .text.HAL_InitTick
                0x0000000008001af0       0xb0 ./Core/Src/stm32f1xx_hal_timebase_tim.o
                0x0000000008001af0                HAL_InitTick
 .text.SDTimer_Handler
                0x0000000008001ba0       0x44 ./Core/Src/stm32f1xx_it.o
                0x0000000008001ba0                SDTimer_Handler
 .text.NMI_Handler
                0x0000000008001be4        0xc ./Core/Src/stm32f1xx_it.o
                0x0000000008001be4                NMI_Handler
 .text.HardFault_Handler
                0x0000000008001bf0        0x6 ./Core/Src/stm32f1xx_it.o
                0x0000000008001bf0                HardFault_Handler
 .text.MemManage_Handler
                0x0000000008001bf6        0x6 ./Core/Src/stm32f1xx_it.o
                0x0000000008001bf6                MemManage_Handler
 .text.BusFault_Handler
                0x0000000008001bfc        0x6 ./Core/Src/stm32f1xx_it.o
                0x0000000008001bfc                BusFault_Handler
 .text.UsageFault_Handler
                0x0000000008001c02        0x6 ./Core/Src/stm32f1xx_it.o
                0x0000000008001c02                UsageFault_Handler
 .text.DebugMon_Handler
                0x0000000008001c08        0xc ./Core/Src/stm32f1xx_it.o
                0x0000000008001c08                DebugMon_Handler
 .text.TIM1_UP_IRQHandler
                0x0000000008001c14       0x14 ./Core/Src/stm32f1xx_it.o
                0x0000000008001c14                TIM1_UP_IRQHandler
 .text.TIM2_IRQHandler
                0x0000000008001c28       0x38 ./Core/Src/stm32f1xx_it.o
                0x0000000008001c28                TIM2_IRQHandler
 .text._sbrk    0x0000000008001c60       0x58 ./Core/Src/sysmem.o
                0x0000000008001c60                _sbrk
 .text.SystemInit
                0x0000000008001cb8       0x68 ./Core/Src/system_stm32f1xx.o
                0x0000000008001cb8                SystemInit
 .text.Reset_Handler
                0x0000000008001d20       0x48 ./Core/Startup/startup_stm32f103c8tx.o
                0x0000000008001d20                Reset_Handler
 .text.Default_Handler
                0x0000000008001d68        0x2 ./Core/Startup/startup_stm32f103c8tx.o
                0x0000000008001d68                RTC_Alarm_IRQHandler
                0x0000000008001d68                EXTI2_IRQHandler
                0x0000000008001d68                TIM1_CC_IRQHandler
                0x0000000008001d68                PVD_IRQHandler
                0x0000000008001d68                EXTI3_IRQHandler
                0x0000000008001d68                EXTI0_IRQHandler
                0x0000000008001d68                I2C2_EV_IRQHandler
                0x0000000008001d68                ADC1_2_IRQHandler
                0x0000000008001d68                SPI1_IRQHandler
                0x0000000008001d68                TAMPER_IRQHandler
                0x0000000008001d68                DMA1_Channel4_IRQHandler
                0x0000000008001d68                USART3_IRQHandler
                0x0000000008001d68                RTC_IRQHandler
                0x0000000008001d68                DMA1_Channel7_IRQHandler
                0x0000000008001d68                CAN1_RX1_IRQHandler
                0x0000000008001d68                TIM4_IRQHandler
                0x0000000008001d68                I2C1_EV_IRQHandler
                0x0000000008001d68                DMA1_Channel6_IRQHandler
                0x0000000008001d68                TIM3_IRQHandler
                0x0000000008001d68                RCC_IRQHandler
                0x0000000008001d68                TIM1_TRG_COM_IRQHandler
                0x0000000008001d68                DMA1_Channel1_IRQHandler
                0x0000000008001d68                Default_Handler
                0x0000000008001d68                EXTI15_10_IRQHandler
                0x0000000008001d68                EXTI9_5_IRQHandler
                0x0000000008001d68                SPI2_IRQHandler
                0x0000000008001d68                DMA1_Channel5_IRQHandler
                0x0000000008001d68                EXTI4_IRQHandler
                0x0000000008001d68                USB_LP_CAN1_RX0_IRQHandler
                0x0000000008001d68                USB_HP_CAN1_TX_IRQHandler
                0x0000000008001d68                DMA1_Channel3_IRQHandler
                0x0000000008001d68                WWDG_IRQHandler
                0x0000000008001d68                TIM1_BRK_IRQHandler
                0x0000000008001d68                EXTI1_IRQHandler
                0x0000000008001d68                USART2_IRQHandler
                0x0000000008001d68                I2C2_ER_IRQHandler
                0x0000000008001d68                DMA1_Channel2_IRQHandler
                0x0000000008001d68                CAN1_SCE_IRQHandler
                0x0000000008001d68                FLASH_IRQHandler
                0x0000000008001d68                USART1_IRQHandler
                0x0000000008001d68                I2C1_ER_IRQHandler
                0x0000000008001d68                USBWakeUp_IRQHandler
 *fill*         0x0000000008001d6a        0x2 
 .text.HAL_Init
                0x0000000008001d6c       0x2c ./Drivers/STM32F1xx_HAL_Driver/Src/stm32f1xx_hal.o
                0x0000000008001d6c                HAL_Init
 .text.HAL_IncTick
                0x0000000008001d98       0x24 ./Drivers/STM32F1xx_HAL_Driver/Src/stm32f1xx_hal.o
                0x0000000008001d98                HAL_IncTick
 .text.HAL_GetTick
                0x0000000008001dbc       0x14 ./Drivers/STM32F1xx_HAL_Driver/Src/stm32f1xx_hal.o
                0x0000000008001dbc                HAL_GetTick
 .text.HAL_ADC_Init
                0x0000000008001dd0      0x1b0 ./Drivers/STM32F1xx_HAL_Driver/Src/stm32f1xx_hal_adc.o
                0x0000000008001dd0                HAL_ADC_Init
 .text.HAL_ADC_Start
                0x0000000008001f80      0x15c ./Drivers/STM32F1xx_HAL_Driver/Src/stm32f1xx_hal_adc.o
                0x0000000008001f80                HAL_ADC_Start
 .text.HAL_ADC_Stop
                0x00000000080020dc       0x58 ./Drivers/STM32F1xx_HAL_Driver/Src/stm32f1xx_hal_adc.o
                0x00000000080020dc                HAL_ADC_Stop
 .text.HAL_ADC_PollForConversion
                0x0000000008002134      0x1f4 ./Drivers/STM32F1xx_HAL_Driver/Src/stm32f1xx_hal_adc.o
                0x0000000008002134                HAL_ADC_PollForConversion
 .text.HAL_ADC_GetValue
                0x0000000008002328       0x18 ./Drivers/STM32F1xx_HAL_Driver/Src/stm32f1xx_hal_adc.o
                0x0000000008002328                HAL_ADC_GetValue
 .text.HAL_ADC_ConfigChannel
                0x0000000008002340      0x1f0 ./Drivers/STM32F1xx_HAL_Driver/Src/stm32f1xx_hal_adc.o
                0x0000000008002340                HAL_ADC_ConfigChannel
 .text.ADC_Enable
                0x0000000008002530       0xa4 ./Drivers/STM32F1xx_HAL_Driver/Src/stm32f1xx_hal_adc.o
                0x0000000008002530                ADC_Enable
 .text.ADC_ConversionStop_Disable
                0x00000000080025d4       0x74 ./Drivers/STM32F1xx_HAL_Driver/Src/stm32f1xx_hal_adc.o
                0x00000000080025d4                ADC_ConversionStop_Disable
 .text.__NVIC_SetPriorityGrouping
                0x0000000008002648       0x48 ./Drivers/STM32F1xx_HAL_Driver/Src/stm32f1xx_hal_cortex.o
 .text.__NVIC_GetPriorityGrouping
                0x0000000008002690       0x1c ./Drivers/STM32F1xx_HAL_Driver/Src/stm32f1xx_hal_cortex.o
 .text.__NVIC_EnableIRQ
                0x00000000080026ac       0x38 ./Drivers/STM32F1xx_HAL_Driver/Src/stm32f1xx_hal_cortex.o
 .text.__NVIC_SetPriority
                0x00000000080026e4       0x54 ./Drivers/STM32F1xx_HAL_Driver/Src/stm32f1xx_hal_cortex.o
 .text.NVIC_EncodePriority
                0x0000000008002738       0x64 ./Drivers/STM32F1xx_HAL_Driver/Src/stm32f1xx_hal_cortex.o
 .text.HAL_NVIC_SetPriorityGrouping
                0x000000000800279c       0x16 ./Drivers/STM32F1xx_HAL_Driver/Src/stm32f1xx_hal_cortex.o
                0x000000000800279c                HAL_NVIC_SetPriorityGrouping
 .text.HAL_NVIC_SetPriority
                0x00000000080027b2       0x38 ./Drivers/STM32F1xx_HAL_Driver/Src/stm32f1xx_hal_cortex.o
                0x00000000080027b2                HAL_NVIC_SetPriority
 .text.HAL_NVIC_EnableIRQ
                0x00000000080027ea       0x1c ./Drivers/STM32F1xx_HAL_Driver/Src/stm32f1xx_hal_cortex.o
                0x00000000080027ea                HAL_NVIC_EnableIRQ
 *fill*         0x0000000008002806        0x2 
 .text.HAL_GPIO_Init
                0x0000000008002808      0x308 ./Drivers/STM32F1xx_HAL_Driver/Src/stm32f1xx_hal_gpio.o
                0x0000000008002808                HAL_GPIO_Init
 .text.HAL_GPIO_ReadPin
                0x0000000008002b10       0x2e ./Drivers/STM32F1xx_HAL_Driver/Src/stm32f1xx_hal_gpio.o
                0x0000000008002b10                HAL_GPIO_ReadPin
 .text.HAL_GPIO_WritePin
                0x0000000008002b3e       0x30 ./Drivers/STM32F1xx_HAL_Driver/Src/stm32f1xx_hal_gpio.o
                0x0000000008002b3e                HAL_GPIO_WritePin
 *fill*         0x0000000008002b6e        0x2 
 .text.HAL_RCC_OscConfig
                0x0000000008002b70      0x500 ./Drivers/STM32F1xx_HAL_Driver/Src/stm32f1xx_hal_rcc.o
                0x0000000008002b70                HAL_RCC_OscConfig
 .text.HAL_RCC_ClockConfig
                0x0000000008003070      0x1d4 ./Drivers/STM32F1xx_HAL_Driver/Src/stm32f1xx_hal_rcc.o
                0x0000000008003070                HAL_RCC_ClockConfig
 .text.HAL_RCC_GetSysClockFreq
                0x0000000008003244       0xc0 ./Drivers/STM32F1xx_HAL_Driver/Src/stm32f1xx_hal_rcc.o
                0x0000000008003244                HAL_RCC_GetSysClockFreq
 .text.HAL_RCC_GetHCLKFreq
                0x0000000008003304       0x14 ./Drivers/STM32F1xx_HAL_Driver/Src/stm32f1xx_hal_rcc.o
                0x0000000008003304                HAL_RCC_GetHCLKFreq
 .text.HAL_RCC_GetPCLK1Freq
                0x0000000008003318       0x28 ./Drivers/STM32F1xx_HAL_Driver/Src/stm32f1xx_hal_rcc.o
                0x0000000008003318                HAL_RCC_GetPCLK1Freq
 .text.HAL_RCC_GetPCLK2Freq
                0x0000000008003340       0x28 ./Drivers/STM32F1xx_HAL_Driver/Src/stm32f1xx_hal_rcc.o
                0x0000000008003340                HAL_RCC_GetPCLK2Freq
 .text.HAL_RCC_GetClockConfig
                0x0000000008003368       0x60 ./Drivers/STM32F1xx_HAL_Driver/Src/stm32f1xx_hal_rcc.o
                0x0000000008003368                HAL_RCC_GetClockConfig
 .text.RCC_Delay
                0x00000000080033c8       0x3c ./Drivers/STM32F1xx_HAL_Driver/Src/stm32f1xx_hal_rcc.o
 .text.HAL_RCCEx_PeriphCLKConfig
                0x0000000008003404      0x16c ./Drivers/STM32F1xx_HAL_Driver/Src/stm32f1xx_hal_rcc_ex.o
                0x0000000008003404                HAL_RCCEx_PeriphCLKConfig
 .text.HAL_RCCEx_GetPeriphCLKFreq
                0x0000000008003570      0x188 ./Drivers/STM32F1xx_HAL_Driver/Src/stm32f1xx_hal_rcc_ex.o
                0x0000000008003570                HAL_RCCEx_GetPeriphCLKFreq
 .text.HAL_SPI_Init
                0x00000000080036f8       0xc2 ./Drivers/STM32F1xx_HAL_Driver/Src/stm32f1xx_hal_spi.o
                0x00000000080036f8                HAL_SPI_Init
 .text.HAL_SPI_Transmit
                0x00000000080037ba      0x268 ./Drivers/STM32F1xx_HAL_Driver/Src/stm32f1xx_hal_spi.o
                0x00000000080037ba                HAL_SPI_Transmit
 .text.HAL_SPI_TransmitReceive
                0x0000000008003a22      0x344 ./Drivers/STM32F1xx_HAL_Driver/Src/stm32f1xx_hal_spi.o
                0x0000000008003a22                HAL_SPI_TransmitReceive
 .text.HAL_SPI_GetState
                0x0000000008003d66       0x1a ./Drivers/STM32F1xx_HAL_Driver/Src/stm32f1xx_hal_spi.o
                0x0000000008003d66                HAL_SPI_GetState
 .text.SPI_WaitFlagStateUntilTimeout
                0x0000000008003d80       0xd4 ./Drivers/STM32F1xx_HAL_Driver/Src/stm32f1xx_hal_spi.o
 .text.SPI_EndRxTxTransaction
                0x0000000008003e54       0x3c ./Drivers/STM32F1xx_HAL_Driver/Src/stm32f1xx_hal_spi.o
 .text.HAL_TIM_Base_Init
                0x0000000008003e90       0x56 ./Drivers/STM32F1xx_HAL_Driver/Src/stm32f1xx_hal_tim.o
                0x0000000008003e90                HAL_TIM_Base_Init
 .text.HAL_TIM_Base_Start
                0x0000000008003ee6       0x46 ./Drivers/STM32F1xx_HAL_Driver/Src/stm32f1xx_hal_tim.o
                0x0000000008003ee6                HAL_TIM_Base_Start
 .text.HAL_TIM_Base_Start_IT
                0x0000000008003f2c       0x46 ./Drivers/STM32F1xx_HAL_Driver/Src/stm32f1xx_hal_tim.o
                0x0000000008003f2c                HAL_TIM_Base_Start_IT
 .text.HAL_TIM_IRQHandler
                0x0000000008003f72      0x210 ./Drivers/STM32F1xx_HAL_Driver/Src/stm32f1xx_hal_tim.o
                0x0000000008003f72                HAL_TIM_IRQHandler
 .text.HAL_TIM_ConfigClockSource
                0x0000000008004182      0x188 ./Drivers/STM32F1xx_HAL_Driver/Src/stm32f1xx_hal_tim.o
                0x0000000008004182                HAL_TIM_ConfigClockSource
 .text.HAL_TIM_OC_DelayElapsedCallback
                0x000000000800430a       0x12 ./Drivers/STM32F1xx_HAL_Driver/Src/stm32f1xx_hal_tim.o
                0x000000000800430a                HAL_TIM_OC_DelayElapsedCallback
 .text.HAL_TIM_IC_CaptureCallback
                0x000000000800431c       0x12 ./Drivers/STM32F1xx_HAL_Driver/Src/stm32f1xx_hal_tim.o
                0x000000000800431c                HAL_TIM_IC_CaptureCallback
 .text.HAL_TIM_PWM_PulseFinishedCallback
                0x000000000800432e       0x12 ./Drivers/STM32F1xx_HAL_Driver/Src/stm32f1xx_hal_tim.o
                0x000000000800432e                HAL_TIM_PWM_PulseFinishedCallback
 .text.HAL_TIM_TriggerCallback
                0x0000000008004340       0x12 ./Drivers/STM32F1xx_HAL_Driver/Src/stm32f1xx_hal_tim.o
                0x0000000008004340                HAL_TIM_TriggerCallback
 *fill*         0x0000000008004352        0x2 
 .text.TIM_Base_SetConfig
                0x0000000008004354       0xc4 ./Drivers/STM32F1xx_HAL_Driver/Src/stm32f1xx_hal_tim.o
                0x0000000008004354                TIM_Base_SetConfig
 .text.TIM_TI1_ConfigInputStage
                0x0000000008004418       0x5c ./Drivers/STM32F1xx_HAL_Driver/Src/stm32f1xx_hal_tim.o
 .text.TIM_TI2_ConfigInputStage
                0x0000000008004474       0x5e ./Drivers/STM32F1xx_HAL_Driver/Src/stm32f1xx_hal_tim.o
 .text.TIM_ITRx_SetConfig
                0x00000000080044d2       0x34 ./Drivers/STM32F1xx_HAL_Driver/Src/stm32f1xx_hal_tim.o
 .text.TIM_ETR_SetConfig
                0x0000000008004506       0x3e ./Drivers/STM32F1xx_HAL_Driver/Src/stm32f1xx_hal_tim.o
                0x0000000008004506                TIM_ETR_SetConfig
 .text.HAL_TIMEx_MasterConfigSynchronization
                0x0000000008004544       0x88 ./Drivers/STM32F1xx_HAL_Driver/Src/stm32f1xx_hal_tim_ex.o
                0x0000000008004544                HAL_TIMEx_MasterConfigSynchronization
 .text.HAL_TIMEx_CommutCallback
                0x00000000080045cc       0x12 ./Drivers/STM32F1xx_HAL_Driver/Src/stm32f1xx_hal_tim_ex.o
                0x00000000080045cc                HAL_TIMEx_CommutCallback
 .text.HAL_TIMEx_BreakCallback
                0x00000000080045de       0x12 ./Drivers/STM32F1xx_HAL_Driver/Src/stm32f1xx_hal_tim_ex.o
                0x00000000080045de                HAL_TIMEx_BreakCallback
 .text.HAL_UART_Init
                0x00000000080045f0       0x9a ./Drivers/STM32F1xx_HAL_Driver/Src/stm32f1xx_hal_uart.o
                0x00000000080045f0                HAL_UART_Init
 .text.HAL_UART_Transmit
                0x000000000800468a      0x132 ./Drivers/STM32F1xx_HAL_Driver/Src/stm32f1xx_hal_uart.o
                0x000000000800468a                HAL_UART_Transmit
 .text.UART_WaitOnFlagUntilTimeout
                0x00000000080047bc       0x94 ./Drivers/STM32F1xx_HAL_Driver/Src/stm32f1xx_hal_uart.o
 .text.UART_SetConfig
                0x0000000008004850      0x1b4 ./Drivers/STM32F1xx_HAL_Driver/Src/stm32f1xx_hal_uart.o
 .text.MX_FATFS_Init
                0x0000000008004a04       0x24 ./FATFS/App/fatfs.o
                0x0000000008004a04                MX_FATFS_Init
 .text.get_fattime
                0x0000000008004a28        0xe ./FATFS/App/fatfs.o
                0x0000000008004a28                get_fattime
 .text.USER_initialize
                0x0000000008004a36       0x1c ./FATFS/Target/user_diskio.o
                0x0000000008004a36                USER_initialize
 .text.USER_status
                0x0000000008004a52       0x1c ./FATFS/Target/user_diskio.o
                0x0000000008004a52                USER_status
 .text.USER_read
                0x0000000008004a6e       0x26 ./FATFS/Target/user_diskio.o
                0x0000000008004a6e                USER_read
 .text.USER_write
                0x0000000008004a94       0x26 ./FATFS/Target/user_diskio.o
                0x0000000008004a94                USER_write
 .text.USER_ioctl
                0x0000000008004aba       0x26 ./FATFS/Target/user_diskio.o
                0x0000000008004aba                USER_ioctl
 .text.disk_status
                0x0000000008004ae0       0x34 ./Middlewares/Third_Party/FatFs/src/diskio.o
                0x0000000008004ae0                disk_status
 .text.disk_initialize
                0x0000000008004b14       0x4c ./Middlewares/Third_Party/FatFs/src/diskio.o
                0x0000000008004b14                disk_initialize
 .text.disk_read
                0x0000000008004b60       0x40 ./Middlewares/Third_Party/FatFs/src/diskio.o
                0x0000000008004b60                disk_read
 .text.disk_write
                0x0000000008004ba0       0x40 ./Middlewares/Third_Party/FatFs/src/diskio.o
                0x0000000008004ba0                disk_write
 .text.disk_ioctl
                0x0000000008004be0       0x3c ./Middlewares/Third_Party/FatFs/src/diskio.o
                0x0000000008004be0                disk_ioctl
 .text.ld_word  0x0000000008004c1c       0x2e ./Middlewares/Third_Party/FatFs/src/ff.o
 .text.ld_dword
                0x0000000008004c4a       0x44 ./Middlewares/Third_Party/FatFs/src/ff.o
 .text.st_word  0x0000000008004c8e       0x34 ./Middlewares/Third_Party/FatFs/src/ff.o
 .text.st_dword
                0x0000000008004cc2       0x56 ./Middlewares/Third_Party/FatFs/src/ff.o
 .text.mem_cpy  0x0000000008004d18       0x40 ./Middlewares/Third_Party/FatFs/src/ff.o
 .text.mem_set  0x0000000008004d58       0x34 ./Middlewares/Third_Party/FatFs/src/ff.o
 .text.mem_cmp  0x0000000008004d8c       0x4c ./Middlewares/Third_Party/FatFs/src/ff.o
 .text.chk_chr  0x0000000008004dd8       0x34 ./Middlewares/Third_Party/FatFs/src/ff.o
 .text.lock_fs  0x0000000008004e0c       0x2c ./Middlewares/Third_Party/FatFs/src/ff.o
 .text.unlock_fs
                0x0000000008004e38       0x36 ./Middlewares/Third_Party/FatFs/src/ff.o
 *fill*         0x0000000008004e6e        0x2 
 .text.chk_lock
                0x0000000008004e70       0xb4 ./Middlewares/Third_Party/FatFs/src/ff.o
 .text.enq_lock
                0x0000000008004f24       0x40 ./Middlewares/Third_Party/FatFs/src/ff.o
 .text.inc_lock
                0x0000000008004f64      0x11c ./Middlewares/Third_Party/FatFs/src/ff.o
 .text.dec_lock
                0x0000000008005080       0x74 ./Middlewares/Third_Party/FatFs/src/ff.o
 .text.clear_lock
                0x00000000080050f4       0x48 ./Middlewares/Third_Party/FatFs/src/ff.o
 .text.sync_window
                0x000000000800513c       0x88 ./Middlewares/Third_Party/FatFs/src/ff.o
 .text.move_window
                0x00000000080051c4       0x5a ./Middlewares/Third_Party/FatFs/src/ff.o
 *fill*         0x000000000800521e        0x2 
 .text.sync_fs  0x0000000008005220       0xdc ./Middlewares/Third_Party/FatFs/src/ff.o
 .text.clust2sect
                0x00000000080052fc       0x3c ./Middlewares/Third_Party/FatFs/src/ff.o
 .text.get_fat  0x0000000008005338      0x150 ./Middlewares/Third_Party/FatFs/src/ff.o
 .text.put_fat  0x0000000008005488      0x1d8 ./Middlewares/Third_Party/FatFs/src/ff.o
 .text.remove_chain
                0x0000000008005660       0xca ./Middlewares/Third_Party/FatFs/src/ff.o
 .text.create_chain
                0x000000000800572a      0x130 ./Middlewares/Third_Party/FatFs/src/ff.o
 .text.clmt_clust
                0x000000000800585a       0x66 ./Middlewares/Third_Party/FatFs/src/ff.o
 .text.dir_sdi  0x00000000080058c0       0xf6 ./Middlewares/Third_Party/FatFs/src/ff.o
 .text.dir_next
                0x00000000080059b6      0x18a ./Middlewares/Third_Party/FatFs/src/ff.o
 .text.dir_alloc
                0x0000000008005b40       0x8e ./Middlewares/Third_Party/FatFs/src/ff.o
 .text.ld_clust
                0x0000000008005bce       0x3e ./Middlewares/Third_Party/FatFs/src/ff.o
 .text.st_clust
                0x0000000008005c0c       0x40 ./Middlewares/Third_Party/FatFs/src/ff.o
 .text.dir_read
                0x0000000008005c4c       0xba ./Middlewares/Third_Party/FatFs/src/ff.o
 .text.dir_find
                0x0000000008005d06       0xaa ./Middlewares/Third_Party/FatFs/src/ff.o
 .text.dir_register
                0x0000000008005db0       0x64 ./Middlewares/Third_Party/FatFs/src/ff.o
 .text.dir_remove
                0x0000000008005e14       0x3c ./Middlewares/Third_Party/FatFs/src/ff.o
 .text.get_fileinfo
                0x0000000008005e50       0xbe ./Middlewares/Third_Party/FatFs/src/ff.o
 *fill*         0x0000000008005f0e        0x2 
 .text.create_name
                0x0000000008005f10      0x128 ./Middlewares/Third_Party/FatFs/src/ff.o
 .text.follow_path
                0x0000000008006038       0xe2 ./Middlewares/Third_Party/FatFs/src/ff.o
 .text.get_ldnumber
                0x000000000800611a       0x86 ./Middlewares/Third_Party/FatFs/src/ff.o
 .text.check_fs
                0x00000000080061a0       0xac ./Middlewares/Third_Party/FatFs/src/ff.o
 .text.find_volume
                0x000000000800624c      0x4a8 ./Middlewares/Third_Party/FatFs/src/ff.o
 .text.validate
                0x00000000080066f4       0x8e ./Middlewares/Third_Party/FatFs/src/ff.o
 *fill*         0x0000000008006782        0x2 
 .text.f_mount  0x0000000008006784       0xc8 ./Middlewares/Third_Party/FatFs/src/ff.o
                0x0000000008006784                f_mount
 .text.f_open   0x000000000800684c      0x38a ./Middlewares/Third_Party/FatFs/src/ff.o
                0x000000000800684c                f_open
 .text.f_write  0x0000000008006bd6      0x348 ./Middlewares/Third_Party/FatFs/src/ff.o
                0x0000000008006bd6                f_write
 .text.f_sync   0x0000000008006f1e      0x112 ./Middlewares/Third_Party/FatFs/src/ff.o
                0x0000000008006f1e                f_sync
 .text.f_close  0x0000000008007030       0x5e ./Middlewares/Third_Party/FatFs/src/ff.o
                0x0000000008007030                f_close
 .text.f_opendir
                0x000000000800708e       0xf2 ./Middlewares/Third_Party/FatFs/src/ff.o
                0x000000000800708e                f_opendir
 .text.f_closedir
                0x0000000008007180       0x56 ./Middlewares/Third_Party/FatFs/src/ff.o
                0x0000000008007180                f_closedir
 .text.f_readdir
                0x00000000080071d6       0x86 ./Middlewares/Third_Party/FatFs/src/ff.o
                0x00000000080071d6                f_readdir
 .text.f_stat   0x000000000800725c       0x80 ./Middlewares/Third_Party/FatFs/src/ff.o
                0x000000000800725c                f_stat
 .text.f_unlink
                0x00000000080072dc      0x164 ./Middlewares/Third_Party/FatFs/src/ff.o
                0x00000000080072dc                f_unlink
 .text.FATFS_LinkDriverEx
                0x0000000008007440       0x94 ./Middlewares/Third_Party/FatFs/src/ff_gen_drv.o
                0x0000000008007440                FATFS_LinkDriverEx
 .text.FATFS_LinkDriver
                0x00000000080074d4       0x1e ./Middlewares/Third_Party/FatFs/src/ff_gen_drv.o
                0x00000000080074d4                FATFS_LinkDriver
 .text.ff_cre_syncobj
                0x00000000080074f2       0x40 ./Middlewares/Third_Party/FatFs/src/option/syscall.o
                0x00000000080074f2                ff_cre_syncobj
 .text.ff_del_syncobj
                0x0000000008007532       0x18 ./Middlewares/Third_Party/FatFs/src/option/syscall.o
                0x0000000008007532                ff_del_syncobj
 .text.ff_req_grant
                0x000000000800754a       0x2a ./Middlewares/Third_Party/FatFs/src/option/syscall.o
                0x000000000800754a                ff_req_grant
 .text.ff_rel_grant
                0x0000000008007574       0x16 ./Middlewares/Third_Party/FatFs/src/option/syscall.o
                0x0000000008007574                ff_rel_grant
 .text.inHandlerMode
                0x000000000800758a       0x22 ./Middlewares/Third_Party/FreeRTOS/Source/CMSIS_RTOS/cmsis_os.o
 .text.osSemaphoreCreate
                0x00000000080075ac       0x64 ./Middlewares/Third_Party/FreeRTOS/Source/CMSIS_RTOS/cmsis_os.o
                0x00000000080075ac                osSemaphoreCreate
 .text.osSemaphoreWait
                0x0000000008007610       0x9c ./Middlewares/Third_Party/FreeRTOS/Source/CMSIS_RTOS/cmsis_os.o
                0x0000000008007610                osSemaphoreWait
 .text.osSemaphoreRelease
                0x00000000080076ac       0x6c ./Middlewares/Third_Party/FreeRTOS/Source/CMSIS_RTOS/cmsis_os.o
                0x00000000080076ac                osSemaphoreRelease
 .text.osSemaphoreDelete
                0x0000000008007718       0x26 ./Middlewares/Third_Party/FreeRTOS/Source/CMSIS_RTOS/cmsis_os.o
                0x0000000008007718                osSemaphoreDelete
 .text.vListInitialise
                0x000000000800773e       0x3e ./Middlewares/Third_Party/FreeRTOS/Source/list.o
                0x000000000800773e                vListInitialise
 .text.vListInitialiseItem
                0x000000000800777c       0x18 ./Middlewares/Third_Party/FreeRTOS/Source/list.o
                0x000000000800777c                vListInitialiseItem
 .text.vListInsertEnd
                0x0000000008007794       0x46 ./Middlewares/Third_Party/FreeRTOS/Source/list.o
                0x0000000008007794                vListInsertEnd
 .text.vListInsert
                0x00000000080077da       0x70 ./Middlewares/Third_Party/FreeRTOS/Source/list.o
                0x00000000080077da                vListInsert
 .text.uxListRemove
                0x000000000800784a       0x52 ./Middlewares/Third_Party/FreeRTOS/Source/list.o
                0x000000000800784a                uxListRemove
 .text.xQueueGenericReset
                0x000000000800789c       0xd0 ./Middlewares/Third_Party/FreeRTOS/Source/queue.o
                0x000000000800789c                xQueueGenericReset
 .text.xQueueGenericCreateStatic
                0x000000000800796c       0xee ./Middlewares/Third_Party/FreeRTOS/Source/queue.o
                0x000000000800796c                xQueueGenericCreateStatic
 .text.xQueueGenericCreate
                0x0000000008007a5a       0x7c ./Middlewares/Third_Party/FreeRTOS/Source/queue.o
                0x0000000008007a5a                xQueueGenericCreate
 .text.prvInitialiseNewQueue
                0x0000000008007ad6       0x3e ./Middlewares/Third_Party/FreeRTOS/Source/queue.o
 .text.xQueueGenericSend
                0x0000000008007b14      0x1fc ./Middlewares/Third_Party/FreeRTOS/Source/queue.o
                0x0000000008007b14                xQueueGenericSend
 .text.xQueueGiveFromISR
                0x0000000008007d10      0x11a ./Middlewares/Third_Party/FreeRTOS/Source/queue.o
                0x0000000008007d10                xQueueGiveFromISR
 *fill*         0x0000000008007e2a        0x2 
 .text.xQueueSemaphoreTake
                0x0000000008007e2c      0x218 ./Middlewares/Third_Party/FreeRTOS/Source/queue.o
                0x0000000008007e2c                xQueueSemaphoreTake
 .text.xQueueReceiveFromISR
                0x0000000008008044      0x100 ./Middlewares/Third_Party/FreeRTOS/Source/queue.o
                0x0000000008008044                xQueueReceiveFromISR
 .text.vQueueDelete
                0x0000000008008144       0x46 ./Middlewares/Third_Party/FreeRTOS/Source/queue.o
                0x0000000008008144                vQueueDelete
 .text.prvGetDisinheritPriorityAfterTimeout
                0x000000000800818a       0x2e ./Middlewares/Third_Party/FreeRTOS/Source/queue.o
 .text.prvCopyDataToQueue
                0x00000000080081b8       0xd4 ./Middlewares/Third_Party/FreeRTOS/Source/queue.o
 .text.prvCopyDataFromQueue
                0x000000000800828c       0x4c ./Middlewares/Third_Party/FreeRTOS/Source/queue.o
 .text.prvUnlockQueue
                0x00000000080082d8       0xa4 ./Middlewares/Third_Party/FreeRTOS/Source/queue.o
 .text.prvIsQueueEmpty
                0x000000000800837c       0x2c ./Middlewares/Third_Party/FreeRTOS/Source/queue.o
 .text.prvIsQueueFull
                0x00000000080083a8       0x30 ./Middlewares/Third_Party/FreeRTOS/Source/queue.o
 .text.vQueueUnregisterQueue
                0x00000000080083d8       0x54 ./Middlewares/Third_Party/FreeRTOS/Source/queue.o
                0x00000000080083d8                vQueueUnregisterQueue
 .text.xTaskCreateStatic
                0x000000000800842c       0xb8 ./Middlewares/Third_Party/FreeRTOS/Source/tasks.o
                0x000000000800842c                xTaskCreateStatic
 .text.xTaskCreate
                0x00000000080084e4       0x8a ./Middlewares/Third_Party/FreeRTOS/Source/tasks.o
                0x00000000080084e4                xTaskCreate
 .text.prvInitialiseNewTask
                0x000000000800856e       0xfe ./Middlewares/Third_Party/FreeRTOS/Source/tasks.o
 .text.prvAddNewTaskToReadyList
                0x000000000800866c       0xd4 ./Middlewares/Third_Party/FreeRTOS/Source/tasks.o
 .text.vTaskDelay
                0x0000000008008740       0x68 ./Middlewares/Third_Party/FreeRTOS/Source/tasks.o
                0x0000000008008740                vTaskDelay
 .text.vTaskStartScheduler
                0x00000000080087a8       0xc0 ./Middlewares/Third_Party/FreeRTOS/Source/tasks.o
                0x00000000080087a8                vTaskStartScheduler
 .text.vTaskSuspendAll
                0x0000000008008868       0x1c ./Middlewares/Third_Party/FreeRTOS/Source/tasks.o
                0x0000000008008868                vTaskSuspendAll
 .text.xTaskResumeAll
                0x0000000008008884      0x138 ./Middlewares/Third_Party/FreeRTOS/Source/tasks.o
                0x0000000008008884                xTaskResumeAll
 .text.xTaskIncrementTick
                0x00000000080089bc      0x17c ./Middlewares/Third_Party/FreeRTOS/Source/tasks.o
                0x00000000080089bc                xTaskIncrementTick
 .text.vTaskSwitchContext
                0x0000000008008b38       0xb4 ./Middlewares/Third_Party/FreeRTOS/Source/tasks.o
                0x0000000008008b38                vTaskSwitchContext
 .text.vTaskPlaceOnEventList
                0x0000000008008bec       0x48 ./Middlewares/Third_Party/FreeRTOS/Source/tasks.o
                0x0000000008008bec                vTaskPlaceOnEventList
 .text.xTaskRemoveFromEventList
                0x0000000008008c34       0xc4 ./Middlewares/Third_Party/FreeRTOS/Source/tasks.o
                0x0000000008008c34                xTaskRemoveFromEventList
 .text.vTaskInternalSetTimeOutState
                0x0000000008008cf8       0x2c ./Middlewares/Third_Party/FreeRTOS/Source/tasks.o
                0x0000000008008cf8                vTaskInternalSetTimeOutState
 .text.xTaskCheckForTimeOut
                0x0000000008008d24       0xc4 ./Middlewares/Third_Party/FreeRTOS/Source/tasks.o
                0x0000000008008d24                xTaskCheckForTimeOut
 .text.vTaskMissedYield
                0x0000000008008de8       0x18 ./Middlewares/Third_Party/FreeRTOS/Source/tasks.o
                0x0000000008008de8                vTaskMissedYield
 .text.prvIdleTask
                0x0000000008008e00       0x30 ./Middlewares/Third_Party/FreeRTOS/Source/tasks.o
 .text.prvInitialiseTaskLists
                0x0000000008008e30       0x80 ./Middlewares/Third_Party/FreeRTOS/Source/tasks.o
 .text.prvCheckTasksWaitingTermination
                0x0000000008008eb0       0x5c ./Middlewares/Third_Party/FreeRTOS/Source/tasks.o
 .text.prvDeleteTCB
                0x0000000008008f0c       0x5e ./Middlewares/Third_Party/FreeRTOS/Source/tasks.o
 *fill*         0x0000000008008f6a        0x2 
 .text.prvResetNextTaskUnblockTime
                0x0000000008008f6c       0x48 ./Middlewares/Third_Party/FreeRTOS/Source/tasks.o
 .text.xTaskGetSchedulerState
                0x0000000008008fb4       0x3c ./Middlewares/Third_Party/FreeRTOS/Source/tasks.o
                0x0000000008008fb4                xTaskGetSchedulerState
 .text.xTaskPriorityInherit
                0x0000000008008ff0      0x10c ./Middlewares/Third_Party/FreeRTOS/Source/tasks.o
                0x0000000008008ff0                xTaskPriorityInherit
 .text.xTaskPriorityDisinherit
                0x00000000080090fc      0x10c ./Middlewares/Third_Party/FreeRTOS/Source/tasks.o
                0x00000000080090fc                xTaskPriorityDisinherit
 .text.vTaskPriorityDisinheritAfterTimeout
                0x0000000008009208      0x140 ./Middlewares/Third_Party/FreeRTOS/Source/tasks.o
                0x0000000008009208                vTaskPriorityDisinheritAfterTimeout
 .text.pvTaskIncrementMutexHeldCount
                0x0000000008009348       0x28 ./Middlewares/Third_Party/FreeRTOS/Source/tasks.o
                0x0000000008009348                pvTaskIncrementMutexHeldCount
 .text.prvAddCurrentTaskToDelayedList
                0x0000000008009370       0xcc ./Middlewares/Third_Party/FreeRTOS/Source/tasks.o
 .text.pxPortInitialiseStack
                0x000000000800943c       0x58 ./Middlewares/Third_Party/FreeRTOS/Source/portable/GCC/ARM_CM3/port.o
                0x000000000800943c                pxPortInitialiseStack
 .text.prvTaskExitError
                0x0000000008009494       0x58 ./Middlewares/Third_Party/FreeRTOS/Source/portable/GCC/ARM_CM3/port.o
 *fill*         0x00000000080094ec        0x4 
 .text.SVC_Handler
                0x00000000080094f0       0x28 ./Middlewares/Third_Party/FreeRTOS/Source/portable/GCC/ARM_CM3/port.o
                0x00000000080094f0                SVC_Handler
 .text.prvPortStartFirstTask
                0x0000000008009518       0x20 ./Middlewares/Third_Party/FreeRTOS/Source/portable/GCC/ARM_CM3/port.o
 .text.xPortStartScheduler
                0x0000000008009538       0xe4 ./Middlewares/Third_Party/FreeRTOS/Source/portable/GCC/ARM_CM3/port.o
                0x0000000008009538                xPortStartScheduler
 .text.vPortEnterCritical
                0x000000000800961c       0x60 ./Middlewares/Third_Party/FreeRTOS/Source/portable/GCC/ARM_CM3/port.o
                0x000000000800961c                vPortEnterCritical
 .text.vPortExitCritical
                0x000000000800967c       0x50 ./Middlewares/Third_Party/FreeRTOS/Source/portable/GCC/ARM_CM3/port.o
                0x000000000800967c                vPortExitCritical
 *fill*         0x00000000080096cc        0x4 
 .text.PendSV_Handler
                0x00000000080096d0       0x48 ./Middlewares/Third_Party/FreeRTOS/Source/portable/GCC/ARM_CM3/port.o
                0x00000000080096d0                PendSV_Handler
 .text.SysTick_Handler
                0x0000000008009718       0x44 ./Middlewares/Third_Party/FreeRTOS/Source/portable/GCC/ARM_CM3/port.o
                0x0000000008009718                SysTick_Handler
 .text.vPortSetupTimerInterrupt
                0x000000000800975c       0x44 ./Middlewares/Third_Party/FreeRTOS/Source/portable/GCC/ARM_CM3/port.o
                0x000000000800975c                vPortSetupTimerInterrupt
 .text.vPortValidateInterruptPriority
                0x00000000080097a0       0x7c ./Middlewares/Third_Party/FreeRTOS/Source/portable/GCC/ARM_CM3/port.o
                0x00000000080097a0                vPortValidateInterruptPriority
 .text.pvPortMalloc
                0x000000000800981c      0x188 ./Middlewares/Third_Party/FreeRTOS/Source/portable/MemMang/heap_4.o
                0x000000000800981c                pvPortMalloc
 .text.vPortFree
                0x00000000080099a4       0xb4 ./Middlewares/Third_Party/FreeRTOS/Source/portable/MemMang/heap_4.o
                0x00000000080099a4                vPortFree
 .text.prvHeapInit
                0x0000000008009a58       0xc4 ./Middlewares/Third_Party/FreeRTOS/Source/portable/MemMang/heap_4.o
 .text.prvInsertBlockIntoFreeList
                0x0000000008009b1c       0xb0 ./Middlewares/Third_Party/FreeRTOS/Source/portable/MemMang/heap_4.o
 .text.__errno  0x0000000008009bcc        0xc /home/odemki/Programs/programs/STM32IDE/1/en.en-st-stm32cubeide_1-5-0_8698_20201117_1050_amd64_sh/makeself_dir_5QpOGP/y/plugins/com.st.stm32cube.ide.mcu.externaltools.gnu-tools-for-stm32.9-2020-q2-update.linux64_2.0.0.202105311346/tools/bin/../lib/gcc/arm-none-eabi/9.3.1/../../../../arm-none-eabi/lib/thumb/v7-m/nofp/libc_nano.a(lib_a-errno.o)
                0x0000000008009bcc                __errno
 .text.__libc_init_array
                0x0000000008009bd8       0x48 /home/odemki/Programs/programs/STM32IDE/1/en.en-st-stm32cubeide_1-5-0_8698_20201117_1050_amd64_sh/makeself_dir_5QpOGP/y/plugins/com.st.stm32cube.ide.mcu.externaltools.gnu-tools-for-stm32.9-2020-q2-update.linux64_2.0.0.202105311346/tools/bin/../lib/gcc/arm-none-eabi/9.3.1/../../../../arm-none-eabi/lib/thumb/v7-m/nofp/libc_nano.a(lib_a-init.o)
                0x0000000008009bd8                __libc_init_array
 .text.memcpy   0x0000000008009c20       0x1c /home/odemki/Programs/programs/STM32IDE/1/en.en-st-stm32cubeide_1-5-0_8698_20201117_1050_amd64_sh/makeself_dir_5QpOGP/y/plugins/com.st.stm32cube.ide.mcu.externaltools.gnu-tools-for-stm32.9-2020-q2-update.linux64_2.0.0.202105311346/tools/bin/../lib/gcc/arm-none-eabi/9.3.1/../../../../arm-none-eabi/lib/thumb/v7-m/nofp/libc_nano.a(lib_a-memcpy-stub.o)
                0x0000000008009c20                memcpy
 .text.memset   0x0000000008009c3c       0x10 /home/odemki/Programs/programs/STM32IDE/1/en.en-st-stm32cubeide_1-5-0_8698_20201117_1050_amd64_sh/makeself_dir_5QpOGP/y/plugins/com.st.stm32cube.ide.mcu.externaltools.gnu-tools-for-stm32.9-2020-q2-update.linux64_2.0.0.202105311346/tools/bin/../lib/gcc/arm-none-eabi/9.3.1/../../../../arm-none-eabi/lib/thumb/v7-m/nofp/libc_nano.a(lib_a-memset.o)
                0x0000000008009c3c                memset
 .text.sprintf  0x0000000008009c4c       0x40 /home/odemki/Programs/programs/STM32IDE/1/en.en-st-stm32cubeide_1-5-0_8698_20201117_1050_amd64_sh/makeself_dir_5QpOGP/y/plugins/com.st.stm32cube.ide.mcu.externaltools.gnu-tools-for-stm32.9-2020-q2-update.linux64_2.0.0.202105311346/tools/bin/../lib/gcc/arm-none-eabi/9.3.1/../../../../arm-none-eabi/lib/thumb/v7-m/nofp/libc_nano.a(lib_a-sprintf.o)
                0x0000000008009c4c                sprintf
                0x0000000008009c4c                siprintf
 .text.__ssputs_r
                0x0000000008009c8c       0xb6 /home/odemki/Programs/programs/STM32IDE/1/en.en-st-stm32cubeide_1-5-0_8698_20201117_1050_amd64_sh/makeself_dir_5QpOGP/y/plugins/com.st.stm32cube.ide.mcu.externaltools.gnu-tools-for-stm32.9-2020-q2-update.linux64_2.0.0.202105311346/tools/bin/../lib/gcc/arm-none-eabi/9.3.1/../../../../arm-none-eabi/lib/thumb/v7-m/nofp/libc_nano.a(lib_a-nano-svfprintf.o)
                0x0000000008009c8c                __ssputs_r
 *fill*         0x0000000008009d42        0x2 
 .text._svfprintf_r
                0x0000000008009d44      0x200 /home/odemki/Programs/programs/STM32IDE/1/en.en-st-stm32cubeide_1-5-0_8698_20201117_1050_amd64_sh/makeself_dir_5QpOGP/y/plugins/com.st.stm32cube.ide.mcu.externaltools.gnu-tools-for-stm32.9-2020-q2-update.linux64_2.0.0.202105311346/tools/bin/../lib/gcc/arm-none-eabi/9.3.1/../../../../arm-none-eabi/lib/thumb/v7-m/nofp/libc_nano.a(lib_a-nano-svfprintf.o)
                0x0000000008009d44                _svfprintf_r
                0x0000000008009d44                _svfiprintf_r
 .text._printf_common
                0x0000000008009f44       0xde /home/odemki/Programs/programs/STM32IDE/1/en.en-st-stm32cubeide_1-5-0_8698_20201117_1050_amd64_sh/makeself_dir_5QpOGP/y/plugins/com.st.stm32cube.ide.mcu.externaltools.gnu-tools-for-stm32.9-2020-q2-update.linux64_2.0.0.202105311346/tools/bin/../lib/gcc/arm-none-eabi/9.3.1/../../../../arm-none-eabi/lib/thumb/v7-m/nofp/libc_nano.a(lib_a-nano-vfprintf_i.o)
                0x0000000008009f44                _printf_common
 *fill*         0x000000000800a022        0x2 
 .text._printf_i
                0x000000000800a024      0x24c /home/odemki/Programs/programs/STM32IDE/1/en.en-st-stm32cubeide_1-5-0_8698_20201117_1050_amd64_sh/makeself_dir_5QpOGP/y/plugins/com.st.stm32cube.ide.mcu.externaltools.gnu-tools-for-stm32.9-2020-q2-update.linux64_2.0.0.202105311346/tools/bin/../lib/gcc/arm-none-eabi/9.3.1/../../../../arm-none-eabi/lib/thumb/v7-m/nofp/libc_nano.a(lib_a-nano-vfprintf_i.o)
                0x000000000800a024                _printf_i
 .text.memchr   0x000000000800a270       0x1c /home/odemki/Programs/programs/STM32IDE/1/en.en-st-stm32cubeide_1-5-0_8698_20201117_1050_amd64_sh/makeself_dir_5QpOGP/y/plugins/com.st.stm32cube.ide.mcu.externaltools.gnu-tools-for-stm32.9-2020-q2-update.linux64_2.0.0.202105311346/tools/bin/../lib/gcc/arm-none-eabi/9.3.1/../../../../arm-none-eabi/lib/thumb/v7-m/nofp/libc_nano.a(lib_a-memchr-stub.o)
                0x000000000800a270                memchr
 .text.memmove  0x000000000800a28c       0x34 /home/odemki/Programs/programs/STM32IDE/1/en.en-st-stm32cubeide_1-5-0_8698_20201117_1050_amd64_sh/makeself_dir_5QpOGP/y/plugins/com.st.stm32cube.ide.mcu.externaltools.gnu-tools-for-stm32.9-2020-q2-update.linux64_2.0.0.202105311346/tools/bin/../lib/gcc/arm-none-eabi/9.3.1/../../../../arm-none-eabi/lib/thumb/v7-m/nofp/libc_nano.a(lib_a-memmove.o)
                0x000000000800a28c                memmove
 .text._free_r  0x000000000800a2c0       0x98 /home/odemki/Programs/programs/STM32IDE/1/en.en-st-stm32cubeide_1-5-0_8698_20201117_1050_amd64_sh/makeself_dir_5QpOGP/y/plugins/com.st.stm32cube.ide.mcu.externaltools.gnu-tools-for-stm32.9-2020-q2-update.linux64_2.0.0.202105311346/tools/bin/../lib/gcc/arm-none-eabi/9.3.1/../../../../arm-none-eabi/lib/thumb/v7-m/nofp/libc_nano.a(lib_a-nano-freer.o)
                0x000000000800a2c0                _free_r
 .text._malloc_r
                0x000000000800a358       0xb4 /home/odemki/Programs/programs/STM32IDE/1/en.en-st-stm32cubeide_1-5-0_8698_20201117_1050_amd64_sh/makeself_dir_5QpOGP/y/plugins/com.st.stm32cube.ide.mcu.externaltools.gnu-tools-for-stm32.9-2020-q2-update.linux64_2.0.0.202105311346/tools/bin/../lib/gcc/arm-none-eabi/9.3.1/../../../../arm-none-eabi/lib/thumb/v7-m/nofp/libc_nano.a(lib_a-nano-mallocr.o)
                0x000000000800a358                _malloc_r
 .text._realloc_r
                0x000000000800a40c       0x4c /home/odemki/Programs/programs/STM32IDE/1/en.en-st-stm32cubeide_1-5-0_8698_20201117_1050_amd64_sh/makeself_dir_5QpOGP/y/plugins/com.st.stm32cube.ide.mcu.externaltools.gnu-tools-for-stm32.9-2020-q2-update.linux64_2.0.0.202105311346/tools/bin/../lib/gcc/arm-none-eabi/9.3.1/../../../../arm-none-eabi/lib/thumb/v7-m/nofp/libc_nano.a(lib_a-nano-reallocr.o)
                0x000000000800a40c                _realloc_r
 .text._sbrk_r  0x000000000800a458       0x20 /home/odemki/Programs/programs/STM32IDE/1/en.en-st-stm32cubeide_1-5-0_8698_20201117_1050_amd64_sh/makeself_dir_5QpOGP/y/plugins/com.st.stm32cube.ide.mcu.externaltools.gnu-tools-for-stm32.9-2020-q2-update.linux64_2.0.0.202105311346/tools/bin/../lib/gcc/arm-none-eabi/9.3.1/../../../../arm-none-eabi/lib/thumb/v7-m/nofp/libc_nano.a(lib_a-sbrkr.o)
                0x000000000800a458                _sbrk_r
 .text.__malloc_lock
                0x000000000800a478        0xc /home/odemki/Programs/programs/STM32IDE/1/en.en-st-stm32cubeide_1-5-0_8698_20201117_1050_amd64_sh/makeself_dir_5QpOGP/y/plugins/com.st.stm32cube.ide.mcu.externaltools.gnu-tools-for-stm32.9-2020-q2-update.linux64_2.0.0.202105311346/tools/bin/../lib/gcc/arm-none-eabi/9.3.1/../../../../arm-none-eabi/lib/thumb/v7-m/nofp/libc_nano.a(lib_a-mlock.o)
                0x000000000800a478                __malloc_lock
 .text.__malloc_unlock
                0x000000000800a484        0xc /home/odemki/Programs/programs/STM32IDE/1/en.en-st-stm32cubeide_1-5-0_8698_20201117_1050_amd64_sh/makeself_dir_5QpOGP/y/plugins/com.st.stm32cube.ide.mcu.externaltools.gnu-tools-for-stm32.9-2020-q2-update.linux64_2.0.0.202105311346/tools/bin/../lib/gcc/arm-none-eabi/9.3.1/../../../../arm-none-eabi/lib/thumb/v7-m/nofp/libc_nano.a(lib_a-mlock.o)
                0x000000000800a484                __malloc_unlock
 .text._malloc_usable_size_r
                0x000000000800a490       0x10 /home/odemki/Programs/programs/STM32IDE/1/en.en-st-stm32cubeide_1-5-0_8698_20201117_1050_amd64_sh/makeself_dir_5QpOGP/y/plugins/com.st.stm32cube.ide.mcu.externaltools.gnu-tools-for-stm32.9-2020-q2-update.linux64_2.0.0.202105311346/tools/bin/../lib/gcc/arm-none-eabi/9.3.1/../../../../arm-none-eabi/lib/thumb/v7-m/nofp/libc_nano.a(lib_a-nano-msizer.o)
                0x000000000800a490                _malloc_usable_size_r
 .text.__retarget_lock_acquire_recursive
                0x000000000800a4a0        0x2 /home/odemki/Programs/programs/STM32IDE/1/en.en-st-stm32cubeide_1-5-0_8698_20201117_1050_amd64_sh/makeself_dir_5QpOGP/y/plugins/com.st.stm32cube.ide.mcu.externaltools.gnu-tools-for-stm32.9-2020-q2-update.linux64_2.0.0.202105311346/tools/bin/../lib/gcc/arm-none-eabi/9.3.1/../../../../arm-none-eabi/lib/thumb/v7-m/nofp/libc_nano.a(lib_a-lock.o)
                0x000000000800a4a0                __retarget_lock_acquire_recursive
 .text.__retarget_lock_release_recursive
                0x000000000800a4a2        0x2 /home/odemki/Programs/programs/STM32IDE/1/en.en-st-stm32cubeide_1-5-0_8698_20201117_1050_amd64_sh/makeself_dir_5QpOGP/y/plugins/com.st.stm32cube.ide.mcu.externaltools.gnu-tools-for-stm32.9-2020-q2-update.linux64_2.0.0.202105311346/tools/bin/../lib/gcc/arm-none-eabi/9.3.1/../../../../arm-none-eabi/lib/thumb/v7-m/nofp/libc_nano.a(lib_a-lock.o)
                0x000000000800a4a2                __retarget_lock_release_recursive
 *(.glue_7)
 .glue_7        0x000000000800a4a4        0x0 linker stubs
 *(.glue_7t)
 .glue_7t       0x000000000800a4a4        0x0 linker stubs
 *(.eh_frame)
 .eh_frame      0x000000000800a4a4        0x0 /home/odemki/Programs/programs/STM32IDE/1/en.en-st-stm32cubeide_1-5-0_8698_20201117_1050_amd64_sh/makeself_dir_5QpOGP/y/plugins/com.st.stm32cube.ide.mcu.externaltools.gnu-tools-for-stm32.9-2020-q2-update.linux64_2.0.0.202105311346/tools/bin/../lib/gcc/arm-none-eabi/9.3.1/thumb/v7-m/nofp/crtbegin.o
 *(.init)
 .init          0x000000000800a4a4        0x4 /home/odemki/Programs/programs/STM32IDE/1/en.en-st-stm32cubeide_1-5-0_8698_20201117_1050_amd64_sh/makeself_dir_5QpOGP/y/plugins/com.st.stm32cube.ide.mcu.externaltools.gnu-tools-for-stm32.9-2020-q2-update.linux64_2.0.0.202105311346/tools/bin/../lib/gcc/arm-none-eabi/9.3.1/thumb/v7-m/nofp/crti.o
                0x000000000800a4a4                _init
 .init          0x000000000800a4a8        0x8 /home/odemki/Programs/programs/STM32IDE/1/en.en-st-stm32cubeide_1-5-0_8698_20201117_1050_amd64_sh/makeself_dir_5QpOGP/y/plugins/com.st.stm32cube.ide.mcu.externaltools.gnu-tools-for-stm32.9-2020-q2-update.linux64_2.0.0.202105311346/tools/bin/../lib/gcc/arm-none-eabi/9.3.1/thumb/v7-m/nofp/crtn.o
 *(.fini)
 .fini          0x000000000800a4b0        0x4 /home/odemki/Programs/programs/STM32IDE/1/en.en-st-stm32cubeide_1-5-0_8698_20201117_1050_amd64_sh/makeself_dir_5QpOGP/y/plugins/com.st.stm32cube.ide.mcu.externaltools.gnu-tools-for-stm32.9-2020-q2-update.linux64_2.0.0.202105311346/tools/bin/../lib/gcc/arm-none-eabi/9.3.1/thumb/v7-m/nofp/crti.o
                0x000000000800a4b0                _fini
 .fini          0x000000000800a4b4        0x8 /home/odemki/Programs/programs/STM32IDE/1/en.en-st-stm32cubeide_1-5-0_8698_20201117_1050_amd64_sh/makeself_dir_5QpOGP/y/plugins/com.st.stm32cube.ide.mcu.externaltools.gnu-tools-for-stm32.9-2020-q2-update.linux64_2.0.0.202105311346/tools/bin/../lib/gcc/arm-none-eabi/9.3.1/thumb/v7-m/nofp/crtn.o
                0x000000000800a4bc                . = ALIGN (0x4)
                0x000000000800a4bc                _etext = .

.vfp11_veneer   0x000000000800a4bc        0x0
 .vfp11_veneer  0x000000000800a4bc        0x0 linker stubs

.v4_bx          0x000000000800a4bc        0x0
 .v4_bx         0x000000000800a4bc        0x0 linker stubs

.iplt           0x000000000800a4bc        0x0
 .iplt          0x000000000800a4bc        0x0 /home/odemki/Programs/programs/STM32IDE/1/en.en-st-stm32cubeide_1-5-0_8698_20201117_1050_amd64_sh/makeself_dir_5QpOGP/y/plugins/com.st.stm32cube.ide.mcu.externaltools.gnu-tools-for-stm32.9-2020-q2-update.linux64_2.0.0.202105311346/tools/bin/../lib/gcc/arm-none-eabi/9.3.1/thumb/v7-m/nofp/crtbegin.o

.rodata         0x000000000800a4bc      0x5c0
                0x000000000800a4bc                . = ALIGN (0x4)
 *(.rodata)
 .rodata        0x000000000800a4bc      0x416 ./Core/File_Handling_RTOS.o
 *fill*         0x000000000800a8d2        0x2 
 .rodata        0x000000000800a8d4       0x6f ./Core/Src/main.o
 *fill*         0x000000000800a943        0x1 
 .rodata        0x000000000800a944       0x10 ./Drivers/STM32F1xx_HAL_Driver/Src/stm32f1xx_hal_rcc.o
 .rodata        0x000000000800a954       0x10 ./Drivers/STM32F1xx_HAL_Driver/Src/stm32f1xx_hal_rcc_ex.o
 .rodata        0x000000000800a964       0x44 ./Middlewares/Third_Party/FatFs/src/ff.o
 .rodata        0x000000000800a9a8        0x5 ./Middlewares/Third_Party/FreeRTOS/Source/tasks.o
 *(.rodata*)
 *fill*         0x000000000800a9ad        0x3 
 .rodata.AHBPrescTable
                0x000000000800a9b0       0x10 ./Core/Src/system_stm32f1xx.o
                0x000000000800a9b0                AHBPrescTable
 .rodata.APBPrescTable
                0x000000000800a9c0        0x8 ./Core/Src/system_stm32f1xx.o
                0x000000000800a9c0                APBPrescTable
 .rodata.ExCvt  0x000000000800a9c8       0x80 ./Middlewares/Third_Party/FatFs/src/ff.o
 .rodata._svfprintf_r.str1.1
                0x000000000800aa48       0x11 /home/odemki/Programs/programs/STM32IDE/1/en.en-st-stm32cubeide_1-5-0_8698_20201117_1050_amd64_sh/makeself_dir_5QpOGP/y/plugins/com.st.stm32cube.ide.mcu.externaltools.gnu-tools-for-stm32.9-2020-q2-update.linux64_2.0.0.202105311346/tools/bin/../lib/gcc/arm-none-eabi/9.3.1/../../../../arm-none-eabi/lib/thumb/v7-m/nofp/libc_nano.a(lib_a-nano-svfprintf.o)
 .rodata._printf_i.str1.1
                0x000000000800aa59       0x22 /home/odemki/Programs/programs/STM32IDE/1/en.en-st-stm32cubeide_1-5-0_8698_20201117_1050_amd64_sh/makeself_dir_5QpOGP/y/plugins/com.st.stm32cube.ide.mcu.externaltools.gnu-tools-for-stm32.9-2020-q2-update.linux64_2.0.0.202105311346/tools/bin/../lib/gcc/arm-none-eabi/9.3.1/../../../../arm-none-eabi/lib/thumb/v7-m/nofp/libc_nano.a(lib_a-nano-vfprintf_i.o)
                0x000000000800aa7c                . = ALIGN (0x4)
 *fill*         0x000000000800aa7b        0x1 

.rel.dyn        0x000000000800aa7c        0x0
 .rel.iplt      0x000000000800aa7c        0x0 /home/odemki/Programs/programs/STM32IDE/1/en.en-st-stm32cubeide_1-5-0_8698_20201117_1050_amd64_sh/makeself_dir_5QpOGP/y/plugins/com.st.stm32cube.ide.mcu.externaltools.gnu-tools-for-stm32.9-2020-q2-update.linux64_2.0.0.202105311346/tools/bin/../lib/gcc/arm-none-eabi/9.3.1/thumb/v7-m/nofp/crtbegin.o

.ARM.extab      0x000000000800aa7c        0x0
                0x000000000800aa7c                . = ALIGN (0x4)
 *(.ARM.extab* .gnu.linkonce.armextab.*)
                0x000000000800aa7c                . = ALIGN (0x4)

.ARM            0x000000000800aa7c        0x0
                0x000000000800aa7c                . = ALIGN (0x4)
                0x000000000800aa7c                __exidx_start = .
 *(.ARM.exidx*)
                0x000000000800aa7c                __exidx_end = .
                0x000000000800aa7c                . = ALIGN (0x4)

.preinit_array  0x000000000800aa7c        0x0
                0x000000000800aa7c                . = ALIGN (0x4)
                0x000000000800aa7c                PROVIDE (__preinit_array_start = .)
 *(.preinit_array*)
                0x000000000800aa7c                PROVIDE (__preinit_array_end = .)
                0x000000000800aa7c                . = ALIGN (0x4)

.init_array     0x000000000800aa7c        0x4
                0x000000000800aa7c                . = ALIGN (0x4)
                0x000000000800aa7c                PROVIDE (__init_array_start = .)
 *(SORT_BY_NAME(.init_array.*))
 *(.init_array*)
 .init_array    0x000000000800aa7c        0x4 /home/odemki/Programs/programs/STM32IDE/1/en.en-st-stm32cubeide_1-5-0_8698_20201117_1050_amd64_sh/makeself_dir_5QpOGP/y/plugins/com.st.stm32cube.ide.mcu.externaltools.gnu-tools-for-stm32.9-2020-q2-update.linux64_2.0.0.202105311346/tools/bin/../lib/gcc/arm-none-eabi/9.3.1/thumb/v7-m/nofp/crtbegin.o
                0x000000000800aa80                PROVIDE (__init_array_end = .)
                0x000000000800aa80                . = ALIGN (0x4)

.fini_array     0x000000000800aa80        0x4
                0x000000000800aa80                . = ALIGN (0x4)
                [!provide]                        PROVIDE (__fini_array_start = .)
 *(SORT_BY_NAME(.fini_array.*))
 *(.fini_array*)
 .fini_array    0x000000000800aa80        0x4 /home/odemki/Programs/programs/STM32IDE/1/en.en-st-stm32cubeide_1-5-0_8698_20201117_1050_amd64_sh/makeself_dir_5QpOGP/y/plugins/com.st.stm32cube.ide.mcu.externaltools.gnu-tools-for-stm32.9-2020-q2-update.linux64_2.0.0.202105311346/tools/bin/../lib/gcc/arm-none-eabi/9.3.1/thumb/v7-m/nofp/crtbegin.o
                [!provide]                        PROVIDE (__fini_array_end = .)
                0x000000000800aa84                . = ALIGN (0x4)
                0x000000000800aa84                _sidata = LOADADDR (.data)

.data           0x0000000020000000       0x8c load address 0x000000000800aa84
                0x0000000020000000                . = ALIGN (0x4)
                0x0000000020000000                _sdata = .
 *(.data)
 *(.data*)
 .data.Stat     0x0000000020000000        0x1 ./Core/fatfs_sd.o
 *fill*         0x0000000020000001        0x3 
 .data.SystemCoreClock
                0x0000000020000004        0x4 ./Core/Src/system_stm32f1xx.o
                0x0000000020000004                SystemCoreClock
 .data.uwTickPrio
                0x0000000020000008        0x4 ./Drivers/STM32F1xx_HAL_Driver/Src/stm32f1xx_hal.o
                0x0000000020000008                uwTickPrio
 .data.uwTickFreq
                0x000000002000000c        0x1 ./Drivers/STM32F1xx_HAL_Driver/Src/stm32f1xx_hal.o
                0x000000002000000c                uwTickFreq
 *fill*         0x000000002000000d        0x3 
 .data.USER_Driver
                0x0000000020000010       0x14 ./FATFS/Target/user_diskio.o
                0x0000000020000010                USER_Driver
 .data.uxCriticalNesting
                0x0000000020000024        0x4 ./Middlewares/Third_Party/FreeRTOS/Source/portable/GCC/ARM_CM3/port.o
 .data._impure_ptr
                0x0000000020000028        0x4 /home/odemki/Programs/programs/STM32IDE/1/en.en-st-stm32cubeide_1-5-0_8698_20201117_1050_amd64_sh/makeself_dir_5QpOGP/y/plugins/com.st.stm32cube.ide.mcu.externaltools.gnu-tools-for-stm32.9-2020-q2-update.linux64_2.0.0.202105311346/tools/bin/../lib/gcc/arm-none-eabi/9.3.1/../../../../arm-none-eabi/lib/thumb/v7-m/nofp/libc_nano.a(lib_a-impure.o)
                0x0000000020000028                _impure_ptr
 .data.impure_data
                0x000000002000002c       0x60 /home/odemki/Programs/programs/STM32IDE/1/en.en-st-stm32cubeide_1-5-0_8698_20201117_1050_amd64_sh/makeself_dir_5QpOGP/y/plugins/com.st.stm32cube.ide.mcu.externaltools.gnu-tools-for-stm32.9-2020-q2-update.linux64_2.0.0.202105311346/tools/bin/../lib/gcc/arm-none-eabi/9.3.1/../../../../arm-none-eabi/lib/thumb/v7-m/nofp/libc_nano.a(lib_a-impure.o)
                0x000000002000008c                . = ALIGN (0x4)
                0x000000002000008c                _edata = .

.igot.plt       0x000000002000008c        0x0 load address 0x000000000800ab10
 .igot.plt      0x000000002000008c        0x0 /home/odemki/Programs/programs/STM32IDE/1/en.en-st-stm32cubeide_1-5-0_8698_20201117_1050_amd64_sh/makeself_dir_5QpOGP/y/plugins/com.st.stm32cube.ide.mcu.externaltools.gnu-tools-for-stm32.9-2020-q2-update.linux64_2.0.0.202105311346/tools/bin/../lib/gcc/arm-none-eabi/9.3.1/thumb/v7-m/nofp/crtbegin.o
                0x000000002000008c                . = ALIGN (0x4)

.bss            0x000000002000008c     0x1b18 load address 0x000000000800ab10
                0x000000002000008c                _sbss = .
                0x000000002000008c                __bss_start__ = _sbss
 *(.bss)
 .bss           0x000000002000008c       0x1c /home/odemki/Programs/programs/STM32IDE/1/en.en-st-stm32cubeide_1-5-0_8698_20201117_1050_amd64_sh/makeself_dir_5QpOGP/y/plugins/com.st.stm32cube.ide.mcu.externaltools.gnu-tools-for-stm32.9-2020-q2-update.linux64_2.0.0.202105311346/tools/bin/../lib/gcc/arm-none-eabi/9.3.1/thumb/v7-m/nofp/crtbegin.o
 *(.bss*)
 .bss.CardType  0x00000000200000a8        0x1 ./Core/fatfs_sd.o
 .bss.PowerFlag
                0x00000000200000a9        0x1 ./Core/fatfs_sd.o
 *fill*         0x00000000200000aa        0x2 
 .bss.xIdleTaskTCBBuffer
                0x00000000200000ac       0x54 ./Core/Src/freertos.o
 .bss.xIdleStack
                0x0000000020000100      0x200 ./Core/Src/freertos.o
 .bss.FatFsCnt  0x0000000020000300        0x1 ./Core/Src/stm32f1xx_it.o
                0x0000000020000300                FatFsCnt
 *fill*         0x0000000020000301        0x3 
 .bss.heap_end.5222
                0x0000000020000304        0x4 ./Core/Src/sysmem.o
 .bss.FatFs     0x0000000020000308        0x4 ./Middlewares/Third_Party/FatFs/src/ff.o
 .bss.Fsid      0x000000002000030c        0x2 ./Middlewares/Third_Party/FatFs/src/ff.o
 *fill*         0x000000002000030e        0x2 
 .bss.Files     0x0000000020000310       0x20 ./Middlewares/Third_Party/FatFs/src/ff.o
 .bss.disk      0x0000000020000330        0xc ./Middlewares/Third_Party/FatFs/src/ff_gen_drv.o
                0x0000000020000330                disk
 .bss.pxCurrentTCB
                0x000000002000033c        0x4 ./Middlewares/Third_Party/FreeRTOS/Source/tasks.o
                0x000000002000033c                pxCurrentTCB
 .bss.pxReadyTasksLists
                0x0000000020000340       0x8c ./Middlewares/Third_Party/FreeRTOS/Source/tasks.o
 .bss.xDelayedTaskList1
                0x00000000200003cc       0x14 ./Middlewares/Third_Party/FreeRTOS/Source/tasks.o
 .bss.xDelayedTaskList2
                0x00000000200003e0       0x14 ./Middlewares/Third_Party/FreeRTOS/Source/tasks.o
 .bss.pxDelayedTaskList
                0x00000000200003f4        0x4 ./Middlewares/Third_Party/FreeRTOS/Source/tasks.o
 .bss.pxOverflowDelayedTaskList
                0x00000000200003f8        0x4 ./Middlewares/Third_Party/FreeRTOS/Source/tasks.o
 .bss.xPendingReadyList
                0x00000000200003fc       0x14 ./Middlewares/Third_Party/FreeRTOS/Source/tasks.o
 .bss.xTasksWaitingTermination
                0x0000000020000410       0x14 ./Middlewares/Third_Party/FreeRTOS/Source/tasks.o
 .bss.uxDeletedTasksWaitingCleanUp
                0x0000000020000424        0x4 ./Middlewares/Third_Party/FreeRTOS/Source/tasks.o
 .bss.xSuspendedTaskList
                0x0000000020000428       0x14 ./Middlewares/Third_Party/FreeRTOS/Source/tasks.o
 .bss.uxCurrentNumberOfTasks
                0x000000002000043c        0x4 ./Middlewares/Third_Party/FreeRTOS/Source/tasks.o
 .bss.xTickCount
                0x0000000020000440        0x4 ./Middlewares/Third_Party/FreeRTOS/Source/tasks.o
 .bss.uxTopReadyPriority
                0x0000000020000444        0x4 ./Middlewares/Third_Party/FreeRTOS/Source/tasks.o
 .bss.xSchedulerRunning
                0x0000000020000448        0x4 ./Middlewares/Third_Party/FreeRTOS/Source/tasks.o
 .bss.uxPendedTicks
                0x000000002000044c        0x4 ./Middlewares/Third_Party/FreeRTOS/Source/tasks.o
 .bss.xYieldPending
                0x0000000020000450        0x4 ./Middlewares/Third_Party/FreeRTOS/Source/tasks.o
 .bss.xNumOfOverflows
                0x0000000020000454        0x4 ./Middlewares/Third_Party/FreeRTOS/Source/tasks.o
 .bss.uxTaskNumber
                0x0000000020000458        0x4 ./Middlewares/Third_Party/FreeRTOS/Source/tasks.o
 .bss.xNextTaskUnblockTime
                0x000000002000045c        0x4 ./Middlewares/Third_Party/FreeRTOS/Source/tasks.o
 .bss.xIdleTaskHandle
                0x0000000020000460        0x4 ./Middlewares/Third_Party/FreeRTOS/Source/tasks.o
 .bss.uxSchedulerSuspended
                0x0000000020000464        0x4 ./Middlewares/Third_Party/FreeRTOS/Source/tasks.o
 .bss.ucMaxSysCallPriority
                0x0000000020000468        0x1 ./Middlewares/Third_Party/FreeRTOS/Source/portable/GCC/ARM_CM3/port.o
 *fill*         0x0000000020000469        0x3 
 .bss.ulMaxPRIGROUPValue
                0x000000002000046c        0x4 ./Middlewares/Third_Party/FreeRTOS/Source/portable/GCC/ARM_CM3/port.o
 .bss.ucHeap    0x0000000020000470      0xc00 ./Middlewares/Third_Party/FreeRTOS/Source/portable/MemMang/heap_4.o
 .bss.xStart    0x0000000020001070        0x8 ./Middlewares/Third_Party/FreeRTOS/Source/portable/MemMang/heap_4.o
 .bss.pxEnd     0x0000000020001078        0x4 ./Middlewares/Third_Party/FreeRTOS/Source/portable/MemMang/heap_4.o
 .bss.xFreeBytesRemaining
                0x000000002000107c        0x4 ./Middlewares/Third_Party/FreeRTOS/Source/portable/MemMang/heap_4.o
 .bss.xMinimumEverFreeBytesRemaining
                0x0000000020001080        0x4 ./Middlewares/Third_Party/FreeRTOS/Source/portable/MemMang/heap_4.o
 .bss.xBlockAllocatedBit
                0x0000000020001084        0x4 ./Middlewares/Third_Party/FreeRTOS/Source/portable/MemMang/heap_4.o
 .bss.__malloc_free_list
                0x0000000020001088        0x4 /home/odemki/Programs/programs/STM32IDE/1/en.en-st-stm32cubeide_1-5-0_8698_20201117_1050_amd64_sh/makeself_dir_5QpOGP/y/plugins/com.st.stm32cube.ide.mcu.externaltools.gnu-tools-for-stm32.9-2020-q2-update.linux64_2.0.0.202105311346/tools/bin/../lib/gcc/arm-none-eabi/9.3.1/../../../../arm-none-eabi/lib/thumb/v7-m/nofp/libc_nano.a(lib_a-nano-mallocr.o)
                0x0000000020001088                __malloc_free_list
 .bss.__malloc_sbrk_start
                0x000000002000108c        0x4 /home/odemki/Programs/programs/STM32IDE/1/en.en-st-stm32cubeide_1-5-0_8698_20201117_1050_amd64_sh/makeself_dir_5QpOGP/y/plugins/com.st.stm32cube.ide.mcu.externaltools.gnu-tools-for-stm32.9-2020-q2-update.linux64_2.0.0.202105311346/tools/bin/../lib/gcc/arm-none-eabi/9.3.1/../../../../arm-none-eabi/lib/thumb/v7-m/nofp/libc_nano.a(lib_a-nano-mallocr.o)
                0x000000002000108c                __malloc_sbrk_start
 *(COMMON)
 COMMON         0x0000000020001090       0x11 ./Core/DHT11.o
                0x0000000020001090                Rh_byte1
                0x0000000020001094                RH
                0x0000000020001098                TEMP
                0x000000002000109c                Temp_byte1
                0x000000002000109d                Rh_byte2
                0x000000002000109e                SUM
                0x00000000200010a0                Temp_byte2
 *fill*         0x00000000200010a1        0x3 
 COMMON         0x00000000200010a4      0x498 ./Core/File_Handling_RTOS.o
                0x00000000200010a4                fre_clust
                0x00000000200010a8                fno
                0x00000000200010c0                fs
                0x00000000200012f4                br
                0x00000000200012f8                free_space
                0x00000000200012fc                bw
                0x0000000020001300                pfs
                0x0000000020001304                fresult
                0x0000000020001308                total
                0x000000002000130c                fil
 COMMON         0x000000002000153c      0x164 ./Core/Src/main.o
                0x000000002000153c                SDCARD_Task_Hnadler
                0x0000000020001540                Temperature
                0x0000000020001544                htim3
                0x0000000020001584                hadc1
                0x00000000200015b4                DHT_Task_Hnadler
                0x00000000200015b8                huart1
                0x00000000200015f8                ADC_VAL
                0x00000000200015fc                htim1
                0x000000002000163c                DHT_SEM
                0x0000000020001640                hspi1
                0x0000000020001698                ADC_Task_Hnadler
                0x000000002000169c                Humidity
 COMMON         0x00000000200016a0       0x40 ./Core/Src/stm32f1xx_hal_timebase_tim.o
                0x00000000200016a0                htim2
 COMMON         0x00000000200016e0        0x2 ./Core/Src/stm32f1xx_it.o
                0x00000000200016e0                Timer2
                0x00000000200016e1                Timer1
 *fill*         0x00000000200016e2        0x2 
 COMMON         0x00000000200016e4        0x4 ./Drivers/STM32F1xx_HAL_Driver/Src/stm32f1xx_hal.o
                0x00000000200016e4                uwTick
 COMMON         0x00000000200016e8      0x46c ./FATFS/App/fatfs.o
                0x00000000200016e8                USERPath
                0x00000000200016ec                retUSER
                0x00000000200016f0                USERFile
                0x0000000020001920                USERFatFS
 COMMON         0x0000000020001b54       0x40 ./Middlewares/Third_Party/FreeRTOS/Source/queue.o
                0x0000000020001b54                xQueueRegistry
 COMMON         0x0000000020001b94        0x4 /home/odemki/Programs/programs/STM32IDE/1/en.en-st-stm32cubeide_1-5-0_8698_20201117_1050_amd64_sh/makeself_dir_5QpOGP/y/plugins/com.st.stm32cube.ide.mcu.externaltools.gnu-tools-for-stm32.9-2020-q2-update.linux64_2.0.0.202105311346/tools/bin/../lib/gcc/arm-none-eabi/9.3.1/../../../../arm-none-eabi/lib/thumb/v7-m/nofp/libc_nano.a(lib_a-reent.o)
                0x0000000020001b94                errno
 COMMON         0x0000000020001b98        0x9 /home/odemki/Programs/programs/STM32IDE/1/en.en-st-stm32cubeide_1-5-0_8698_20201117_1050_amd64_sh/makeself_dir_5QpOGP/y/plugins/com.st.stm32cube.ide.mcu.externaltools.gnu-tools-for-stm32.9-2020-q2-update.linux64_2.0.0.202105311346/tools/bin/../lib/gcc/arm-none-eabi/9.3.1/../../../../arm-none-eabi/lib/thumb/v7-m/nofp/libc_nano.a(lib_a-lock.o)
                0x0000000020001b98                __lock___atexit_recursive_mutex
                0x0000000020001b99                __lock___arc4random_mutex
                0x0000000020001b9a                __lock___env_recursive_mutex
                0x0000000020001b9b                __lock___sinit_recursive_mutex
                0x0000000020001b9c                __lock___malloc_recursive_mutex
                0x0000000020001b9d                __lock___at_quick_exit_mutex
                0x0000000020001b9e                __lock___dd_hash_mutex
                0x0000000020001b9f                __lock___tz_mutex
                0x0000000020001ba0                __lock___sfp_recursive_mutex
                0x0000000020001ba4                . = ALIGN (0x4)
 *fill*         0x0000000020001ba1        0x3 
                0x0000000020001ba4                _ebss = .
                0x0000000020001ba4                __bss_end__ = _ebss

._user_heap_stack
                0x0000000020001ba4      0x604 load address 0x000000000800ab10
                0x0000000020001ba8                . = ALIGN (0x8)
 *fill*         0x0000000020001ba4        0x4 
                0x0000000020001ba8                PROVIDE (end = .)
                [!provide]                        PROVIDE (_end = .)
                0x0000000020001da8                . = (. + _Min_Heap_Size)
 *fill*         0x0000000020001ba8      0x200 
                0x00000000200021a8                . = (. + _Min_Stack_Size)
 *fill*         0x0000000020001da8      0x400 
                0x00000000200021a8                . = ALIGN (0x8)

/DISCARD/
 libc.a(*)
 libm.a(*)
 libgcc.a(*)

.ARM.attributes
                0x0000000000000000       0x29
 *(.ARM.attributes)
 .ARM.attributes
                0x0000000000000000       0x1d /home/odemki/Programs/programs/STM32IDE/1/en.en-st-stm32cubeide_1-5-0_8698_20201117_1050_amd64_sh/makeself_dir_5QpOGP/y/plugins/com.st.stm32cube.ide.mcu.externaltools.gnu-tools-for-stm32.9-2020-q2-update.linux64_2.0.0.202105311346/tools/bin/../lib/gcc/arm-none-eabi/9.3.1/thumb/v7-m/nofp/crti.o
 .ARM.attributes
                0x000000000000001d       0x2d /home/odemki/Programs/programs/STM32IDE/1/en.en-st-stm32cubeide_1-5-0_8698_20201117_1050_amd64_sh/makeself_dir_5QpOGP/y/plugins/com.st.stm32cube.ide.mcu.externaltools.gnu-tools-for-stm32.9-2020-q2-update.linux64_2.0.0.202105311346/tools/bin/../lib/gcc/arm-none-eabi/9.3.1/thumb/v7-m/nofp/crtbegin.o
 .ARM.attributes
                0x000000000000004a       0x2d ./Core/DHT11.o
 .ARM.attributes
                0x0000000000000077       0x2d ./Core/File_Handling_RTOS.o
 .ARM.attributes
                0x00000000000000a4       0x2d ./Core/fatfs_sd.o
 .ARM.attributes
                0x00000000000000d1       0x2d ./Core/Src/freertos.o
 .ARM.attributes
                0x00000000000000fe       0x2d ./Core/Src/main.o
 .ARM.attributes
                0x000000000000012b       0x2d ./Core/Src/stm32f1xx_hal_msp.o
 .ARM.attributes
                0x0000000000000158       0x2d ./Core/Src/stm32f1xx_hal_timebase_tim.o
 .ARM.attributes
                0x0000000000000185       0x2d ./Core/Src/stm32f1xx_it.o
 .ARM.attributes
                0x00000000000001b2       0x2d ./Core/Src/sysmem.o
 .ARM.attributes
                0x00000000000001df       0x2d ./Core/Src/system_stm32f1xx.o
 .ARM.attributes
                0x000000000000020c       0x21 ./Core/Startup/startup_stm32f103c8tx.o
 .ARM.attributes
                0x000000000000022d       0x2d ./Drivers/STM32F1xx_HAL_Driver/Src/stm32f1xx_hal.o
 .ARM.attributes
                0x000000000000025a       0x2d ./Drivers/STM32F1xx_HAL_Driver/Src/stm32f1xx_hal_adc.o
 .ARM.attributes
                0x0000000000000287       0x2d ./Drivers/STM32F1xx_HAL_Driver/Src/stm32f1xx_hal_cortex.o
 .ARM.attributes
                0x00000000000002b4       0x2d ./Drivers/STM32F1xx_HAL_Driver/Src/stm32f1xx_hal_gpio.o
 .ARM.attributes
                0x00000000000002e1       0x2d ./Drivers/STM32F1xx_HAL_Driver/Src/stm32f1xx_hal_rcc.o
 .ARM.attributes
                0x000000000000030e       0x2d ./Drivers/STM32F1xx_HAL_Driver/Src/stm32f1xx_hal_rcc_ex.o
 .ARM.attributes
                0x000000000000033b       0x2d ./Drivers/STM32F1xx_HAL_Driver/Src/stm32f1xx_hal_spi.o
 .ARM.attributes
                0x0000000000000368       0x2d ./Drivers/STM32F1xx_HAL_Driver/Src/stm32f1xx_hal_tim.o
 .ARM.attributes
                0x0000000000000395       0x2d ./Drivers/STM32F1xx_HAL_Driver/Src/stm32f1xx_hal_tim_ex.o
 .ARM.attributes
                0x00000000000003c2       0x2d ./Drivers/STM32F1xx_HAL_Driver/Src/stm32f1xx_hal_uart.o
 .ARM.attributes
                0x00000000000003ef       0x2d ./FATFS/App/fatfs.o
 .ARM.attributes
                0x000000000000041c       0x2d ./FATFS/Target/user_diskio.o
 .ARM.attributes
                0x0000000000000449       0x2d ./Middlewares/Third_Party/FatFs/src/diskio.o
 .ARM.attributes
                0x0000000000000476       0x2d ./Middlewares/Third_Party/FatFs/src/ff.o
 .ARM.attributes
                0x00000000000004a3       0x2d ./Middlewares/Third_Party/FatFs/src/ff_gen_drv.o
 .ARM.attributes
                0x00000000000004d0       0x2d ./Middlewares/Third_Party/FatFs/src/option/syscall.o
 .ARM.attributes
                0x00000000000004fd       0x2d ./Middlewares/Third_Party/FreeRTOS/Source/CMSIS_RTOS/cmsis_os.o
 .ARM.attributes
                0x000000000000052a       0x2d ./Middlewares/Third_Party/FreeRTOS/Source/list.o
 .ARM.attributes
                0x0000000000000557       0x2d ./Middlewares/Third_Party/FreeRTOS/Source/queue.o
 .ARM.attributes
                0x0000000000000584       0x2d ./Middlewares/Third_Party/FreeRTOS/Source/tasks.o
 .ARM.attributes
                0x00000000000005b1       0x2d ./Middlewares/Third_Party/FreeRTOS/Source/portable/GCC/ARM_CM3/port.o
 .ARM.attributes
                0x00000000000005de       0x2d ./Middlewares/Third_Party/FreeRTOS/Source/portable/MemMang/heap_4.o
 .ARM.attributes
                0x000000000000060b       0x2d /home/odemki/Programs/programs/STM32IDE/1/en.en-st-stm32cubeide_1-5-0_8698_20201117_1050_amd64_sh/makeself_dir_5QpOGP/y/plugins/com.st.stm32cube.ide.mcu.externaltools.gnu-tools-for-stm32.9-2020-q2-update.linux64_2.0.0.202105311346/tools/bin/../lib/gcc/arm-none-eabi/9.3.1/../../../../arm-none-eabi/lib/thumb/v7-m/nofp/libc_nano.a(lib_a-errno.o)
 .ARM.attributes
                0x0000000000000638       0x2d /home/odemki/Programs/programs/STM32IDE/1/en.en-st-stm32cubeide_1-5-0_8698_20201117_1050_amd64_sh/makeself_dir_5QpOGP/y/plugins/com.st.stm32cube.ide.mcu.externaltools.gnu-tools-for-stm32.9-2020-q2-update.linux64_2.0.0.202105311346/tools/bin/../lib/gcc/arm-none-eabi/9.3.1/../../../../arm-none-eabi/lib/thumb/v7-m/nofp/libc_nano.a(lib_a-impure.o)
 .ARM.attributes
                0x0000000000000665       0x2d /home/odemki/Programs/programs/STM32IDE/1/en.en-st-stm32cubeide_1-5-0_8698_20201117_1050_amd64_sh/makeself_dir_5QpOGP/y/plugins/com.st.stm32cube.ide.mcu.externaltools.gnu-tools-for-stm32.9-2020-q2-update.linux64_2.0.0.202105311346/tools/bin/../lib/gcc/arm-none-eabi/9.3.1/../../../../arm-none-eabi/lib/thumb/v7-m/nofp/libc_nano.a(lib_a-init.o)
 .ARM.attributes
                0x0000000000000692       0x2d /home/odemki/Programs/programs/STM32IDE/1/en.en-st-stm32cubeide_1-5-0_8698_20201117_1050_amd64_sh/makeself_dir_5QpOGP/y/plugins/com.st.stm32cube.ide.mcu.externaltools.gnu-tools-for-stm32.9-2020-q2-update.linux64_2.0.0.202105311346/tools/bin/../lib/gcc/arm-none-eabi/9.3.1/../../../../arm-none-eabi/lib/thumb/v7-m/nofp/libc_nano.a(lib_a-memcpy-stub.o)
 .ARM.attributes
                0x00000000000006bf       0x2d /home/odemki/Programs/programs/STM32IDE/1/en.en-st-stm32cubeide_1-5-0_8698_20201117_1050_amd64_sh/makeself_dir_5QpOGP/y/plugins/com.st.stm32cube.ide.mcu.externaltools.gnu-tools-for-stm32.9-2020-q2-update.linux64_2.0.0.202105311346/tools/bin/../lib/gcc/arm-none-eabi/9.3.1/../../../../arm-none-eabi/lib/thumb/v7-m/nofp/libc_nano.a(lib_a-memset.o)
 .ARM.attributes
                0x00000000000006ec       0x2d /home/odemki/Programs/programs/STM32IDE/1/en.en-st-stm32cubeide_1-5-0_8698_20201117_1050_amd64_sh/makeself_dir_5QpOGP/y/plugins/com.st.stm32cube.ide.mcu.externaltools.gnu-tools-for-stm32.9-2020-q2-update.linux64_2.0.0.202105311346/tools/bin/../lib/gcc/arm-none-eabi/9.3.1/../../../../arm-none-eabi/lib/thumb/v7-m/nofp/libc_nano.a(lib_a-sprintf.o)
 .ARM.attributes
                0x0000000000000719       0x1b /home/odemki/Programs/programs/STM32IDE/1/en.en-st-stm32cubeide_1-5-0_8698_20201117_1050_amd64_sh/makeself_dir_5QpOGP/y/plugins/com.st.stm32cube.ide.mcu.externaltools.gnu-tools-for-stm32.9-2020-q2-update.linux64_2.0.0.202105311346/tools/bin/../lib/gcc/arm-none-eabi/9.3.1/../../../../arm-none-eabi/lib/thumb/v7-m/nofp/libc_nano.a(lib_a-strcmp.o)
 .ARM.attributes
                0x0000000000000734       0x17 /home/odemki/Programs/programs/STM32IDE/1/en.en-st-stm32cubeide_1-5-0_8698_20201117_1050_amd64_sh/makeself_dir_5QpOGP/y/plugins/com.st.stm32cube.ide.mcu.externaltools.gnu-tools-for-stm32.9-2020-q2-update.linux64_2.0.0.202105311346/tools/bin/../lib/gcc/arm-none-eabi/9.3.1/../../../../arm-none-eabi/lib/thumb/v7-m/nofp/libc_nano.a(lib_a-strlen.o)
 .ARM.attributes
                0x000000000000074b       0x2d /home/odemki/Programs/programs/STM32IDE/1/en.en-st-stm32cubeide_1-5-0_8698_20201117_1050_amd64_sh/makeself_dir_5QpOGP/y/plugins/com.st.stm32cube.ide.mcu.externaltools.gnu-tools-for-stm32.9-2020-q2-update.linux64_2.0.0.202105311346/tools/bin/../lib/gcc/arm-none-eabi/9.3.1/../../../../arm-none-eabi/lib/thumb/v7-m/nofp/libc_nano.a(lib_a-nano-svfprintf.o)
 .ARM.attributes
                0x0000000000000778       0x2d /home/odemki/Programs/programs/STM32IDE/1/en.en-st-stm32cubeide_1-5-0_8698_20201117_1050_amd64_sh/makeself_dir_5QpOGP/y/plugins/com.st.stm32cube.ide.mcu.externaltools.gnu-tools-for-stm32.9-2020-q2-update.linux64_2.0.0.202105311346/tools/bin/../lib/gcc/arm-none-eabi/9.3.1/../../../../arm-none-eabi/lib/thumb/v7-m/nofp/libc_nano.a(lib_a-nano-vfprintf_i.o)
 .ARM.attributes
                0x00000000000007a5       0x2d /home/odemki/Programs/programs/STM32IDE/1/en.en-st-stm32cubeide_1-5-0_8698_20201117_1050_amd64_sh/makeself_dir_5QpOGP/y/plugins/com.st.stm32cube.ide.mcu.externaltools.gnu-tools-for-stm32.9-2020-q2-update.linux64_2.0.0.202105311346/tools/bin/../lib/gcc/arm-none-eabi/9.3.1/../../../../arm-none-eabi/lib/thumb/v7-m/nofp/libc_nano.a(lib_a-memchr-stub.o)
 .ARM.attributes
                0x00000000000007d2       0x2d /home/odemki/Programs/programs/STM32IDE/1/en.en-st-stm32cubeide_1-5-0_8698_20201117_1050_amd64_sh/makeself_dir_5QpOGP/y/plugins/com.st.stm32cube.ide.mcu.externaltools.gnu-tools-for-stm32.9-2020-q2-update.linux64_2.0.0.202105311346/tools/bin/../lib/gcc/arm-none-eabi/9.3.1/../../../../arm-none-eabi/lib/thumb/v7-m/nofp/libc_nano.a(lib_a-memmove.o)
 .ARM.attributes
                0x00000000000007ff       0x2d /home/odemki/Programs/programs/STM32IDE/1/en.en-st-stm32cubeide_1-5-0_8698_20201117_1050_amd64_sh/makeself_dir_5QpOGP/y/plugins/com.st.stm32cube.ide.mcu.externaltools.gnu-tools-for-stm32.9-2020-q2-update.linux64_2.0.0.202105311346/tools/bin/../lib/gcc/arm-none-eabi/9.3.1/../../../../arm-none-eabi/lib/thumb/v7-m/nofp/libc_nano.a(lib_a-nano-freer.o)
 .ARM.attributes
                0x000000000000082c       0x2d /home/odemki/Programs/programs/STM32IDE/1/en.en-st-stm32cubeide_1-5-0_8698_20201117_1050_amd64_sh/makeself_dir_5QpOGP/y/plugins/com.st.stm32cube.ide.mcu.externaltools.gnu-tools-for-stm32.9-2020-q2-update.linux64_2.0.0.202105311346/tools/bin/../lib/gcc/arm-none-eabi/9.3.1/../../../../arm-none-eabi/lib/thumb/v7-m/nofp/libc_nano.a(lib_a-nano-mallocr.o)
 .ARM.attributes