main.c:193:8:user_i2c_read	24	static
main.c:201:6:user_delay_ms	16	static
main.c:206:8:user_i2c_write	32	static
main.c:230:6:delay_us	24	static
main.c:289:5:main	8	static
main.c:419:6:SystemClock_Config	88	static
main.c:464:13:MX_I2C3_Init	8	static
main.c:498:13:MX_RTC_Init	72	static
main.c:578:13:MX_SPI1_Init	8	static
main.c:616:13:MX_TIM1_Init	32	static
main.c:662:13:MX_TIM2_Init	32	static
main.c:707:13:MX_TIM3_Init	32	static
main.c:752:13:MX_TIM10_Init	8	static
main.c:783:13:MX_GPIO_Init	56	static
main.c:915:6:StartDefaultTask	16	static
main.c:936:6:Start_Blue_LED_Blink	1136	static
main.c:1031:6:Start_Show_Resources	1176	static
main.c:1102:6:Start_UART_Task	1048	static
main.c:1131:6:Start_bme280	1152	static
main.c:1237:6:Start_AM2302	1128	static
main.c:1392:6:Start_SD_CARD	32	static
main.c:1440:6:HAL_TIM_PeriodElapsedCallback	16	static
main.c:1490:6:Error_Handler	4	static,ignoring_inline_asm
