main.c:191:8:user_i2c_read	24	static
main.c:199:6:user_delay_ms	16	static
main.c:204:8:user_i2c_write	32	static
main.c:228:6:delay_us	24	static
main.c:286:5:main	8	static
main.c:409:6:SystemClock_Config	88	static
main.c:453:13:MX_I2C3_Init	8	static
main.c:487:13:MX_SPI1_Init	8	static
main.c:525:13:MX_TIM1_Init	32	static
main.c:571:13:MX_TIM2_Init	32	static
main.c:616:13:MX_TIM3_Init	32	static
main.c:661:13:MX_TIM10_Init	8	static
main.c:692:13:MX_GPIO_Init	56	static
main.c:824:6:StartDefaultTask	16	static
main.c:845:6:Start_Blue_LED_Blink	16	static
main.c:868:6:Start_Show_Resources	1176	static
main.c:939:6:Start_UART_Task	1048	static
main.c:968:6:Start_bme280	1152	static
main.c:1074:6:Start_AM2302	1128	static
main.c:1229:6:Start_SD_CARD	32	static
main.c:1277:6:HAL_TIM_PeriodElapsedCallback	16	static
main.c:1327:6:Error_Handler	4	static,ignoring_inline_asm
